00:00 +0: loading C:/MixVy/test/after_dark_test.dart
00:00 +0: C:/MixVy/test/after_dark_test.dart: (setUpAll)
00:00 +0: C:/MixVy/test/after_dark_test.dart: AfterDarkAgeGateScreen renders title and input
00:01 +1: C:/MixVy/test/app_integration_test.dart: Onboarding renders and advances pages
00:01 +2: C:/MixVy/test/after_dark_test.dart: AfterDarkAgeGateScreen shows error for invalid date format
00:01 +3: C:/MixVy/test/app_patrol_test.dart: Patrol test skipped unless RUN_INTEGRATION_TESTS=true
00:02 +4: C:/MixVy/test/after_dark_test.dart: AfterDarkAgeGateScreen shows under-18 error for young DOB
00:02 +5: C:/MixVy/test/after_dark_test.dart: AfterDarkAgeGateScreen shows consent error when checkbox not ticked
00:02 +6: C:/MixVy/test/after_dark_test.dart: AfterDarkAgeGateScreen valid adult + consent navigates to pin-setup
00:02 +7: C:/MixVy/test/after_dark_test.dart: AfterDarkAgeGateScreen valid adult + consent navigates to pin-setup
00:02 +8: C:/MixVy/test/app_router_redirect_test.dart: evaluateAppRedirect routes signed-out users to auth route
00:02 +9: C:/MixVy/test/app_router_redirect_test.dart: evaluateAppRedirect routes signed-out users to auth route
00:02 +10: C:/MixVy/test/app_router_redirect_test.dart: evaluateAppRedirect routes signed-out users to auth route
00:02 +11: C:/MixVy/test/app_router_redirect_test.dart: evaluateAppRedirect routes signed-out users to auth route
00:02 +11 -1: C:/MixVy/test/after_dark_test.dart: AfterDarkPinScreen setup mode renders create PIN title
00:02 +11 -1: C:/MixVy/test/app_router_redirect_test.dart: evaluateAppRedirect routes signed-out users to auth route [E]
  Expected: '/auth'
    Actual: <null>
     Which: not an <Instance of 'String'>
  
  package:matcher                                     expect
  package:flutter_test/src/widget_tester.dart 473:18  expect
  test\app_router_redirect_test.dart 27:7             main.<fn>.<fn>
  
00:02 +12 -1: C:/MixVy/test/after_dark_test.dart: AfterDarkPinScreen setup mode renders create PIN title
00:02 +13 -1: C:/MixVy/test/after_dark_test.dart: AfterDarkPinScreen setup mode renders create PIN title
00:02 +14 -1: C:/MixVy/test/after_dark_test.dart: AfterDarkPinScreen setup mode renders create PIN title
00:02 +14 -2: C:/MixVy/test/after_dark_test.dart: AfterDarkPinScreen setup mode renders create PIN title
00:02 +14 -2: C:/MixVy/test/app_router_redirect_test.dart: evaluateAppRedirect routes signed-out users away from onboarding route [E]
  Expected: '/auth'
    Actual: <null>
     Which: not an <Instance of 'String'>
  
  package:matcher                                     expect
  package:flutter_test/src/widget_tester.dart 473:18  expect
  test\app_router_redirect_test.dart 75:7             main.<fn>.<fn>
  
00:02 +15 -2: C:/MixVy/test/after_dark_test.dart: AfterDarkPinScreen setup mode renders create PIN title
00:02 +16 -2: C:/MixVy/test/after_dark_test.dart: AfterDarkPinScreen setup mode renders create PIN title
00:02 +17 -2: C:/MixVy/test/after_dark_test.dart: AfterDarkPinScreen setup mode entering 4 digits advances to confirm step
00:02 +18 -2: C:/MixVy/test/app_settings_controller_test.dart: AppSettingsController loads defaults when no preferences are stored
00:02 +19 -2: C:/MixVy/test/after_dark_test.dart: AfterDarkPinScreen setup mode mismatch PIN shows error and resets
00:02 +20 -2: C:/MixVy/test/after_dark_test.dart: AfterDarkPinScreen setup mode mismatch PIN shows error and resets
00:02 +21 -2: C:/MixVy/test/after_dark_test.dart: AfterDarkPinScreen setup mode mismatch PIN shows error and resets
00:02 +22 -2: C:/MixVy/test/after_dark_test.dart: AfterDarkPinScreen unlock mode renders enter PIN title
00:03 +23 -2: C:/MixVy/test/after_dark_test.dart: AfterDarkPinScreen unlock mode delete button (backspace icon) is present
00:03 +24 -2: C:/MixVy/test/after_dark_test.dart: AfterDarkPinScreen unlock mode entering a digit keeps title as Enter PIN before 4 digits
00:03 +25 -2: C:/MixVy/test/after_dark_test.dart: AfterDarkShell redirects to unlock when session is inactive
00:03 +26 -2: C:/MixVy/test/after_dark_test.dart: AfterDarkShell renders content when session is active
00:03 +27 -2: C:/MixVy/test/app_shell_navigation_test.dart: AppShell renders simplified shell with bottom nav
00:03 +28 -2: C:/MixVy/test/app_shell_navigation_test.dart: AppShell renders simplified shell with bottom nav
00:03 +29 -2: C:/MixVy/test/app_shell_navigation_test.dart: AppShell renders simplified shell with bottom nav
00:03 +30 -2: C:/MixVy/test/app_shell_navigation_test.dart: AppShell renders simplified shell with bottom nav
00:03 +31 -2: C:/MixVy/test/app_shell_navigation_test.dart: AppShell renders simplified shell with bottom nav
00:03 +32 -2: C:/MixVy/test/app_shell_navigation_test.dart: AppShell renders simplified shell with bottom nav
00:03 +33 -2: C:/MixVy/test/app_shell_navigation_test.dart: AppShell renders simplified shell with bottom nav
00:03 +34 -2: C:/MixVy/test/app_shell_navigation_test.dart: AppShell renders simplified shell with bottom nav
00:03 +35 -2: C:/MixVy/test/app_shell_navigation_test.dart: AppShell renders simplified shell with bottom nav
00:03 +36 -2: C:/MixVy/test/app_shell_navigation_test.dart: AppShell renders simplified shell with bottom nav
00:03 +37 -2: C:/MixVy/test/app_shell_navigation_test.dart: AppShell renders simplified shell with bottom nav
00:04 +37 -2: C:/MixVy/test/app_telemetry_test.dart: tracks listener counts, mismatch flags, and room health
[MixVy][INFO] [2026-05-06T21:47:59.698771] [FIRESTORE LISTENER_START] Firestore listener attached. userId=user-1 roomId=room-a result=1 key=participants/room-a query=rooms/room-a/participants
[MixVy][INFO] [2026-05-06T21:47:59.712074] [FIRESTORE LISTENER_START] Firestore listener attached. userId=user-1 roomId=room-a result=2 key=participants/room-a query=rooms/room-a/participants
[MixVy][ERROR] [2026-05-06T21:47:59.717497] [ROOM HEALTH_STATUS_CHANGED] Room health changed to critical. userId=user-1 roomId=room-a result=critical score=0 suppressedAlertCount=0 warningAlertCount=2 criticalAlertCount=3
[MixVy][ERROR] [2026-05-06T21:47:59.725036] [ROOM HEALTH_ALERT] Presence and room authority are drifting out of sync. userId=user-1 roomId=room-a result=critical alertCode=ghost_leave_risk score=0
[MixVy][ERROR] [2026-05-06T21:47:59.726541] [ROOM HEALTH_ALERT] Local media UI is out of sync with room authority. userId=user-1 roomId=room-a result=critical alertCode=mic_desync score=0
[MixVy][ERROR] [2026-05-06T21:47:59.727300] [ROOM HEALTH_ALERT] More than one user is claiming host authority. userId=user-1 roomId=room-a result=critical alertCode=host_split_brain score=0
[MixVy][WARN] [2026-05-06T21:47:59.727300] [ROOM HEALTH_ALERT] One or more participants missed the heartbeat window. userId=user-1 roomId=room-a result=warning alertCode=stale_presence score=0
[MixVy][WARN] [2026-05-06T21:47:59.728052] [ROOM CAMERA_MISMATCH] UI reports camera on while Firestore participant state is off. userId=user-1 roomId=room-a result=mismatch
[MixVy][WARN] [2026-05-06T21:47:59.728801] [ROOM MIC_STATE_MISMATCH] UI mic state drifted from the room authority state. userId=user-1 roomId=room-a result=warning
[MixVy][ERROR] [2026-05-06T21:47:59.728801] [PRESENCE PRESENCE_MISMATCH] Joined room state conflicts with presence document. userId=user-1 roomId=room-a result=critical presenceStatus=null inRoom=null
[MixVy][ERROR] [2026-05-06T21:47:59.729551] [ROOM MULTIPLE_HOSTS_DETECTED] Multiple host claims were detected for the active room. userId=user-1 roomId=room-a result=critical
[MixVy][WARN] [2026-05-06T21:47:59.730299] [PRESENCE STALE_PARTICIPANTS_DETECTED] One or more room participants missed heartbeat threshold. userId=user-1 roomId=room-a result=stale staleParticipantIds=[ghost-user]
[MixVy][INFO] [2026-05-06T21:47:59.738476] [FIRESTORE LISTENER_STOP] Firestore listener detached. userId=user-1 roomId=room-a result=1 key=participants/room-a query=rooms/room-a/participants
[MixVy][INFO] [2026-05-06T21:47:59.739227] [FIRESTORE LISTENER_STOP] Firestore listener detached. userId=user-1 roomId=room-a result=0 key=participants/room-a query=rooms/room-a/participants
00:04 +38 -2: C:/MixVy/test/app_shell_navigation_test.dart: AppShell renders simplified shell with bottom nav
00:04 +38 -2: C:/MixVy/test/app_telemetry_test.dart: detects duplicate joins and reconnect thrash from telemetry events
[MixVy][INFO] [2026-05-06T21:47:59.752574] [ROOM JOIN] Attempting room join. userId=user-1 roomId=room-a result=start
[MixVy][INFO] [2026-05-06T21:47:59.754069] [ROOM JOIN] Attempting room join. userId=user-1 roomId=room-a result=start
[MixVy][INFO] [2026-05-06T21:47:59.754824] [ROOM LIVE_TRACE] connection_lost: reconnect attempt=1 delay=1s userId=user-1 roomId=room-a result=ok
[MixVy][INFO] [2026-05-06T21:47:59.754824] [ROOM LIVE_TRACE] connection_lost: reconnect attempt=2 delay=2s userId=user-1 roomId=room-a result=ok
[MixVy][INFO] [2026-05-06T21:47:59.754824] [ROOM LIVE_TRACE] connection_lost: reconnect attempt=3 delay=3s userId=user-1 roomId=room-a result=ok
00:04 +39 -2: C:/MixVy/test/app_shell_navigation_test.dart: AppShell renders simplified shell with bottom nav
00:04 +39 -2: C:/MixVy/test/app_telemetry_test.dart: suppresses transient drift alerts during reconnect recovery
[MixVy][INFO] [2026-05-06T21:47:59.761246] [ROOM LIVE_TRACE] connection_lost: reconnect attempt=1 delay=1s userId=user-1 roomId=room-a result=ok
[MixVy][WARN] [2026-05-06T21:47:59.762013] [ROOM HEALTH_STATUS_CHANGED] Room health changed to warning. userId=user-1 roomId=room-a result=warning score=94 suppressedAlertCount=2 warningAlertCount=0 criticalAlertCount=0
[MixVy][INFO] [2026-05-06T21:47:59.762758] [ROOM MIC_STATE_MISMATCH_SUPPRESSED] Transient mic drift observed during reconnect recovery window. userId=user-1 roomId=room-a result=suppressed
[MixVy][INFO] [2026-05-06T21:47:59.762758] [PRESENCE PRESENCE_MISMATCH_SUPPRESSED] Transient presence drift observed during reconnect recovery window. userId=user-1 roomId=room-a result=suppressed presenceStatus=null inRoom=null
00:04 +40 -2: C:/MixVy/test/app_shell_navigation_test.dart: AppShell renders simplified shell with bottom nav
00:04 +40 -2: C:/MixVy/test/app_telemetry_test.dart: records room stability history for the session trend
[MixVy][WARN] [2026-05-06T21:47:59.769505] [ROOM HEALTH_STATUS_CHANGED] Room health changed to warning. userId=user-1 roomId=room-a result=warning score=80 suppressedAlertCount=0 warningAlertCount=1 criticalAlertCount=0
[MixVy][WARN] [2026-05-06T21:47:59.770251] [ROOM HEALTH_ALERT] The room is active but has no authoritative host. userId=user-1 roomId=room-a result=warning alertCode=host_missing score=80
[MixVy][WARN] [2026-05-06T21:47:59.770251] [ROOM NO_ACTIVE_HOST] The room is active but no authoritative host is present. userId=user-1 roomId=room-a result=warning
00:04 +41 -2: C:/MixVy/test/app_shell_navigation_test.dart: AppShell renders simplified shell with bottom nav
00:04 +42 -2: C:/MixVy/test/architecture/stream_registry_test.dart: StreamRegistry architecture guardrails firestoreProvider is declared only in core/providers/firebase_providers.dart
00:04 +43 -2: C:/MixVy/test/app_shell_navigation_test.dart: AppShell switches selected tab via bottom nav taps
00:04 +44 -2: C:/MixVy/test/app_shell_navigation_test.dart: AppShell switches selected tab via bottom nav taps
00:04 +45 -2: C:/MixVy/test/architecture/stream_registry_test.dart: StreamRegistry architecture guardrails Widgets and screens do not call FirebaseFirestore.instance directly
00:04 +46 -2: C:/MixVy/test/app_shell_navigation_test.dart: Messenger routes accept concrete conversation URLs
00:04 +47 -2: C:/MixVy/test/architecture/stream_registry_test.dart: StreamRegistry architecture guardrails Each domain stream is declared exactly once
00:04 +47 -2: C:/MixVy/test/auth_controller_test.dart: AuthController login sets user state
[MixVy][INFO] [2026-05-06T21:48:00.591392] [AUTH LOGIN] Email login started. result=start
[MixVy][INFO] [2026-05-06T21:48:00.613232] [FIRESTORE ENSURE_USER_DOCUMENT] Firestore write issued. userId=mock-uid result=write path=users/mock-uid
00:04 +48 -2: C:/MixVy/test/architecture/stream_registry_test.dart: StreamRegistry architecture guardrails Each domain stream is declared exactly once
00:04 +48 -2: C:/MixVy/test/auth_controller_test.dart: AuthController login sets user state
[MixVy][INFO] [2026-05-06T21:48:00.623633] [FIRESTORE ENSURE_USER_DOCUMENT] Firestore write issued. userId=mock-uid result=write path=users/mock-uid
00:04 +48 -2: C:/MixVy/test/auth_controller_test.dart: AuthController logout clears user state
[MixVy][INFO] [2026-05-06T21:48:00.634567] [AUTH LOGIN] Email login started. result=start
[MixVy][INFO] [2026-05-06T21:48:00.635317] [FIRESTORE ENSURE_USER_DOCUMENT] Firestore write issued. userId=mock-uid result=write path=users/mock-uid
[MixVy][INFO] [2026-05-06T21:48:00.636326] [AUTH LOGOUT] Logout cleanup started. userId=mock-uid result=start
00:04 +49 -2: C:/MixVy/test/architecture/stream_registry_test.dart: StreamRegistry architecture guardrails Each domain stream is declared exactly once
00:04 +49 -2: C:/MixVy/test/auth_controller_test.dart: AuthController signup sets user state when username is provided
[MixVy][INFO] [2026-05-06T21:48:00.647020] [AUTH SIGNUP] Email signup started. result=start
[MixVy][INFO] [2026-05-06T21:48:00.647955] [FIRESTORE ENSURE_USER_DOCUMENT] Firestore write issued. userId=mock-uid result=write path=users/mock-uid
00:04 +50 -2: C:/MixVy/test/architecture/stream_registry_test.dart: StreamRegistry architecture guardrails Each domain stream is declared exactly once
00:04 +50 -2: C:/MixVy/test/auth_controller_test.dart: AuthController signup sets user state when username is provided
[MixVy][INFO] [2026-05-06T21:48:00.650976] [FIRESTORE ENSURE_USER_DOCUMENT] Firestore write issued. userId=mock-uid result=write path=users/mock-uid
00:04 +50 -2: C:/MixVy/test/auth_controller_test.dart: AuthController signup persists the chosen username
[MixVy][INFO] [2026-05-06T21:48:00.661764] [AUTH SIGNUP] Email signup started. result=start
[MixVy][INFO] [2026-05-06T21:48:00.663251] [FIRESTORE ENSURE_USER_DOCUMENT] Firestore write issued. userId=mock-uid result=write path=users/mock-uid
00:04 +51 -2: C:/MixVy/test/architecture/stream_registry_test.dart: StreamRegistry architecture guardrails Each domain stream is declared exactly once
00:04 +51 -2: C:/MixVy/test/auth_controller_test.dart: AuthController signup persists the chosen username
[MixVy][INFO] [2026-05-06T21:48:00.671501] [FIRESTORE ENSURE_USER_DOCUMENT] Firestore write issued. userId=mock-uid result=write path=users/mock-uid
00:04 +52 -2: C:/MixVy/test/architecture/stream_registry_test.dart: StreamRegistry architecture guardrails Each domain stream is declared exactly once
00:04 +52 -2: C:/MixVy/test/auth_controller_test.dart: AuthController signup rejects blank usernames
[MixVy][INFO] [2026-05-06T21:48:00.684414] [FIRESTORE ENSURE_USER_DOCUMENT] Firestore write issued. userId=mock-uid result=write path=users/mock-uid
00:05 +53 -2: C:/MixVy/test/architecture/stream_registry_test.dart: StreamRegistry architecture guardrails Each domain stream is declared exactly once
00:05 +54 -2: C:/MixVy/test/architecture/stream_registry_test.dart: StreamRegistry architecture guardrails chat_providers messagetreamProvider delegates through repository, not direct snapshots
00:05 +55 -2: C:/MixVy/test/bookmark_provider_test.dart: (setUpAll)
00:05 +55 -2: C:/MixVy/test/bookmark_provider_test.dart: BookmarkController isBookmarked returns false when no bookmark exists
00:05 +56 -2: C:/MixVy/test/bookmark_provider_test.dart: BookmarkController savePost creates bookmark document
00:05 +57 -2: C:/MixVy/test/bookmark_provider_test.dart: BookmarkController isBookmarked returns true after savePost
00:05 +58 -2: C:/MixVy/test/bookmark_provider_test.dart: BookmarkController removeBookmark deletes the document
00:05 +59 -2: C:/MixVy/test/bookmark_provider_test.dart: BookmarkController bookmarks are user-scoped: user-2 cannot see user-1 bookmark
00:05 +60 -2: C:/MixVy/test/bookmark_provider_test.dart: bookmarkedPostsProvider returns empty list when user has no bookmarks
00:05 +61 -2: C:/MixVy/test/bookmark_provider_test.dart: bookmarkedPostsProvider returns post data for existing bookmarks
00:05 +62 -2: C:/MixVy/test/bookmark_provider_test.dart: bookmarkedPostsProvider skips bookmarks whose post no longer exists
00:05 +63 -2: C:/MixVy/test/bookmark_provider_test.dart: (tearDownAll)
00:05 +63 -2: C:/MixVy/test/cam_view_request_controller_test.dart: CamViewRequestController sendRequest notifies the target and refreshes repeated requests
00:06 +64 -2: C:/MixVy/test/cash_out_service_test.dart: CashOutService requestsForCurrentUser returns empty stream when no user is signed in
00:06 +64 -3: C:/MixVy/test/cash_out_service_test.dart: CashOutService requestsForCurrentUser returns empty stream when no user is signed in [E]
  [core/no-app] No Firebase App '[DEFAULT]' has been created - call Firebase.initializeApp()
  package:firebase_core_platform_interface/src/method_channel/method_channel_firebase.dart 190:5  MethodChannelFirebase.app
  package:firebase_core/src/firebase.dart 92:41                                                   Firebase.app
  package:cloud_functions/src/firebase_functions.dart 37:21                                       FirebaseFunctions.instance
  package:mixvy/services/cash_out_service.dart 20:52                                              new CashOutService
  test\cash_out_service_test.dart 24:10                                                           _buildService
  test\cash_out_service_test.dart 33:25                                                           main.<fn>.<fn>
  
00:06 +64 -3: C:/MixVy/test/cash_out_service_test.dart: CashOutService requestsForCurrentUser returns empty list when user has no requests
00:06 +64 -4: C:/MixVy/test/cash_out_service_test.dart: CashOutService requestsForCurrentUser returns empty list when user has no requests [E]
  [core/no-app] No Firebase App '[DEFAULT]' has been created - call Firebase.initializeApp()
  package:firebase_core_platform_interface/src/method_channel/method_channel_firebase.dart 190:5  MethodChannelFirebase.app
  package:firebase_core/src/firebase.dart 92:41                                                   Firebase.app
  package:cloud_functions/src/firebase_functions.dart 37:21                                       FirebaseFunctions.instance
  package:mixvy/services/cash_out_service.dart 20:52                                              new CashOutService
  test\cash_out_service_test.dart 24:10                                                           _buildService
  test\cash_out_service_test.dart 43:25                                                           main.<fn>.<fn>
  
00:06 +64 -4: C:/MixVy/test/cash_out_service_test.dart: CashOutService requestsForCurrentUser returns only the current user's requests
00:06 +64 -5: C:/MixVy/test/cash_out_service_test.dart: CashOutService requestsForCurrentUser returns only the current user's requests [E]
  [core/no-app] No Firebase App '[DEFAULT]' has been created - call Firebase.initializeApp()
  package:firebase_core_platform_interface/src/method_channel/method_channel_firebase.dart 190:5  MethodChannelFirebase.app
  package:firebase_core/src/firebase.dart 92:41                                                   Firebase.app
  package:cloud_functions/src/firebase_functions.dart 37:21                                       FirebaseFunctions.instance
  package:mixvy/services/cash_out_service.dart 20:52                                              new CashOutService
  test\cash_out_service_test.dart 24:10                                                           _buildService
  test\cash_out_service_test.dart 66:25                                                           main.<fn>.<fn>
  
00:06 +64 -5: C:/MixVy/test/cash_out_service_test.dart: CashOutService requestCashOut throws when user is not signed in
00:06 +64 -6: C:/MixVy/test/cash_out_service_test.dart: CashOutService requestCashOut throws when user is not signed in [E]
  [core/no-app] No Firebase App '[DEFAULT]' has been created - call Firebase.initializeApp()
  package:firebase_core_platform_interface/src/method_channel/method_channel_firebase.dart 190:5  MethodChannelFirebase.app
  package:firebase_core/src/firebase.dart 92:41                                                   Firebase.app
  package:cloud_functions/src/firebase_functions.dart 37:21                                       FirebaseFunctions.instance
  package:mixvy/services/cash_out_service.dart 20:52                                              new CashOutService
  test\cash_out_service_test.dart 24:10                                                           _buildService
  test\cash_out_service_test.dart 75:23                                                           main.<fn>.<fn>
  
00:06 +64 -6: C:/MixVy/test/cash_out_service_test.dart: CashOutService requestCashOut throws when amount is below minimum payout threshold
00:06 +64 -7: C:/MixVy/test/cash_out_service_test.dart: CashOutService requestCashOut throws when amount is below minimum payout threshold [E]
  [core/no-app] No Firebase App '[DEFAULT]' has been created - call Firebase.initializeApp()
  package:firebase_core_platform_interface/src/method_channel/method_channel_firebase.dart 190:5  MethodChannelFirebase.app
  package:firebase_core/src/firebase.dart 92:41                                                   Firebase.app
  package:cloud_functions/src/firebase_functions.dart 37:21                                       FirebaseFunctions.instance
  package:mixvy/services/cash_out_service.dart 20:52                                              new CashOutService
  test\cash_out_service_test.dart 24:10                                                           _buildService
  test\cash_out_service_test.dart 87:25                                                           main.<fn>.<fn>
  
00:06 +64 -7: C:/MixVy/test/cash_out_service_test.dart: CashOutService requestCashOut throws when requested amount exceeds available balance
00:06 +64 -8: C:/MixVy/test/cash_out_service_test.dart: CashOutService requestCashOut throws when requested amount exceeds available balance [E]
  [core/no-app] No Firebase App '[DEFAULT]' has been created - call Firebase.initializeApp()
  package:firebase_core_platform_interface/src/method_channel/method_channel_firebase.dart 190:5  MethodChannelFirebase.app
  package:firebase_core/src/firebase.dart 92:41                                                   Firebase.app
  package:cloud_functions/src/firebase_functions.dart 37:21                                       FirebaseFunctions.instance
  package:mixvy/services/cash_out_service.dart 20:52                                              new CashOutService
  test\cash_out_service_test.dart 24:10                                                           _buildService
  test\cash_out_service_test.dart 109:25                                                          main.<fn>.<fn>
  
00:06 +64 -8: C:/MixVy/test/cash_out_service_test.dart: CashOutService requestCashOut saves a pending request when conditions are met
00:06 +64 -9: C:/MixVy/test/cash_out_service_test.dart: CashOutService requestCashOut saves a pending request when conditions are met [E]
  [core/no-app] No Firebase App '[DEFAULT]' has been created - call Firebase.initializeApp()
  package:firebase_core_platform_interface/src/method_channel/method_channel_firebase.dart 190:5  MethodChannelFirebase.app
  package:firebase_core/src/firebase.dart 92:41                                                   Firebase.app
  package:cloud_functions/src/firebase_functions.dart 37:21                                       FirebaseFunctions.instance
  package:mixvy/services/cash_out_service.dart 20:52                                              new CashOutService
  test\cash_out_service_test.dart 24:10                                                           _buildService
  test\cash_out_service_test.dart 130:25                                                          main.<fn>.<fn>
  
00:06 +64 -9: C:/MixVy/test/cash_out_service_test.dart: CashOutService requestCashOut accounts for pending requests when checking available balance
00:06 +64 -10: C:/MixVy/test/cash_out_service_test.dart: CashOutService requestCashOut accounts for pending requests when checking available balance [E]
  [core/no-app] No Firebase App '[DEFAULT]' has been created - call Firebase.initializeApp()
  package:firebase_core_platform_interface/src/method_channel/method_channel_firebase.dart 190:5  MethodChannelFirebase.app
  package:firebase_core/src/firebase.dart 92:41                                                   Firebase.app
  package:cloud_functions/src/firebase_functions.dart 37:21                                       FirebaseFunctions.instance
  package:mixvy/services/cash_out_service.dart 20:52                                              new CashOutService
  test\cash_out_service_test.dart 24:10                                                           _buildService
  test\cash_out_service_test.dart 156:25                                                          main.<fn>.<fn>
  
00:06 +64 -10: C:/MixVy/test/chat_pane_view_test.dart: (setUpAll)
00:06 +64 -10: C:/MixVy/test/chat_pane_view_test.dart: ChatPaneView renders sent message immediately before backend write finishes
00:07 +64 -10: C:/MixVy/test/core/logger_repeated_error_test.dart: Logger repeated-error escalation escalates once when the same error repeats five times in window
[MixVy][ERROR] Room stream failure | Bad state: stream closed
[MixVy][ERROR] Room stream failure | Bad state: stream closed
[MixVy][ERROR] Room stream failure | Bad state: stream closed
[MixVy][ERROR] Room stream failure | Bad state: stream closed
[MixVy][ERROR] Room stream failure | Bad state: stream closed
[MixVy][FATAL] Repeated error escalation: 5 hits in 10m | Bad state: stream closed
00:07 +65 -10: C:/MixVy/test/chat_pane_view_test.dart: ChatPaneView renders sent message immediately before backend write finishes
00:07 +65 -10: C:/MixVy/test/core/logger_repeated_error_test.dart: Logger repeated-error escalation does not escalate repeatedly for the same burst window
[MixVy][ERROR] Room stream failure | Bad state: stream closed
[MixVy][ERROR] Room stream failure | Bad state: stream closed
[MixVy][ERROR] Room stream failure | Bad state: stream closed
[MixVy][ERROR] Room stream failure | Bad state: stream closed
[MixVy][ERROR] Room stream failure | Bad state: stream closed
[MixVy][FATAL] Repeated error escalation: 5 hits in 10m | Bad state: stream closed
[MixVy][ERROR] Room stream failure | Bad state: stream closed
[MixVy][ERROR] Room stream failure | Bad state: stream closed
[MixVy][ERROR] Room stream failure | Bad state: stream closed
00:07 +66 -10: C:/MixVy/test/chat_pane_view_test.dart: ChatPaneView renders sent message immediately before backend write finishes
00:07 +67 -10: C:/MixVy/test/chat_pane_view_test.dart: ChatPaneView renders sent message immediately before backend write finishes
00:07 +68 -10: C:/MixVy/test/chat_pane_view_test.dart: ChatPaneView renders sent message immediately before backend write finishes
00:07 +69 -10: C:/MixVy/test/chat_pane_view_test.dart: ChatPaneView renders sent message immediately before backend write finishes
══╡ EXCEPTION CAUGHT BY FLUTTER TEST FRAMEWORK ╞════════════════════════════════════════════════════
The following StateError was thrown running a test:
Bad state: No element

When the exception was thrown, this was the stack:
#0      Iterable.last (dart:core/iterable.dart:679:7)
#1      _LastFinderMixin.filter (package:flutter_test/src/finders.dart:1367:28)
#3      ExpandIterator.moveNext (dart:_internal/iterable.dart:506:21)
#4      SetBase.addAll (dart:collection/set.dart:58:23)
#5      _Set.addAll (dart:_compact_hash:1190:11)
#6      new LinkedHashSet.of (dart:collection/linked_hash_set.dart:193:27)
#7      Iterable.toSet (dart:core/iterable.dart:532:21)
#8      _DescendantFinderMixin.allCandidates (package:flutter_test/src/finders.dart:1739:10)
#9      FinderBase.evaluate (package:flutter_test/src/finders.dart:987:76)
#10     WidgetController.state (package:flutter_test/src/controller.dart:927:31)
#11     WidgetTester.showKeyboard.<anonymous closure> (package:flutter_test/src/widget_tester.dart:1125:42)
#14     TestAsyncUtils.guard (package:flutter_test/src/test_async_utils.dart:74:41)
#15     WidgetTester.showKeyboard (package:flutter_test/src/widget_tester.dart:1124:27)
#16     WidgetTester.enterText.<anonymous closure> (package:flutter_test/src/widget_tester.dart:1160:13)
#19     TestAsyncUtils.guard (package:flutter_test/src/test_async_utils.dart:74:41)
#20     WidgetTester.enterText (package:flutter_test/src/widget_tester.dart:1159:27)
#21     main.<anonymous closure>.<anonymous closure> (file:///C:/MixVy/test/chat_pane_view_test.dart:158:22)
<asynchronous suspension>
#22     testWidgets.<anonymous closure>.<anonymous closure> (package:flutter_test/src/widget_tester.dart:192:15)
<asynchronous suspension>
#23     TestWidgetsFlutterBinding._runTestBody (package:flutter_test/src/binding.dart:1682:5)
<asynchronous suspension>
<asynchronous suspension>
(elided 6 frames from dart:async, dart:async-patch, and package:stack_trace)

The test description was:
  renders sent message immediately before backend write finishes
════════════════════════════════════════════════════════════════════════════════════════════════════
00:07 +69 -11: C:/MixVy/test/discovery_feed_screen_test.dart: DiscoveryFeedContent -- promo banner shows banner when VIP entitlement is inactive
00:07 +69 -11: C:/MixVy/test/chat_pane_view_test.dart: ChatPaneView renders sent message immediately before backend write finishes [E]
  Test failed. See exception logs above.
  The test description was: renders sent message immediately before backend write finishes
  
00:08 +69 -11: C:/MixVy/test/chat_pane_view_test.dart: ChatPaneView marks unread conversation as read when opened
[MixVy][INFO] [2026-05-06T21:48:03.742983] [MESSAGING CHAT_SESSION_DURATION] User left the chat pane. userId=user-1 conversationId=conv-1 durationSeconds=0
══╡ EXCEPTION CAUGHT BY FLUTTER TEST FRAMEWORK ╞════════════════════════════════════════════════════
The following assertion was thrown running a test:
A StreamLifecycleManager was used after being disposed.
Once you have called dispose() on a StreamLifecycleManager, it can no longer be used.

When the exception was thrown, this was the stack:
#0      ChangeNotifier.debugAssertNotDisposed.<anonymous closure> (package:flutter/src/foundation/change_notifier.dart:182:9)
#1      ChangeNotifier.debugAssertNotDisposed (package:flutter/src/foundation/change_notifier.dart:189:6)
#2      ChangeNotifier.dispose (package:flutter/src/foundation/change_notifier.dart:374:27)
#3      runGuarded (package:riverpod/src/run_guarded.dart:9:7)
#4      ChangeNotifierProviderElement.runOnDispose (package:flutter_riverpod/src/change_notifier_provider/base.dart:223:7)
#5      ProviderElementBase.dispose (package:riverpod/src/framework/element.dart:868:5)
#6      ProviderContainer.dispose (package:riverpod/src/framework/container.dart:624:15)
#7      ProviderScopeState.dispose (package:flutter_riverpod/src/framework.dart:258:15)
#8      StatefulElement.unmount (package:flutter/src/widgets/framework.dart:6030:11)
#9      _InactiveElements._unmount (package:flutter/src/widgets/framework.dart:2117:13)
#10     ListIterable.forEach (dart:_internal/iterable.dart:49:13)
#11     _InactiveElements._unmountAll (package:flutter/src/widgets/framework.dart:2126:25)
#12     BuildOwner.lockState (package:flutter/src/widgets/framework.dart:3020:15)
#13     BuildOwner.finalizeTree (package:flutter/src/widgets/framework.dart:3344:7)
#14     AutomatedTestWidgetsFlutterBinding.drawFrame (package:flutter_test/src/binding.dart:2153:19)
#15     RendererBinding._handlePersistentFrameCallback (package:flutter/src/rendering/binding.dart:495:5)
#16     SchedulerBinding._invokeFrameCallback (package:flutter/src/scheduler/binding.dart:1430:15)
#17     SchedulerBinding.handleDrawFrame (package:flutter/src/scheduler/binding.dart:1345:9)
#18     AutomatedTestWidgetsFlutterBinding.scheduleWarmUpFrame (package:flutter_test/src/binding.dart:2057:5)
#19     _runWidget (package:flutter/src/widgets/binding.dart:1683:7)
#20     runApp (package:flutter/src/widgets/binding.dart:1616:3)
#21     TestWidgetsFlutterBinding._runTestBody (package:flutter_test/src/binding.dart:1670:5)
#24     TestWidgetsFlutterBinding._runTest (package:flutter_test/src/binding.dart:1656:10)
#25     AutomatedTestWidgetsFlutterBinding.runTest.<anonymous closure> (package:flutter_test/src/binding.dart:2189:24)
#26     FakeAsync.run.<anonymous closure>.<anonymous closure> (package:fake_async/fake_async.dart:182:47)
#31     withClock (package:clock/src/default.dart:52:10)
#32     FakeAsync.run.<anonymous closure> (package:fake_async/fake_async.dart:182:15)
#37     FakeAsync.run (package:fake_async/fake_async.dart:181:52)
#38     AutomatedTestWidgetsFlutterBinding.runTest (package:flutter_test/src/binding.dart:2186:15)
#39     testWidgets.<anonymous closure> (package:flutter_test/src/widget_tester.dart:184:24)
#40     Declarer.test.<anonymous closure>.<anonymous closure> (package:test_api/src/backend/declarer.dart:253:25)
<asynchronous suspension>
#41     Declarer.test.<anonymous closure> (package:test_api/src/backend/declarer.dart:250:11)
<asynchronous suspension>
#42     Invoker._waitForOutstandingCallbacks.<anonymous closure> (package:test_api/src/backend/invoker.dart:318:9)
<asynchronous suspension>
(elided 10 frames from dart:async)

The test description was:
  marks unread conversation as read when opened
════════════════════════════════════════════════════════════════════════════════════════════════════
00:08 +69 -12: C:/MixVy/test/discovery_feed_screen_test.dart: DiscoveryFeedContent -- promo banner shows banner when VIP entitlement is inactive
00:08 +69 -12: C:/MixVy/test/chat_pane_view_test.dart: ChatPaneView marks unread conversation as read when opened [E]
  Test failed. See exception logs above.
  The test description was: marks unread conversation as read when opened
  
[MixVy][INFO] [2026-05-06T21:48:04.073749] [MESSAGING CHAT_SESSION_DURATION] User left the chat pane. userId=user-1 conversationId=conv-1 durationSeconds=0
══╡ EXCEPTION CAUGHT BY FLUTTER TEST FRAMEWORK ╞════════════════════════════════════════════════════
The following assertion was thrown running a test (but after the test had completed):
A StreamLifecycleManager was used after being disposed.
Once you have called dispose() on a StreamLifecycleManager, it can no longer be used.

When the exception was thrown, this was the stack:
#0      ChangeNotifier.debugAssertNotDisposed.<anonymous closure> (package:flutter/src/foundation/change_notifier.dart:182:9)
#1      ChangeNotifier.debugAssertNotDisposed (package:flutter/src/foundation/change_notifier.dart:189:6)
#2      ChangeNotifier.dispose (package:flutter/src/foundation/change_notifier.dart:374:27)
#3      runGuarded (package:riverpod/src/run_guarded.dart:9:7)
#4      List.forEach (dart:core-patch/growable_array.dart:428:8)
#5      ProviderElementBase.runOnDispose (package:riverpod/src/framework/element.dart:932:26)
#6      ChangeNotifierProviderElement.runOnDispose (package:flutter_riverpod/src/change_notifier_provider/base.dart:215:11)
#7      ProviderElementBase.dispose (package:riverpod/src/framework/element.dart:868:5)
#8      ProviderContainer.dispose (package:riverpod/src/framework/container.dart:624:15)
#9      ProviderScopeState.dispose (package:flutter_riverpod/src/framework.dart:258:15)
#10     StatefulElement.unmount (package:flutter/src/widgets/framework.dart:6030:11)
#11     _InactiveElements._unmount (package:flutter/src/widgets/framework.dart:2117:13)
#12     ListIterable.forEach (dart:_internal/iterable.dart:49:13)
#13     _InactiveElements._unmountAll (package:flutter/src/widgets/framework.dart:2126:25)
#14     BuildOwner.lockState (package:flutter/src/widgets/framework.dart:3020:15)
#15     BuildOwner.finalizeTree (package:flutter/src/widgets/framework.dart:3344:7)
#16     AutomatedTestWidgetsFlutterBinding.drawFrame (package:flutter_test/src/binding.dart:2153:19)
#17     RendererBinding._handlePersistentFrameCallback (package:flutter/src/rendering/binding.dart:495:5)
#18     SchedulerBinding._invokeFrameCallback (package:flutter/src/scheduler/binding.dart:1430:15)
#19     SchedulerBinding.handleDrawFrame (package:flutter/src/scheduler/binding.dart:1345:9)
#20     AutomatedTestWidgetsFlutterBinding.pump.<anonymous closure> (package:flutter_test/src/binding.dart:1960:9)
#23     TestAsyncUtils.guard (package:flutter_test/src/test_async_utils.dart:74:41)
#24     AutomatedTestWidgetsFlutterBinding.pump (package:flutter_test/src/binding.dart:1949:27)
#25     WidgetTester.pumpWidget.<anonymous closure> (package:flutter_test/src/widget_tester.dart:598:22)
#28     TestAsyncUtils.guard (package:flutter_test/src/test_async_utils.dart:74:41)
#29     WidgetTester.pumpWidget (package:flutter_test/src/widget_tester.dart:595:27)
#30     main.<anonymous closure>.<anonymous closure> (file:///C:/MixVy/test/chat_pane_view_test.dart:227:20)
<asynchronous suspension>
#31     testWidgets.<anonymous closure>.<anonymous closure> (package:flutter_test/src/widget_tester.dart:192:15)
<asynchronous suspension>
#32     TestWidgetsFlutterBinding._runTestBody (package:flutter_test/src/binding.dart:1682:5)
<asynchronous suspension>
<asynchronous suspension>
(elided 5 frames from dart:async and package:stack_trace)
════════════════════════════════════════════════════════════════════════════════════════════════════
  Test failed. See exception logs above.
  The test description was: marks unread conversation as read when opened
  
══╡ EXCEPTION CAUGHT BY FLUTTER TEST FRAMEWORK ╞════════════════════════════════════════════════════
The following assertion was thrown running a test (but after the test had completed):
A StreamLifecycleManager was used after being disposed.
Once you have called dispose() on a StreamLifecycleManager, it can no longer be used.

When the exception was thrown, this was the stack:
#0      ChangeNotifier.debugAssertNotDisposed.<anonymous closure> (package:flutter/src/foundation/change_notifier.dart:182:9)
#1      ChangeNotifier.debugAssertNotDisposed (package:flutter/src/foundation/change_notifier.dart:189:6)
#2      ChangeNotifier.dispose (package:flutter/src/foundation/change_notifier.dart:374:27)
#3      runGuarded (package:riverpod/src/run_guarded.dart:9:7)
#4      ChangeNotifierProviderElement.runOnDispose (package:flutter_riverpod/src/change_notifier_provider/base.dart:223:7)
#5      ProviderElementBase.dispose (package:riverpod/src/framework/element.dart:868:5)
#6      ProviderContainer.dispose (package:riverpod/src/framework/container.dart:624:15)
#7      ProviderScopeState.dispose (package:flutter_riverpod/src/framework.dart:258:15)
#8      StatefulElement.unmount (package:flutter/src/widgets/framework.dart:6030:11)
#9      _InactiveElements._unmount (package:flutter/src/widgets/framework.dart:2117:13)
#10     ListIterable.forEach (dart:_internal/iterable.dart:49:13)
#11     _InactiveElements._unmountAll (package:flutter/src/widgets/framework.dart:2126:25)
#12     BuildOwner.lockState (package:flutter/src/widgets/framework.dart:3020:15)
#13     BuildOwner.finalizeTree (package:flutter/src/widgets/framework.dart:3344:7)
#14     AutomatedTestWidgetsFlutterBinding.drawFrame (package:flutter_test/src/binding.dart:2153:19)
#15     RendererBinding._handlePersistentFrameCallback (package:flutter/src/rendering/binding.dart:495:5)
#16     SchedulerBinding._invokeFrameCallback (package:flutter/src/scheduler/binding.dart:1430:15)
#17     SchedulerBinding.handleDrawFrame (package:flutter/src/scheduler/binding.dart:1345:9)
#18     AutomatedTestWidgetsFlutterBinding.pump.<anonymous closure> (package:flutter_test/src/binding.dart:1960:9)
#21     TestAsyncUtils.guard (package:flutter_test/src/test_async_utils.dart:74:41)
#22     AutomatedTestWidgetsFlutterBinding.pump (package:flutter_test/src/binding.dart:1949:27)
#23     WidgetTester.pumpWidget.<anonymous closure> (package:flutter_test/src/widget_tester.dart:598:22)
#26     TestAsyncUtils.guard (package:flutter_test/src/test_async_utils.dart:74:41)
#27     WidgetTester.pumpWidget (package:flutter_test/src/widget_tester.dart:595:27)
#28     main.<anonymous closure>.<anonymous closure> (file:///C:/MixVy/test/chat_pane_view_test.dart:227:20)
<asynchronous suspension>
#29     testWidgets.<anonymous closure>.<anonymous closure> (package:flutter_test/src/widget_tester.dart:192:15)
<asynchronous suspension>
#30     TestWidgetsFlutterBinding._runTestBody (package:flutter_test/src/binding.dart:1682:5)
<asynchronous suspension>
<asynchronous suspension>
(elided 5 frames from dart:async and package:stack_trace)
════════════════════════════════════════════════════════════════════════════════════════════════════
  Test failed. See exception logs above.
  The test description was: marks unread conversation as read when opened
  
00:08 +69 -12: C:/MixVy/test/chat_pane_view_test.dart: ChatPaneView shows typing indicator when the other user is actively typing
══╡ EXCEPTION CAUGHT BY FLUTTER TEST FRAMEWORK ╞════════════════════════════════════════════════════
The following TestFailure was thrown running a test:
Expected: at least one matching candidate
  Actual: _TypeWidgetFinder:<Found 0 widgets with type "TextField": []>
   Which: means none were found but some were expected

When the exception was thrown, this was the stack:
#4      main.<anonymous closure>.<anonymous closure> (file:///C:/MixVy/test/chat_pane_view_test.dart:259:9)
<asynchronous suspension>
#5      testWidgets.<anonymous closure>.<anonymous closure> (package:flutter_test/src/widget_tester.dart:192:15)
<asynchronous suspension>
#6      TestWidgetsFlutterBinding._runTestBody (package:flutter_test/src/binding.dart:1682:5)
<asynchronous suspension>
<asynchronous suspension>
(elided one frame from package:stack_trace)

This was caught by the test expectation on the following line:
  file:///C:/MixVy/test/chat_pane_view_test.dart line 259
The test description was:
  shows typing indicator when the other user is actively typing
════════════════════════════════════════════════════════════════════════════════════════════════════
00:08 +69 -13: C:/MixVy/test/discovery_feed_screen_test.dart: DiscoveryFeedContent -- promo banner shows banner when VIP entitlement is inactive
00:08 +69 -13: C:/MixVy/test/chat_pane_view_test.dart: ChatPaneView shows typing indicator when the other user is actively typing [E]
  Test failed. See exception logs above.
  The test description was: shows typing indicator when the other user is actively typing
  
00:08 +70 -13: C:/MixVy/test/edit_profile_screen_test.dart: EditProfileScreen — private-account toggle shows "Anyone can view" subtitle when isPrivate=false
00:08 +71 -13: C:/MixVy/test/edit_profile_screen_test.dart: EditProfileScreen — private-account toggle shows "Anyone can view" subtitle when isPrivate=false
00:08 +72 -13: C:/MixVy/test/edit_profile_screen_test.dart: EditProfileScreen — private-account toggle shows "Anyone can view" subtitle when isPrivate=false
00:08 +72 -13: C:/MixVy/test/chat_pane_view_test.dart: ChatPaneView restores scroll position when reopening a conversation
[MixVy][INFO] [2026-05-06T21:48:04.334915] [MESSAGING CHAT_SESSION_DURATION] User left the chat pane. userId=user-1 conversationId=conv-1 durationSeconds=0
══╡ EXCEPTION CAUGHT BY FLUTTER TEST FRAMEWORK ╞════════════════════════════════════════════════════
The following assertion was thrown running a test:
A StreamLifecycleManager was used after being disposed.
Once you have called dispose() on a StreamLifecycleManager, it can no longer be used.

When the exception was thrown, this was the stack:
#0      ChangeNotifier.debugAssertNotDisposed.<anonymous closure> (package:flutter/src/foundation/change_notifier.dart:182:9)
#1      ChangeNotifier.debugAssertNotDisposed (package:flutter/src/foundation/change_notifier.dart:189:6)
#2      ChangeNotifier.dispose (package:flutter/src/foundation/change_notifier.dart:374:27)
#3      runGuarded (package:riverpod/src/run_guarded.dart:9:7)
#4      List.forEach (dart:core-patch/growable_array.dart:428:8)
#5      ProviderElementBase.runOnDispose (package:riverpod/src/framework/element.dart:932:26)
#6      ChangeNotifierProviderElement.runOnDispose (package:flutter_riverpod/src/change_notifier_provider/base.dart:215:11)
#7      ProviderElementBase.dispose (package:riverpod/src/framework/element.dart:868:5)
#8      ProviderContainer.dispose (package:riverpod/src/framework/container.dart:624:15)
#9      ProviderScopeState.dispose (package:flutter_riverpod/src/framework.dart:258:15)
#10     StatefulElement.unmount (package:flutter/src/widgets/framework.dart:6030:11)
#11     _InactiveElements._unmount (package:flutter/src/widgets/framework.dart:2117:13)
#12     ListIterable.forEach (dart:_internal/iterable.dart:49:13)
#13     _InactiveElements._unmountAll (package:flutter/src/widgets/framework.dart:2126:25)
#14     BuildOwner.lockState (package:flutter/src/widgets/framework.dart:3020:15)
#15     BuildOwner.finalizeTree (package:flutter/src/widgets/framework.dart:3344:7)
#16     AutomatedTestWidgetsFlutterBinding.drawFrame (package:flutter_test/src/binding.dart:2153:19)
#17     RendererBinding._handlePersistentFrameCallback (package:flutter/src/rendering/binding.dart:495:5)
#18     SchedulerBinding._invokeFrameCallback (package:flutter/src/scheduler/binding.dart:1430:15)
#19     SchedulerBinding.handleDrawFrame (package:flutter/src/scheduler/binding.dart:1345:9)
#20     AutomatedTestWidgetsFlutterBinding.scheduleWarmUpFrame (package:flutter_test/src/binding.dart:2057:5)
#21     _runWidget (package:flutter/src/widgets/binding.dart:1683:7)
#22     runApp (package:flutter/src/widgets/binding.dart:1616:3)
#23     TestWidgetsFlutterBinding._runTestBody (package:flutter_test/src/binding.dart:1670:5)
#26     TestWidgetsFlutterBinding._runTest (package:flutter_test/src/binding.dart:1656:10)
#27     AutomatedTestWidgetsFlutterBinding.runTest.<anonymous closure> (package:flutter_test/src/binding.dart:2189:24)
#28     FakeAsync.run.<anonymous closure>.<anonymous closure> (package:fake_async/fake_async.dart:182:47)
#33     withClock (package:clock/src/default.dart:52:10)
#34     FakeAsync.run.<anonymous closure> (package:fake_async/fake_async.dart:182:15)
#39     FakeAsync.run (package:fake_async/fake_async.dart:181:52)
#40     AutomatedTestWidgetsFlutterBinding.runTest (package:flutter_test/src/binding.dart:2186:15)
#41     testWidgets.<anonymous closure> (package:flutter_test/src/widget_tester.dart:184:24)
#42     Declarer.test.<anonymous closure>.<anonymous closure> (package:test_api/src/backend/declarer.dart:253:25)
<asynchronous suspension>
#43     Declarer.test.<anonymous closure> (package:test_api/src/backend/declarer.dart:250:11)
<asynchronous suspension>
#44     Invoker._waitForOutstandingCallbacks.<anonymous closure> (package:test_api/src/backend/invoker.dart:318:9)
<asynchronous suspension>
(elided 10 frames from dart:async)

The test description was:
  restores scroll position when reopening a conversation
════════════════════════════════════════════════════════════════════════════════════════════════════
00:08 +72 -14: C:/MixVy/test/edit_profile_screen_test.dart: EditProfileScreen — private-account toggle shows "Anyone can view" subtitle when isPrivate=false
00:08 +72 -14: C:/MixVy/test/chat_pane_view_test.dart: ChatPaneView restores scroll position when reopening a conversation [E]
  Test failed. See exception logs above.
  The test description was: restores scroll position when reopening a conversation
  
══╡ EXCEPTION CAUGHT BY FLUTTER TEST FRAMEWORK ╞════════════════════════════════════════════════════
The following assertion was thrown running a test (but after the test had completed):
A StreamLifecycleManager was used after being disposed.
Once you have called dispose() on a StreamLifecycleManager, it can no longer be used.

When the exception was thrown, this was the stack:
#0      ChangeNotifier.debugAssertNotDisposed.<anonymous closure> (package:flutter/src/foundation/change_notifier.dart:182:9)
#1      ChangeNotifier.debugAssertNotDisposed (package:flutter/src/foundation/change_notifier.dart:189:6)
#2      ChangeNotifier.dispose (package:flutter/src/foundation/change_notifier.dart:374:27)
#3      runGuarded (package:riverpod/src/run_guarded.dart:9:7)
#4      ChangeNotifierProviderElement.runOnDispose (package:flutter_riverpod/src/change_notifier_provider/base.dart:223:7)
#5      ProviderElementBase.dispose (package:riverpod/src/framework/element.dart:868:5)
#6      ProviderContainer.dispose (package:riverpod/src/framework/container.dart:624:15)
#7      ProviderScopeState.dispose (package:flutter_riverpod/src/framework.dart:258:15)
#8      StatefulElement.unmount (package:flutter/src/widgets/framework.dart:6030:11)
#9      _InactiveElements._unmount (package:flutter/src/widgets/framework.dart:2117:13)
#10     ListIterable.forEach (dart:_internal/iterable.dart:49:13)
#11     _InactiveElements._unmountAll (package:flutter/src/widgets/framework.dart:2126:25)
#12     BuildOwner.lockState (package:flutter/src/widgets/framework.dart:3020:15)
#13     BuildOwner.finalizeTree (package:flutter/src/widgets/framework.dart:3344:7)
#14     AutomatedTestWidgetsFlutterBinding.drawFrame (package:flutter_test/src/binding.dart:2153:19)
#15     RendererBinding._handlePersistentFrameCallback (package:flutter/src/rendering/binding.dart:495:5)
#16     SchedulerBinding._invokeFrameCallback (package:flutter/src/scheduler/binding.dart:1430:15)
#17     SchedulerBinding.handleDrawFrame (package:flutter/src/scheduler/binding.dart:1345:9)
#18     AutomatedTestWidgetsFlutterBinding.scheduleWarmUpFrame (package:flutter_test/src/binding.dart:2057:5)
#19     _runWidget (package:flutter/src/widgets/binding.dart:1683:7)
#20     runApp (package:flutter/src/widgets/binding.dart:1616:3)
#21     TestWidgetsFlutterBinding._runTestBody (package:flutter_test/src/binding.dart:1670:5)
#24     TestWidgetsFlutterBinding._runTest (package:flutter_test/src/binding.dart:1656:10)
#25     AutomatedTestWidgetsFlutterBinding.runTest.<anonymous closure> (package:flutter_test/src/binding.dart:2189:24)
#26     FakeAsync.run.<anonymous closure>.<anonymous closure> (package:fake_async/fake_async.dart:182:47)
#31     withClock (package:clock/src/default.dart:52:10)
#32     FakeAsync.run.<anonymous closure> (package:fake_async/fake_async.dart:182:15)
#37     FakeAsync.run (package:fake_async/fake_async.dart:181:52)
#38     AutomatedTestWidgetsFlutterBinding.runTest (package:flutter_test/src/binding.dart:2186:15)
#39     testWidgets.<anonymous closure> (package:flutter_test/src/widget_tester.dart:184:24)
#40     Declarer.test.<anonymous closure>.<anonymous closure> (package:test_api/src/backend/declarer.dart:253:25)
<asynchronous suspension>
#41     Declarer.test.<anonymous closure> (package:test_api/src/backend/declarer.dart:250:11)
<asynchronous suspension>
#42     Invoker._waitForOutstandingCallbacks.<anonymous closure> (package:test_api/src/backend/invoker.dart:318:9)
<asynchronous suspension>
(elided 10 frames from dart:async)
════════════════════════════════════════════════════════════════════════════════════════════════════
  Test failed. See exception logs above.
  The test description was: restores scroll position when reopening a conversation
  
══╡ EXCEPTION CAUGHT BY FLUTTER TEST FRAMEWORK ╞════════════════════════════════════════════════════
The following StateError was thrown running a test (but after the test had completed):
Bad state: No element

When the exception was thrown, this was the stack:
#0      Iterable.first (dart:core/iterable.dart:663:7)
#1      _FirstFinderMixin.filter (package:flutter_test/src/finders.dart:1340:28)
#3      Iterable.single (dart:core/iterable.dart:694:13)
#4      WidgetController.state (package:flutter_test/src/controller.dart:927:42)
#5      main.<anonymous closure>.<anonymous closure> (file:///C:/MixVy/test/chat_pane_view_test.dart:325:12)
<asynchronous suspension>
#6      testWidgets.<anonymous closure>.<anonymous closure> (package:flutter_test/src/widget_tester.dart:192:15)
<asynchronous suspension>
#7      TestWidgetsFlutterBinding._runTestBody (package:flutter_test/src/binding.dart:1682:5)
<asynchronous suspension>
<asynchronous suspension>
(elided 2 frames from dart:async-patch and package:stack_trace)
════════════════════════════════════════════════════════════════════════════════════════════════════
  Test failed. See exception logs above.
  The test description was: restores scroll position when reopening a conversation
  
  A StreamLifecycleManager was used after being disposed.
  Once you have called dispose() on a StreamLifecycleManager, it can no longer be used.
  package:flutter/src/foundation/change_notifier.dart 182:9               ChangeNotifier.debugAssertNotDisposed.<fn>
  package:flutter/src/foundation/change_notifier.dart 189:6               ChangeNotifier.debugAssertNotDisposed
  package:flutter/src/foundation/change_notifier.dart 374:27              ChangeNotifier.dispose
  package:riverpod/src/run_guarded.dart 9:7                               runGuarded
  dart:core                                                               List.forEach
  package:riverpod/src/framework/element.dart 932:26                      ProviderElementBase.runOnDispose
  package:flutter_riverpod/src/change_notifier_provider/base.dart 215:11  ChangeNotifierProviderElement.runOnDispose
  package:riverpod/src/framework/element.dart 868:5                       ProviderElementBase.dispose
  package:riverpod/src/framework/container.dart 624:15                    ProviderContainer.dispose
  test\chat_pane_view_test.dart 292:19                                    main.<fn>.<fn>.<fn>
  
  A StreamLifecycleManager was used after being disposed.
  Once you have called dispose() on a StreamLifecycleManager, it can no longer be used.
  package:flutter/src/foundation/change_notifier.dart 182:9              ChangeNotifier.debugAssertNotDisposed.<fn>
  package:flutter/src/foundation/change_notifier.dart 189:6              ChangeNotifier.debugAssertNotDisposed
  package:flutter/src/foundation/change_notifier.dart 374:27             ChangeNotifier.dispose
  package:riverpod/src/run_guarded.dart 9:7                              runGuarded
  package:flutter_riverpod/src/change_notifier_provider/base.dart 223:7  ChangeNotifierProviderElement.runOnDispose
  package:riverpod/src/framework/element.dart 868:5                      ProviderElementBase.dispose
  package:riverpod/src/framework/container.dart 624:15                   ProviderContainer.dispose
  test\chat_pane_view_test.dart 292:19                                   main.<fn>.<fn>.<fn>
  
00:08 +72 -14: C:/MixVy/test/edit_profile_screen_test.dart: EditProfileScreen — private-account toggle shows "Anyone can view" subtitle when isPrivate=false
00:08 +73 -14: C:/MixVy/test/edit_profile_screen_test.dart: EditProfileScreen — private-account toggle shows "Anyone can view" subtitle when isPrivate=false
00:08 +74 -14: C:/MixVy/test/edit_profile_screen_test.dart: EditProfileScreen — private-account toggle shows "Anyone can view" subtitle when isPrivate=false
00:08 +75 -14: C:/MixVy/test/edit_profile_screen_test.dart: EditProfileScreen — private-account toggle shows "Anyone can view" subtitle when isPrivate=false
00:08 +76 -14: C:/MixVy/test/edit_profile_screen_test.dart: EditProfileScreen — private-account toggle shows "Anyone can view" subtitle when isPrivate=false
00:08 +77 -14: C:/MixVy/test/edit_profile_screen_test.dart: EditProfileScreen — private-account toggle shows "Anyone can view" subtitle when isPrivate=false
00:09 +78 -14: C:/MixVy/test/edit_profile_screen_test.dart: EditProfileScreen — private-account toggle shows "Anyone can view" subtitle when isPrivate=false
00:09 +79 -14: C:/MixVy/test/edit_profile_screen_test.dart: EditProfileScreen — private-account toggle shows "Anyone can view" subtitle when isPrivate=false
00:09 +80 -14: C:/MixVy/test/edit_profile_screen_test.dart: EditProfileScreen — private-account toggle shows "Anyone can view" subtitle when isPrivate=false
00:09 +81 -14: C:/MixVy/test/features/schema_messenger/consistency/golden_snapshot_replay_harness_test.dart: golden snapshot replay harness deterministic parity outputs for canonical golden dataset
00:09 +82 -14: C:/MixVy/test/edit_profile_screen_test.dart: EditProfileScreen — private-account toggle shows "Only followers can view" subtitle when isPrivate=true
00:09 +83 -14: C:/MixVy/test/edit_profile_screen_test.dart: EditProfileScreen — private-account toggle shows "Only followers can view" subtitle when isPrivate=true
00:09 +84 -14: C:/MixVy/test/edit_profile_screen_test.dart: EditProfileScreen — private-account toggle shows "Only followers can view" subtitle when isPrivate=true
00:10 +85 -14: C:/MixVy/test/edit_profile_screen_test.dart: EditProfileScreen — private-account toggle tapping switch updates subtitle from public to private
00:10 +86 -14: C:/MixVy/test/edit_profile_screen_test.dart: EditProfileScreen — private-account toggle tapping switch updates subtitle from public to private
00:10 +87 -14: C:/MixVy/test/edit_profile_screen_test.dart: EditProfileScreen — private-account toggle tapping switch updates subtitle from public to private
00:10 +88 -14: C:/MixVy/test/edit_profile_screen_test.dart: EditProfileScreen — private-account toggle tapping switch updates subtitle from public to private
00:10 +89 -14: C:/MixVy/test/edit_profile_screen_test.dart: EditProfileScreen — private-account toggle tapping switch updates subtitle from public to private
00:10 +89 -14: C:/MixVy/test/feed_experiment_contract_test.dart: central evaluator snapshots state before publishing a decision
[MixVy][INFO] [2026-05-06T21:48:06.135522] [ROOM FEED_EXPERIMENT_SNAPSHOT] Captured experiment state before rollout action. result=expand experiment_id=home_featured_attention_v1 min_impressions=250 ctr_lift_target_pct=12 entry_dwell_target_ms=3000 scroll_drop_limit_pct=10 participation_floor_pct=97 snapshot_at=2026-05-06T21:48:06.128933 source=test rollout_pct=25.0 pending_action=expand summary=Featured attention cue is outperforming baseline safely. top_drivers=All rollout guardrails are passing || CTR met: +25.0% vs target +12.0% || Dwell met: 2200ms vs target <= 3000ms impressions=400 baseline_ctr_pct=10.00 observed_ctr_pct=12.50 avg_dwell_ms=2200 baseline_scroll_pct=60.00 observed_scroll_pct=57.00 baseline_participation_pct=30.00 observed_participation_pct=29.50 status=healthy decision=pass risk_level=none explanation=All rollout guardrails are passing | CTR met: +25.0% vs target +12.0% | Dwell met: 2200ms vs target <= 3000ms | Scroll met: -5.0% vs guardrail -10.0% | Participation met: 98.3% vs floor 97.0% ctr_lift_pct=25.00 scroll_depth_delta_pct=-5.00 participation_retention_pct=98.33 average_dwell_ms=2200 ctr_passed=true dwell_passed=true scroll_passed=true participation_passed=true
[MixVy][INFO] [2026-05-06T21:48:06.153268] [ROOM FEED_EXPERIMENT_DECISION] Featured attention cue is outperforming baseline safely. result=pass experiment_id=home_featured_attention_v1 min_impressions=250 ctr_lift_target_pct=12 entry_dwell_target_ms=3000 scroll_drop_limit_pct=10 participation_floor_pct=97 snapshot_at=2026-05-06T21:48:06.128933 source=test rollout_pct=25.0 pending_action=expand summary=Featured attention cue is outperforming baseline safely. top_drivers=All rollout guardrails are passing || CTR met: +25.0% vs target +12.0% || Dwell met: 2200ms vs target <= 3000ms impressions=400 baseline_ctr_pct=10.00 observed_ctr_pct=12.50 avg_dwell_ms=2200 baseline_scroll_pct=60.00 observed_scroll_pct=57.00 baseline_participation_pct=30.00 observed_participation_pct=29.50 status=healthy decision=pass risk_level=none explanation=All rollout guardrails are passing | CTR met: +25.0% vs target +12.0% | Dwell met: 2200ms vs target <= 3000ms | Scroll met: -5.0% vs guardrail -10.0% | Participation met: 98.3% vs floor 97.0% ctr_lift_pct=25.00 scroll_depth_delta_pct=-5.00 participation_retention_pct=98.33 average_dwell_ms=2200 ctr_passed=true dwell_passed=true scroll_passed=true participation_passed=true should_promote=true should_rollback=false
00:10 +90 -14: C:/MixVy/test/edit_profile_screen_test.dart: EditProfileScreen — private-account toggle tapping switch updates subtitle from public to private
00:10 +91 -14: C:/MixVy/test/edit_profile_screen_test.dart: EditProfileScreen — avatar section shows person icon when no avatar URL is set
00:10 +92 -14: C:/MixVy/test/edit_profile_screen_test.dart: EditProfileScreen — avatar section no upload spinner visible when not uploading
00:10 +93 -14: C:/MixVy/test/edit_profile_screen_test.dart: EditProfileScreen — save button state Save button is enabled when not loading
00:10 +94 -14: C:/MixVy/test/edit_profile_screen_test.dart: EditProfileScreen — save button state Save button is disabled when isLoading=true
00:11 +95 -14: C:/MixVy/test/feed_rooms_hierarchy_test.dart: home feed surfaces a clear live pulse banner
00:11 +96 -14: C:/MixVy/test/feed_rooms_hierarchy_test.dart: home feed surfaces a clear live pulse banner
00:11 +97 -14: C:/MixVy/test/feed_rooms_hierarchy_test.dart: home feed surfaces a clear live pulse banner
00:11 +98 -14: C:/MixVy/test/feed_rooms_hierarchy_test.dart: home feed surfaces a clear live pulse banner
00:11 +99 -14: C:/MixVy/test/feed_rooms_hierarchy_test.dart: home feed surfaces a clear live pulse banner
00:11 +100 -14: C:/MixVy/test/feed_rooms_hierarchy_test.dart: home feed surfaces a clear live pulse banner
00:11 +101 -14: C:/MixVy/test/feed_rooms_hierarchy_test.dart: home feed surfaces a clear live pulse banner
00:11 +102 -14: C:/MixVy/test/feed_rooms_hierarchy_test.dart: home feed surfaces a clear live pulse banner
00:12 +102 -14: C:/MixVy/test/for_you_rooms_provider_test.dart: forYouRoomsProvider includes legacy live rooms with missing optional fields
[MixVy][INFO] ROOM_VISIBILITY_DECISION roomId=room-legacy tier=DISCOVERABLE reasonCode=DISCOVERABLE_FRESH stalenessMs=35
[MixVy][INFO] ROOM_VISIBILITY snapshot_total=1 visible=1 discoverable=1 warm=0 cold=0 invalid_dropped=0 adult_dropped=0 parse_dropped=0 includeAdult=false
00:12 +103 -14: C:/MixVy/test/feed_rooms_hierarchy_test.dart: home feed surfaces a clear live pulse banner
00:12 +104 -14: C:/MixVy/test/for_you_rooms_provider_test.dart: forYouRoomsProvider includes interest-matched legacy rooms without requiring index-only fields
[MixVy][INFO] ROOM_VISIBILITY_DECISION roomId=room-music tier=DISCOVERABLE reasonCode=DISCOVERABLE_FRESH stalenessMs=2
[MixVy][INFO] ROOM_VISIBILITY snapshot_total=1 visible=1 discoverable=1 warm=0 cold=0 invalid_dropped=0 adult_dropped=0 parse_dropped=0 includeAdult=false
00:12 +105 -14: C:/MixVy/test/feed_rooms_hierarchy_test.dart: home feed uses locked section widgets
00:12 +106 -14: C:/MixVy/test/feed_rooms_hierarchy_test.dart: rooms visibility inspector explains empty-state causes
00:12 +107 -14: C:/MixVy/test/feed_rooms_hierarchy_test.dart: rooms tab opens with an entry-focused hero state
00:12 +108 -14: C:/MixVy/test/friend_list_screen_test.dart: (setUpAll)
00:12 +108 -14: C:/MixVy/test/friend_list_screen_test.dart: FriendListScreen renders online, in-room, and offline sections
00:13 +109 -14: C:/MixVy/test/friend_list_screen_test.dart: FriendListScreen renders online, in-room, and offline sections
00:13 +110 -14: C:/MixVy/test/friend_list_screen_test.dart: FriendListScreen renders online, in-room, and offline sections
00:13 +111 -14: C:/MixVy/test/friend_list_screen_test.dart: FriendListScreen renders online, in-room, and offline sections
00:13 +112 -14: C:/MixVy/test/friend_list_screen_test.dart: FriendListScreen renders online, in-room, and offline sections
00:13 +113 -14: C:/MixVy/test/friend_list_screen_test.dart: FriendListScreen renders online, in-room, and offline sections
00:13 +114 -14: C:/MixVy/test/friend_list_screen_test.dart: FriendListScreen renders online, in-room, and offline sections
00:13 +115 -14: C:/MixVy/test/friend_list_screen_test.dart: FriendListScreen renders online, in-room, and offline sections
00:13 +116 -14: C:/MixVy/test/friend_list_screen_test.dart: FriendListScreen renders online, in-room, and offline sections
00:13 +117 -14: C:/MixVy/test/friend_list_screen_test.dart: FriendListScreen renders online, in-room, and offline sections
00:13 +118 -14: C:/MixVy/test/friend_list_screen_test.dart: FriendListScreen renders online, in-room, and offline sections
00:13 +119 -14: C:/MixVy/test/friend_list_screen_test.dart: FriendListScreen renders online, in-room, and offline sections
00:13 +120 -14: C:/MixVy/test/friend_list_screen_test.dart: FriendListScreen renders online, in-room, and offline sections
00:13 +121 -14: C:/MixVy/test/friend_list_screen_test.dart: FriendListScreen renders online, in-room, and offline sections
00:13 +122 -14: C:/MixVy/test/friend_list_screen_test.dart: FriendListScreen renders online, in-room, and offline sections
00:13 +123 -14: C:/MixVy/test/friend_list_screen_test.dart: FriendListScreen renders online, in-room, and offline sections
00:13 +123 -14: C:/MixVy/test/hardening/telemetry_hardening_test.dart: TelemetryMode switching standard mode tracks WebRTC session
[WebRtcTelemetry] session started — room=room2
[WebRtcTelemetry] session ended — offers=0 answers=0 reconnects=0 failures=0 streamRefreshes=0 iceCandidates=0
00:13 +124 -14: C:/MixVy/test/friend_list_screen_test.dart: FriendListScreen renders online, in-room, and offline sections
00:13 +125 -14: C:/MixVy/test/friend_list_screen_test.dart: FriendListScreen renders online, in-room, and offline sections
00:13 +126 -14: C:/MixVy/test/friend_list_screen_test.dart: FriendListScreen renders online, in-room, and offline sections
00:13 +127 -14: C:/MixVy/test/friend_list_screen_test.dart: FriendListScreen renders online, in-room, and offline sections
00:13 +128 -14: C:/MixVy/test/friend_list_screen_test.dart: FriendListScreen renders online, in-room, and offline sections
00:13 +129 -14: C:/MixVy/test/friend_list_screen_test.dart: FriendListScreen renders online, in-room, and offline sections
00:13 +129 -14: C:/MixVy/test/hardening/telemetry_hardening_test.dart: Session reset integrity WebRTC new session replaces previous session state
[WebRtcTelemetry] session started — room=roomA
[WebRtcTelemetry] 🔄 reconnect #1
[WebRtcTelemetry] session ended — offers=0 answers=0 reconnects=1 failures=0 streamRefreshes=0 iceCandidates=0
[WebRtcTelemetry] session started — room=roomB
[WebRtcTelemetry] session ended — offers=0 answers=0 reconnects=0 failures=0 streamRefreshes=0 iceCandidates=0
00:13 +130 -14: C:/MixVy/test/friend_list_screen_test.dart: FriendListScreen renders online, in-room, and offline sections
00:13 +131 -14: C:/MixVy/test/friend_list_screen_test.dart: FriendListScreen renders online, in-room, and offline sections
00:13 +131 -14: C:/MixVy/test/hardening/telemetry_hardening_test.dart: Reconnect telemetry continuity reconnect attempts accumulate per session
[WebRtcTelemetry] session started — room=roomC
[WebRtcTelemetry] 🔄 reconnect #1
[WebRtcTelemetry] 🔄 reconnect #2
[WebRtcTelemetry] 🔄 reconnect #3
[WebRtcTelemetry] session ended — offers=0 answers=0 reconnects=3 failures=0 streamRefreshes=0 iceCandidates=0
00:13 +132 -14: C:/MixVy/test/friend_list_screen_test.dart: FriendListScreen renders online, in-room, and offline sections
00:13 +132 -14: C:/MixVy/test/hardening/telemetry_hardening_test.dart: Reconnect telemetry continuity reconnect burst fires WARNING alert at 5 attempts
[WebRtcTelemetry] session started — room=roomD
[WebRtcTelemetry] 🔄 reconnect #1
[WebRtcTelemetry] 🔄 reconnect #2
[WebRtcTelemetry] 🔄 reconnect #3
[WebRtcTelemetry] 🔄 reconnect #4
[WebRtcTelemetry] 🔄 reconnect #5
[WebRtcTelemetry] session ended — offers=0 answers=0 reconnects=5 failures=0 streamRefreshes=0 iceCandidates=0
00:13 +133 -14: C:/MixVy/test/friend_list_screen_test.dart: FriendListScreen renders online, in-room, and offline sections
00:13 +133 -14: C:/MixVy/test/hardening/telemetry_hardening_test.dart: Reconnect telemetry continuity reconnect burst fires CRITICAL alert at 10 attempts
[WebRtcTelemetry] session started — room=roomE
[WebRtcTelemetry] 🔄 reconnect #1
[WebRtcTelemetry] 🔄 reconnect #2
[WebRtcTelemetry] 🔄 reconnect #3
[WebRtcTelemetry] 🔄 reconnect #4
[WebRtcTelemetry] 🔄 reconnect #5
[WebRtcTelemetry] 🔄 reconnect #6
[WebRtcTelemetry] 🔄 reconnect #7
[WebRtcTelemetry] 🔄 reconnect #8
[WebRtcTelemetry] 🔄 reconnect #9
[WebRtcTelemetry] 🔄 reconnect #10
[WebRtcTelemetry] session ended — offers=0 answers=0 reconnects=10 failures=0 streamRefreshes=0 iceCandidates=0
00:13 +134 -14: C:/MixVy/test/friend_list_screen_test.dart: FriendListScreen renders online, in-room, and offline sections
00:13 +134 -14: C:/MixVy/test/hardening/telemetry_hardening_test.dart: Reconnect telemetry continuity peer failure emits WARNING alert
[WebRtcTelemetry] session started — room=roomF
[WebRtcTelemetry] ⚠️ peer failure #1 (host1)
[WebRtcTelemetry] session ended — offers=0 answers=0 reconnects=0 failures=1 streamRefreshes=0 iceCandidates=0
00:13 +135 -14: C:/MixVy/test/friend_list_screen_test.dart: FriendListScreen renders online, in-room, and offline sections
00:13 +135 -14: C:/MixVy/test/hardening/telemetry_hardening_test.dart: Reconnect telemetry continuity session snapshot is preserved after endSession
[WebRtcTelemetry] session started — room=roomG
[WebRtcTelemetry] session ended — offers=1 answers=1 reconnects=0 failures=0 streamRefreshes=0 iceCandidates=0
00:13 +136 -14: C:/MixVy/test/friend_list_screen_test.dart: FriendListScreen renders online, in-room, and offline sections
00:13 +136 -14: C:/MixVy/test/hardening/telemetry_hardening_test.dart: Burst detection correctness Firestore read burst fires alert at threshold
[FirestoreTracker] 🟡 READ SPIKE [rooms]: 100 total reads
00:13 +137 -14: C:/MixVy/test/friend_list_screen_test.dart: FriendListScreen renders online, in-room, and offline sections
00:13 +137 -14: C:/MixVy/test/hardening/telemetry_hardening_test.dart: Burst detection correctness Firestore read critical fires at 300 reads
[FirestoreTracker] 🟡 READ SPIKE [rooms]: 100 total reads
[FirestoreTracker] 🔴 READ BURST [rooms]: 300 total reads
00:13 +138 -14: C:/MixVy/test/friend_list_screen_test.dart: FriendListScreen renders online, in-room, and offline sections
00:13 +138 -14: C:/MixVy/test/hardening/telemetry_hardening_test.dart: Burst detection correctness Firestore per-session cap prevents unbounded growth
[FirestoreTracker] 🟡 READ SPIKE [rooms]: 100 total reads
[FirestoreTracker] 🔴 READ BURST [rooms]: 300 total reads
00:13 +139 -14: C:/MixVy/test/friend_list_screen_test.dart: FriendListScreen renders online, in-room, and offline sections
00:13 +139 -14: C:/MixVy/test/hardening/telemetry_hardening_test.dart: Burst detection correctness ICE candidate sampling reduces count in standard mode
[WebRtcTelemetry] session started — room=roomH
[WebRtcTelemetry] session ended — offers=0 answers=0 reconnects=0 failures=0 streamRefreshes=0 iceCandidates=20
00:13 +140 -14: C:/MixVy/test/friend_list_screen_test.dart: FriendListScreen renders online, in-room, and offline sections
00:13 +140 -14: C:/MixVy/test/hardening/telemetry_hardening_test.dart: Burst detection correctness ICE candidate full count in debug mode
[WebRtcTelemetry] session started — room=roomI
[WebRtcTelemetry] session ended — offers=0 answers=0 reconnects=0 failures=0 streamRefreshes=0 iceCandidates=10
00:13 +141 -14: C:/MixVy/test/friend_list_screen_test.dart: FriendListScreen renders online, in-room, and offline sections
00:13 +142 -14: C:/MixVy/test/friend_list_screen_test.dart: FriendListScreen renders online, in-room, and offline sections
00:13 +143 -14: C:/MixVy/test/friend_list_screen_test.dart: FriendListScreen renders online, in-room, and offline sections
00:13 +144 -14: C:/MixVy/test/friend_list_screen_test.dart: FriendListScreen renders online, in-room, and offline sections
00:13 +145 -14: C:/MixVy/test/friend_list_screen_test.dart: FriendListScreen renders online, in-room, and offline sections
00:13 +146 -14: C:/MixVy/test/friend_list_screen_test.dart: FriendListScreen renders online, in-room, and offline sections
00:13 +147 -14: C:/MixVy/test/friend_list_screen_test.dart: FriendListScreen renders online, in-room, and offline sections
00:13 +148 -14: C:/MixVy/test/friend_list_screen_test.dart: FriendListScreen renders online, in-room, and offline sections
00:14 +149 -14: C:/MixVy/test/friend_list_screen_test.dart: (tearDownAll)
00:14 +149 -14: C:/MixVy/test/live_floor_screen_test.dart: (setUpAll)
00:14 +149 -14: C:/MixVy/test/live_floor_screen_test.dart: LiveFloorScreen avoids zero-state hero metrics before rooms load
00:14 +150 -14: C:/MixVy/test/live_floor_screen_test.dart: LiveFloorScreen avoids zero-state hero metrics before rooms load
00:14 +151 -14: C:/MixVy/test/live_floor_screen_test.dart: LiveFloorScreen avoids zero-state hero metrics before rooms load
00:14 +152 -14: C:/MixVy/test/live_floor_screen_test.dart: LiveFloorScreen avoids zero-state hero metrics before rooms load
00:15 +153 -14: C:/MixVy/test/live_room_screen_test.dart: LiveRoomScreen basic mount
[MixVy][INFO] [2026-05-06T21:48:11.599486] [FIRESTORE LISTENER_START] Firestore listener attached. roomId=room-a result=1 key=room_doc/room-a query=rooms/room-a
[MixVy][INFO] [2026-05-06T21:48:11.619241] [FIRESTORE LISTENER_START] Firestore listener attached. roomId=room-a result=1 key=room_members/room-a query=rooms/room-a/members
══╡ EXCEPTION CAUGHT BY FLUTTER TEST FRAMEWORK ╞════════════════════════════════════════════════════
The following RoomSchemaException was thrown running a test:
[RoomSchemaException] Room document is null or empty | roomId= | docKeys=0 | missing=[meta]

When the exception was thrown, this was the stack:
#0      RoomSchemaValidator.validate (package:mixvy/core/contracts/room_contract.dart:133:7)
#1      RoomLiveStateMapper.fromFirestore (package:mixvy/core/contracts/room_contract.dart:367:25)
#2      roomLiveStateProvider.<anonymous closure>.<anonymous closure>.publish (package:mixvy/features/room/providers/room_live_state_provider.dart:32:33)
#3      roomLiveStateProvider.<anonymous closure>.<anonymous closure>.<anonymous closure> (package:mixvy/features/room/providers/room_live_state_provider.dart:46:13)
#4      runBinaryGuarded (package:riverpod/src/run_guarded.dart:29:7)
#5      handleFireImmediately.<anonymous closure> (package:riverpod/src/framework/listen.dart:12:21)
#6      ResultData.map (package:riverpod/src/result.dart:74:16)
#7      handleFireImmediately (package:riverpod/src/framework/listen.dart:11:16)
#8      ProviderBase.addListener (package:riverpod/src/framework/provider_base.dart:81:7)
#9      ProviderElementBase.listen (package:riverpod/src/framework/element.dart:779:23)
#10     roomLiveStateProvider.<anonymous closure>.<anonymous closure> (package:mixvy/features/room/providers/room_live_state_provider.dart:42:38)
#18     _extension#0.lastCancelable (package:riverpod/src/async_notifier/base.dart:548:20)
#19     FutureHandlerProviderElementMixin.handleStream.<anonymous closure> (package:riverpod/src/async_notifier/base.dart:298:14)
#20     FutureHandlerProviderElementMixin._handleAsync (package:riverpod/src/async_notifier/base.dart:372:47)
#21     FutureHandlerProviderElementMixin.handleStream (package:riverpod/src/async_notifier/base.dart:287:5)
#22     StreamProviderElement.create (package:riverpod/src/stream_provider/base.dart:159:5)
#23     ProviderElementBase.buildState (package:riverpod/src/framework/element.dart:423:7)
#24     ProviderElementBase.mount (package:riverpod/src/framework/element.dart:246:5)
#25     _StateReader._create (package:riverpod/src/framework/container.dart:47:11)
#26     _StateReader.getElement (package:riverpod/src/framework/container.dart:35:61)
#27     ProviderContainer.readProviderElement.<anonymous closure> (package:riverpod/src/framework/container.dart:442:40)
#28     ProviderContainer.readProviderElement (package:riverpod/src/framework/container.dart:477:8)
#29     ProviderBase.addListener (package:riverpod/src/framework/provider_base.dart:77:26)
#30     ProviderContainer.listen (package:riverpod/src/framework/container.dart:285:21)
#31     ConsumerStatefulElement.watch.<anonymous closure> (package:flutter_riverpod/src/consumer.dart:560:25)
#32     _LinkedHashMapMixin.putIfAbsent (dart:_compact_hash:675:23)
#33     ConsumerStatefulElement.watch (package:flutter_riverpod/src/consumer.dart:553:26)
#34     _LiveRoomScreenState.build (package:mixvy/features/room/presentation/live_room_screen.dart:234:26)
#35     StatefulElement.build (package:flutter/src/widgets/framework.dart:5931:27)
#36     ConsumerStatefulElement.build (package:flutter_riverpod/src/consumer.dart:542:20)
#37     ComponentElement.performRebuild (package:flutter/src/widgets/framework.dart:5817:15)
#38     StatefulElement.performRebuild (package:flutter/src/widgets/framework.dart:5982:11)
#39     Element.rebuild (package:flutter/src/widgets/framework.dart:5529:7)
#40     ComponentElement._firstBuild (package:flutter/src/widgets/framework.dart:5799:5)
#41     StatefulElement._firstBuild (package:flutter/src/widgets/framework.dart:5973:11)
#42     ComponentElement.mount (package:flutter/src/widgets/framework.dart:5793:5)
...     Normal element mounting (260 frames)
#302    Element.inflateWidget (package:flutter/src/widgets/framework.dart:4587:20)
#303    MultiChildRenderObjectElement.inflateWidget (package:flutter/src/widgets/framework.dart:7264:36)
#304    MultiChildRenderObjectElement.mount (package:flutter/src/widgets/framework.dart:7279:32)
...     Normal element mounting (473 frames)
#777    _UncontrolledProviderScopeElement.mount (package:flutter_riverpod/src/framework.dart:309:11)
...     Normal element mounting (9 frames)
#786    Element.inflateWidget (package:flutter/src/widgets/framework.dart:4587:20)
#787    Element.updateChild (package:flutter/src/widgets/framework.dart:4053:20)
#788    ComponentElement.performRebuild (package:flutter/src/widgets/framework.dart:5841:16)
#789    Element.rebuild (package:flutter/src/widgets/framework.dart:5529:7)
#790    ProxyElement.update (package:flutter/src/widgets/framework.dart:6149:5)
#791    _InheritedNotifierElement.update (package:flutter/src/widgets/inherited_notifier.dart:108:11)
#792    Element.updateChild (package:flutter/src/widgets/framework.dart:4037:15)
#793    ComponentElement.performRebuild (package:flutter/src/widgets/framework.dart:5841:16)
#794    StatefulElement.performRebuild (package:flutter/src/widgets/framework.dart:5982:11)
#795    Element.rebuild (package:flutter/src/widgets/framework.dart:5529:7)
#796    StatefulElement.update (package:flutter/src/widgets/framework.dart:6007:5)
#797    Element.updateChild (package:flutter/src/widgets/framework.dart:4037:15)
#798    ComponentElement.performRebuild (package:flutter/src/widgets/framework.dart:5841:16)
#799    Element.rebuild (package:flutter/src/widgets/framework.dart:5529:7)
#800    ProxyElement.update (package:flutter/src/widgets/framework.dart:6149:5)
#801    _InheritedNotifierElement.update (package:flutter/src/widgets/inherited_notifier.dart:108:11)
#802    Element.updateChild (package:flutter/src/widgets/framework.dart:4037:15)
#803    ComponentElement.performRebuild (package:flutter/src/widgets/framework.dart:5841:16)
#804    StatefulElement.performRebuild (package:flutter/src/widgets/framework.dart:5982:11)
#805    Element.rebuild (package:flutter/src/widgets/framework.dart:5529:7)
#806    StatefulElement.update (package:flutter/src/widgets/framework.dart:6007:5)
#807    Element.updateChild (package:flutter/src/widgets/framework.dart:4037:15)
#808    ComponentElement.performRebuild (package:flutter/src/widgets/framework.dart:5841:16)
#809    StatefulElement.performRebuild (package:flutter/src/widgets/framework.dart:5982:11)
#810    Element.rebuild (package:flutter/src/widgets/framework.dart:5529:7)
#811    StatefulElement.update (package:flutter/src/widgets/framework.dart:6007:5)
#812    Element.updateChild (package:flutter/src/widgets/framework.dart:4037:15)
#813    ComponentElement.performRebuild (package:flutter/src/widgets/framework.dart:5841:16)
#814    Element.rebuild (package:flutter/src/widgets/framework.dart:5529:7)
#815    ProxyElement.update (package:flutter/src/widgets/framework.dart:6149:5)
#816    Element.updateChild (package:flutter/src/widgets/framework.dart:4037:15)
#817    ComponentElement.performRebuild (package:flutter/src/widgets/framework.dart:5841:16)
#818    StatefulElement.performRebuild (package:flutter/src/widgets/framework.dart:5982:11)
#819    Element.rebuild (package:flutter/src/widgets/framework.dart:5529:7)
#820    StatefulElement.update (package:flutter/src/widgets/framework.dart:6007:5)
#821    Element.updateChild (package:flutter/src/widgets/framework.dart:4037:15)
#822    ComponentElement.performRebuild (package:flutter/src/widgets/framework.dart:5841:16)
#823    Element.rebuild (package:flutter/src/widgets/framework.dart:5529:7)
#824    ProxyElement.update (package:flutter/src/widgets/framework.dart:6149:5)
#825    Element.updateChild (package:flutter/src/widgets/framework.dart:4037:15)
#826    ComponentElement.performRebuild (package:flutter/src/widgets/framework.dart:5841:16)
#827    Element.rebuild (package:flutter/src/widgets/framework.dart:5529:7)
#828    ProxyElement.update (package:flutter/src/widgets/framework.dart:6149:5)
#829    Element.updateChild (package:flutter/src/widgets/framework.dart:4037:15)
#830    _RawViewElement._updateChild (package:flutter/src/widgets/view.dart:481:16)
#831    _RawViewElement.update (package:flutter/src/widgets/view.dart:568:5)
#832    Element.updateChild (package:flutter/src/widgets/framework.dart:4037:15)
#833    ComponentElement.performRebuild (package:flutter/src/widgets/framework.dart:5841:16)
#834    Element.rebuild (package:flutter/src/widgets/framework.dart:5529:7)
#835    StatelessElement.update (package:flutter/src/widgets/framework.dart:5895:5)
#836    Element.updateChild (package:flutter/src/widgets/framework.dart:4037:15)
#837    ComponentElement.performRebuild (package:flutter/src/widgets/framework.dart:5841:16)
#838    StatefulElement.performRebuild (package:flutter/src/widgets/framework.dart:5982:11)
#839    Element.rebuild (package:flutter/src/widgets/framework.dart:5529:7)
#840    StatefulElement.update (package:flutter/src/widgets/framework.dart:6007:5)
#841    Element.updateChild (package:flutter/src/widgets/framework.dart:4037:15)
#842    RootElement._rebuild (package:flutter/src/widgets/binding.dart:1822:16)
#843    RootElement.update (package:flutter/src/widgets/binding.dart:1800:5)
#844    RootElement.performRebuild (package:flutter/src/widgets/binding.dart:1814:7)
#845    Element.rebuild (package:flutter/src/widgets/framework.dart:5529:7)
#846    BuildScope._tryRebuild (package:flutter/src/widgets/framework.dart:2750:15)
#847    BuildScope._flushDirtyElements (package:flutter/src/widgets/framework.dart:2807:11)
#848    BuildOwner.buildScope (package:flutter/src/widgets/framework.dart:3111:18)
#849    AutomatedTestWidgetsFlutterBinding.drawFrame (package:flutter_test/src/binding.dart:2131:19)
#850    RendererBinding._handlePersistentFrameCallback (package:flutter/src/rendering/binding.dart:495:5)
#851    SchedulerBinding._invokeFrameCallback (package:flutter/src/scheduler/binding.dart:1430:15)
#852    SchedulerBinding.handleDrawFrame (package:flutter/src/scheduler/binding.dart:1345:9)
#853    AutomatedTestWidgetsFlutterBinding.pump.<anonymous closure> (package:flutter_test/src/binding.dart:1960:9)
#856    TestAsyncUtils.guard (package:flutter_test/src/test_async_utils.dart:74:41)
#857    AutomatedTestWidgetsFlutterBinding.pump (package:flutter_test/src/binding.dart:1949:27)
#858    WidgetTester.pumpWidget.<anonymous closure> (package:flutter_test/src/widget_tester.dart:598:22)
#861    TestAsyncUtils.guard (package:flutter_test/src/test_async_utils.dart:74:41)
#862    WidgetTester.pumpWidget (package:flutter_test/src/widget_tester.dart:595:27)
#863    main.<anonymous closure> (file:///C:/MixVy/test/live_room_screen_test.dart:26:18)
<asynchronous suspension>
#864    testWidgets.<anonymous closure>.<anonymous closure> (package:flutter_test/src/widget_tester.dart:192:15)
<asynchronous suspension>
#865    TestWidgetsFlutterBinding._runTestBody (package:flutter_test/src/binding.dart:1682:5)
<asynchronous suspension>
<asynchronous suspension>
(elided 12 frames from dart:async and package:stack_trace)

The test description was:
  LiveRoomScreen basic mount
════════════════════════════════════════════════════════════════════════════════════════════════════
00:16 +153 -15: C:/MixVy/test/login_signup_navigation_test.dart: login screen exposes signup navigation
00:16 +153 -15: C:/MixVy/test/live_room_screen_test.dart: LiveRoomScreen basic mount [E]
  Test failed. See exception logs above.
  The test description was: LiveRoomScreen basic mount
  
══╡ EXCEPTION CAUGHT BY FLUTTER TEST FRAMEWORK ╞════════════════════════════════════════════════════
The following RoomSchemaException was thrown running a test (but after the test had completed):
[RoomSchemaException] Room document is null or empty | roomId= | docKeys=0 | missing=[meta]

When the exception was thrown, this was the stack:
#0      RoomSchemaValidator.validate (package:mixvy/core/contracts/room_contract.dart:133:7)
#1      RoomLiveStateMapper.fromFirestore (package:mixvy/core/contracts/room_contract.dart:367:25)
#2      roomLiveStateProvider.<anonymous closure>.<anonymous closure>.publish (package:mixvy/features/room/providers/room_live_state_provider.dart:32:33)
#3      roomLiveStateProvider.<anonymous closure>.<anonymous closure>.<anonymous closure> (package:mixvy/features/room/providers/room_live_state_provider.dart:57:17)
#4      runBinaryGuarded (package:riverpod/src/run_guarded.dart:29:7)
#5      handleFireImmediately.<anonymous closure> (package:riverpod/src/framework/listen.dart:12:21)
#6      ResultData.map (package:riverpod/src/result.dart:74:16)
#7      handleFireImmediately (package:riverpod/src/framework/listen.dart:11:16)
#8      ProviderBase.addListener (package:riverpod/src/framework/provider_base.dart:81:7)
#9      ProviderElementBase.listen (package:riverpod/src/framework/element.dart:779:23)
#10     roomLiveStateProvider.<anonymous closure>.<anonymous closure> (package:mixvy/features/room/providers/room_live_state_provider.dart:52:14)
#18     _extension#0.lastCancelable (package:riverpod/src/async_notifier/base.dart:548:20)
#19     FutureHandlerProviderElementMixin.handleStream.<anonymous closure> (package:riverpod/src/async_notifier/base.dart:298:14)
#20     FutureHandlerProviderElementMixin._handleAsync (package:riverpod/src/async_notifier/base.dart:372:47)
#21     FutureHandlerProviderElementMixin.handleStream (package:riverpod/src/async_notifier/base.dart:287:5)
#22     StreamProviderElement.create (package:riverpod/src/stream_provider/base.dart:159:5)
#23     ProviderElementBase.buildState (package:riverpod/src/framework/element.dart:423:7)
#24     ProviderElementBase.mount (package:riverpod/src/framework/element.dart:246:5)
#25     _StateReader._create (package:riverpod/src/framework/container.dart:47:11)
#26     _StateReader.getElement (package:riverpod/src/framework/container.dart:35:61)
#27     ProviderContainer.readProviderElement.<anonymous closure> (package:riverpod/src/framework/container.dart:442:40)
#28     ProviderContainer.readProviderElement (package:riverpod/src/framework/container.dart:477:8)
#29     ProviderBase.addListener (package:riverpod/src/framework/provider_base.dart:77:26)
#30     ProviderContainer.listen (package:riverpod/src/framework/container.dart:285:21)
#31     ConsumerStatefulElement.watch.<anonymous closure> (package:flutter_riverpod/src/consumer.dart:560:25)
#32     _LinkedHashMapMixin.putIfAbsent (dart:_compact_hash:675:23)
#33     ConsumerStatefulElement.watch (package:flutter_riverpod/src/consumer.dart:553:26)
#34     _LiveRoomScreenState.build (package:mixvy/features/room/presentation/live_room_screen.dart:234:26)
#35     StatefulElement.build (package:flutter/src/widgets/framework.dart:5931:27)
#36     ConsumerStatefulElement.build (package:flutter_riverpod/src/consumer.dart:542:20)
#37     ComponentElement.performRebuild (package:flutter/src/widgets/framework.dart:5817:15)
#38     StatefulElement.performRebuild (package:flutter/src/widgets/framework.dart:5982:11)
#39     Element.rebuild (package:flutter/src/widgets/framework.dart:5529:7)
#40     ComponentElement._firstBuild (package:flutter/src/widgets/framework.dart:5799:5)
#41     StatefulElement._firstBuild (package:flutter/src/widgets/framework.dart:5973:11)
#42     ComponentElement.mount (package:flutter/src/widgets/framework.dart:5793:5)
...     Normal element mounting (260 frames)
#302    Element.inflateWidget (package:flutter/src/widgets/framework.dart:4587:20)
#303    MultiChildRenderObjectElement.inflateWidget (package:flutter/src/widgets/framework.dart:7264:36)
#304    MultiChildRenderObjectElement.mount (package:flutter/src/widgets/framework.dart:7279:32)
...     Normal element mounting (473 frames)
#777    _UncontrolledProviderScopeElement.mount (package:flutter_riverpod/src/framework.dart:309:11)
...     Normal element mounting (9 frames)
#786    Element.inflateWidget (package:flutter/src/widgets/framework.dart:4587:20)
#787    Element.updateChild (package:flutter/src/widgets/framework.dart:4053:20)
#788    ComponentElement.performRebuild (package:flutter/src/widgets/framework.dart:5841:16)
#789    Element.rebuild (package:flutter/src/widgets/framework.dart:5529:7)
#790    ProxyElement.update (package:flutter/src/widgets/framework.dart:6149:5)
#791    _InheritedNotifierElement.update (package:flutter/src/widgets/inherited_notifier.dart:108:11)
#792    Element.updateChild (package:flutter/src/widgets/framework.dart:4037:15)
#793    ComponentElement.performRebuild (package:flutter/src/widgets/framework.dart:5841:16)
#794    StatefulElement.performRebuild (package:flutter/src/widgets/framework.dart:5982:11)
#795    Element.rebuild (package:flutter/src/widgets/framework.dart:5529:7)
#796    StatefulElement.update (package:flutter/src/widgets/framework.dart:6007:5)
#797    Element.updateChild (package:flutter/src/widgets/framework.dart:4037:15)
#798    ComponentElement.performRebuild (package:flutter/src/widgets/framework.dart:5841:16)
#799    Element.rebuild (package:flutter/src/widgets/framework.dart:5529:7)
#800    ProxyElement.update (package:flutter/src/widgets/framework.dart:6149:5)
#801    _InheritedNotifierElement.update (package:flutter/src/widgets/inherited_notifier.dart:108:11)
#802    Element.updateChild (package:flutter/src/widgets/framework.dart:4037:15)
#803    ComponentElement.performRebuild (package:flutter/src/widgets/framework.dart:5841:16)
#804    StatefulElement.performRebuild (package:flutter/src/widgets/framework.dart:5982:11)
#805    Element.rebuild (package:flutter/src/widgets/framework.dart:5529:7)
#806    StatefulElement.update (package:flutter/src/widgets/framework.dart:6007:5)
#807    Element.updateChild (package:flutter/src/widgets/framework.dart:4037:15)
#808    ComponentElement.performRebuild (package:flutter/src/widgets/framework.dart:5841:16)
#809    StatefulElement.performRebuild (package:flutter/src/widgets/framework.dart:5982:11)
#810    Element.rebuild (package:flutter/src/widgets/framework.dart:5529:7)
#811    StatefulElement.update (package:flutter/src/widgets/framework.dart:6007:5)
#812    Element.updateChild (package:flutter/src/widgets/framework.dart:4037:15)
#813    ComponentElement.performRebuild (package:flutter/src/widgets/framework.dart:5841:16)
#814    Element.rebuild (package:flutter/src/widgets/framework.dart:5529:7)
#815    ProxyElement.update (package:flutter/src/widgets/framework.dart:6149:5)
#816    Element.updateChild (package:flutter/src/widgets/framework.dart:4037:15)
#817    ComponentElement.performRebuild (package:flutter/src/widgets/framework.dart:5841:16)
#818    StatefulElement.performRebuild (package:flutter/src/widgets/framework.dart:5982:11)
#819    Element.rebuild (package:flutter/src/widgets/framework.dart:5529:7)
#820    StatefulElement.update (package:flutter/src/widgets/framework.dart:6007:5)
#821    Element.updateChild (package:flutter/src/widgets/framework.dart:4037:15)
#822    ComponentElement.performRebuild (package:flutter/src/widgets/framework.dart:5841:16)
#823    Element.rebuild (package:flutter/src/widgets/framework.dart:5529:7)
#824    ProxyElement.update (package:flutter/src/widgets/framework.dart:6149:5)
#825    Element.updateChild (package:flutter/src/widgets/framework.dart:4037:15)
#826    ComponentElement.performRebuild (package:flutter/src/widgets/framework.dart:5841:16)
#827    Element.rebuild (package:flutter/src/widgets/framework.dart:5529:7)
#828    ProxyElement.update (package:flutter/src/widgets/framework.dart:6149:5)
#829    Element.updateChild (package:flutter/src/widgets/framework.dart:4037:15)
#830    _RawViewElement._updateChild (package:flutter/src/widgets/view.dart:481:16)
#831    _RawViewElement.update (package:flutter/src/widgets/view.dart:568:5)
#832    Element.updateChild (package:flutter/src/widgets/framework.dart:4037:15)
#833    ComponentElement.performRebuild (package:flutter/src/widgets/framework.dart:5841:16)
#834    Element.rebuild (package:flutter/src/widgets/framework.dart:5529:7)
#835    StatelessElement.update (package:flutter/src/widgets/framework.dart:5895:5)
#836    Element.updateChild (package:flutter/src/widgets/framework.dart:4037:15)
#837    ComponentElement.performRebuild (package:flutter/src/widgets/framework.dart:5841:16)
#838    StatefulElement.performRebuild (package:flutter/src/widgets/framework.dart:5982:11)
#839    Element.rebuild (package:flutter/src/widgets/framework.dart:5529:7)
#840    StatefulElement.update (package:flutter/src/widgets/framework.dart:6007:5)
#841    Element.updateChild (package:flutter/src/widgets/framework.dart:4037:15)
#842    RootElement._rebuild (package:flutter/src/widgets/binding.dart:1822:16)
#843    RootElement.update (package:flutter/src/widgets/binding.dart:1800:5)
#844    RootElement.performRebuild (package:flutter/src/widgets/binding.dart:1814:7)
#845    Element.rebuild (package:flutter/src/widgets/framework.dart:5529:7)
#846    BuildScope._tryRebuild (package:flutter/src/widgets/framework.dart:2750:15)
#847    BuildScope._flushDirtyElements (package:flutter/src/widgets/framework.dart:2807:11)
#848    BuildOwner.buildScope (package:flutter/src/widgets/framework.dart:3111:18)
#849    AutomatedTestWidgetsFlutterBinding.drawFrame (package:flutter_test/src/binding.dart:2131:19)
#850    RendererBinding._handlePersistentFrameCallback (package:flutter/src/rendering/binding.dart:495:5)
#851    SchedulerBinding._invokeFrameCallback (package:flutter/src/scheduler/binding.dart:1430:15)
#852    SchedulerBinding.handleDrawFrame (package:flutter/src/scheduler/binding.dart:1345:9)
#853    AutomatedTestWidgetsFlutterBinding.pump.<anonymous closure> (package:flutter_test/src/binding.dart:1960:9)
#856    TestAsyncUtils.guard (package:flutter_test/src/test_async_utils.dart:74:41)
#857    AutomatedTestWidgetsFlutterBinding.pump (package:flutter_test/src/binding.dart:1949:27)
#858    WidgetTester.pumpWidget.<anonymous closure> (package:flutter_test/src/widget_tester.dart:598:22)
#861    TestAsyncUtils.guard (package:flutter_test/src/test_async_utils.dart:74:41)
#862    WidgetTester.pumpWidget (package:flutter_test/src/widget_tester.dart:595:27)
#863    main.<anonymous closure> (file:///C:/MixVy/test/live_room_screen_test.dart:26:18)
<asynchronous suspension>
#864    testWidgets.<anonymous closure>.<anonymous closure> (package:flutter_test/src/widget_tester.dart:192:15)
<asynchronous suspension>
#865    TestWidgetsFlutterBinding._runTestBody (package:flutter_test/src/binding.dart:1682:5)
<asynchronous suspension>
<asynchronous suspension>
(elided 12 frames from dart:async and package:stack_trace)
════════════════════════════════════════════════════════════════════════════════════════════════════
  Test failed. See exception logs above.
  The test description was: LiveRoomScreen basic mount
  
══╡ EXCEPTION CAUGHT BY FLUTTER TEST FRAMEWORK ╞════════════════════════════════════════════════════
The following RoomSchemaException was thrown running a test (but after the test had completed):
[RoomSchemaException] Room document is null or empty | roomId= | docKeys=0 | missing=[meta]

When the exception was thrown, this was the stack:
#0      RoomSchemaValidator.validate (package:mixvy/core/contracts/room_contract.dart:133:7)
#1      RoomLiveStateMapper.fromFirestore (package:mixvy/core/contracts/room_contract.dart:367:25)
#2      roomLiveStateProvider.<anonymous closure>.<anonymous closure>.publish (package:mixvy/features/room/providers/room_live_state_provider.dart:32:33)
#3      roomLiveStateProvider.<anonymous closure>.<anonymous closure>.<anonymous closure> (package:mixvy/features/room/providers/room_live_state_provider.dart:71:13)
#4      runBinaryGuarded (package:riverpod/src/run_guarded.dart:29:7)
#5      handleFireImmediately.<anonymous closure> (package:riverpod/src/framework/listen.dart:12:21)
#6      ResultData.map (package:riverpod/src/result.dart:74:16)
#7      handleFireImmediately (package:riverpod/src/framework/listen.dart:11:16)
#8      ProviderBase.addListener (package:riverpod/src/framework/provider_base.dart:81:7)
#9      ProviderElementBase.listen (package:riverpod/src/framework/element.dart:779:23)
#10     roomLiveStateProvider.<anonymous closure>.<anonymous closure> (package:mixvy/features/room/providers/room_live_state_provider.dart:62:42)
#18     _extension#0.lastCancelable (package:riverpod/src/async_notifier/base.dart:548:20)
#19     FutureHandlerProviderElementMixin.handleStream.<anonymous closure> (package:riverpod/src/async_notifier/base.dart:298:14)
#20     FutureHandlerProviderElementMixin._handleAsync (package:riverpod/src/async_notifier/base.dart:372:47)
#21     FutureHandlerProviderElementMixin.handleStream (package:riverpod/src/async_notifier/base.dart:287:5)
#22     StreamProviderElement.create (package:riverpod/src/stream_provider/base.dart:159:5)
#23     ProviderElementBase.buildState (package:riverpod/src/framework/element.dart:423:7)
#24     ProviderElementBase.mount (package:riverpod/src/framework/element.dart:246:5)
#25     _StateReader._create (package:riverpod/src/framework/container.dart:47:11)
#26     _StateReader.getElement (package:riverpod/src/framework/container.dart:35:61)
#27     ProviderContainer.readProviderElement.<anonymous closure> (package:riverpod/src/framework/container.dart:442:40)
#28     ProviderContainer.readProviderElement (package:riverpod/src/framework/container.dart:477:8)
#29     ProviderBase.addListener (package:riverpod/src/framework/provider_base.dart:77:26)
#30     ProviderContainer.listen (package:riverpod/src/framework/container.dart:285:21)
#31     ConsumerStatefulElement.watch.<anonymous closure> (package:flutter_riverpod/src/consumer.dart:560:25)
#32     _LinkedHashMapMixin.putIfAbsent (dart:_compact_hash:675:23)
#33     ConsumerStatefulElement.watch (package:flutter_riverpod/src/consumer.dart:553:26)
#34     _LiveRoomScreenState.build (package:mixvy/features/room/presentation/live_room_screen.dart:234:26)
#35     StatefulElement.build (package:flutter/src/widgets/framework.dart:5931:27)
#36     ConsumerStatefulElement.build (package:flutter_riverpod/src/consumer.dart:542:20)
#37     ComponentElement.performRebuild (package:flutter/src/widgets/framework.dart:5817:15)
#38     StatefulElement.performRebuild (package:flutter/src/widgets/framework.dart:5982:11)
#39     Element.rebuild (package:flutter/src/widgets/framework.dart:5529:7)
#40     ComponentElement._firstBuild (package:flutter/src/widgets/framework.dart:5799:5)
#41     StatefulElement._firstBuild (package:flutter/src/widgets/framework.dart:5973:11)
#42     ComponentElement.mount (package:flutter/src/widgets/framework.dart:5793:5)
...     Normal element mounting (260 frames)
#302    Element.inflateWidget (package:flutter/src/widgets/framework.dart:4587:20)
#303    MultiChildRenderObjectElement.inflateWidget (package:flutter/src/widgets/framework.dart:7264:36)
#304    MultiChildRenderObjectElement.mount (package:flutter/src/widgets/framework.dart:7279:32)
...     Normal element mounting (473 frames)
#777    _UncontrolledProviderScopeElement.mount (package:flutter_riverpod/src/framework.dart:309:11)
...     Normal element mounting (9 frames)
#786    Element.inflateWidget (package:flutter/src/widgets/framework.dart:4587:20)
#787    Element.updateChild (package:flutter/src/widgets/framework.dart:4053:20)
#788    ComponentElement.performRebuild (package:flutter/src/widgets/framework.dart:5841:16)
#789    Element.rebuild (package:flutter/src/widgets/framework.dart:5529:7)
#790    ProxyElement.update (package:flutter/src/widgets/framework.dart:6149:5)
#791    _InheritedNotifierElement.update (package:flutter/src/widgets/inherited_notifier.dart:108:11)
#792    Element.updateChild (package:flutter/src/widgets/framework.dart:4037:15)
#793    ComponentElement.performRebuild (package:flutter/src/widgets/framework.dart:5841:16)
#794    StatefulElement.performRebuild (package:flutter/src/widgets/framework.dart:5982:11)
#795    Element.rebuild (package:flutter/src/widgets/framework.dart:5529:7)
#796    StatefulElement.update (package:flutter/src/widgets/framework.dart:6007:5)
#797    Element.updateChild (package:flutter/src/widgets/framework.dart:4037:15)
#798    ComponentElement.performRebuild (package:flutter/src/widgets/framework.dart:5841:16)
#799    Element.rebuild (package:flutter/src/widgets/framework.dart:5529:7)
#800    ProxyElement.update (package:flutter/src/widgets/framework.dart:6149:5)
#801    _InheritedNotifierElement.update (package:flutter/src/widgets/inherited_notifier.dart:108:11)
#802    Element.updateChild (package:flutter/src/widgets/framework.dart:4037:15)
#803    ComponentElement.performRebuild (package:flutter/src/widgets/framework.dart:5841:16)
#804    StatefulElement.performRebuild (package:flutter/src/widgets/framework.dart:5982:11)
#805    Element.rebuild (package:flutter/src/widgets/framework.dart:5529:7)
#806    StatefulElement.update (package:flutter/src/widgets/framework.dart:6007:5)
#807    Element.updateChild (package:flutter/src/widgets/framework.dart:4037:15)
#808    ComponentElement.performRebuild (package:flutter/src/widgets/framework.dart:5841:16)
#809    StatefulElement.performRebuild (package:flutter/src/widgets/framework.dart:5982:11)
#810    Element.rebuild (package:flutter/src/widgets/framework.dart:5529:7)
#811    StatefulElement.update (package:flutter/src/widgets/framework.dart:6007:5)
#812    Element.updateChild (package:flutter/src/widgets/framework.dart:4037:15)
#813    ComponentElement.performRebuild (package:flutter/src/widgets/framework.dart:5841:16)
#814    Element.rebuild (package:flutter/src/widgets/framework.dart:5529:7)
#815    ProxyElement.update (package:flutter/src/widgets/framework.dart:6149:5)
#816    Element.updateChild (package:flutter/src/widgets/framework.dart:4037:15)
#817    ComponentElement.performRebuild (package:flutter/src/widgets/framework.dart:5841:16)
#818    StatefulElement.performRebuild (package:flutter/src/widgets/framework.dart:5982:11)
#819    Element.rebuild (package:flutter/src/widgets/framework.dart:5529:7)
#820    StatefulElement.update (package:flutter/src/widgets/framework.dart:6007:5)
#821    Element.updateChild (package:flutter/src/widgets/framework.dart:4037:15)
#822    ComponentElement.performRebuild (package:flutter/src/widgets/framework.dart:5841:16)
#823    Element.rebuild (package:flutter/src/widgets/framework.dart:5529:7)
#824    ProxyElement.update (package:flutter/src/widgets/framework.dart:6149:5)
#825    Element.updateChild (package:flutter/src/widgets/framework.dart:4037:15)
#826    ComponentElement.performRebuild (package:flutter/src/widgets/framework.dart:5841:16)
#827    Element.rebuild (package:flutter/src/widgets/framework.dart:5529:7)
#828    ProxyElement.update (package:flutter/src/widgets/framework.dart:6149:5)
#829    Element.updateChild (package:flutter/src/widgets/framework.dart:4037:15)
#830    _RawViewElement._updateChild (package:flutter/src/widgets/view.dart:481:16)
#831    _RawViewElement.update (package:flutter/src/widgets/view.dart:568:5)
#832    Element.updateChild (package:flutter/src/widgets/framework.dart:4037:15)
#833    ComponentElement.performRebuild (package:flutter/src/widgets/framework.dart:5841:16)
#834    Element.rebuild (package:flutter/src/widgets/framework.dart:5529:7)
#835    StatelessElement.update (package:flutter/src/widgets/framework.dart:5895:5)
#836    Element.updateChild (package:flutter/src/widgets/framework.dart:4037:15)
#837    ComponentElement.performRebuild (package:flutter/src/widgets/framework.dart:5841:16)
#838    StatefulElement.performRebuild (package:flutter/src/widgets/framework.dart:5982:11)
#839    Element.rebuild (package:flutter/src/widgets/framework.dart:5529:7)
#840    StatefulElement.update (package:flutter/src/widgets/framework.dart:6007:5)
#841    Element.updateChild (package:flutter/src/widgets/framework.dart:4037:15)
#842    RootElement._rebuild (package:flutter/src/widgets/binding.dart:1822:16)
#843    RootElement.update (package:flutter/src/widgets/binding.dart:1800:5)
#844    RootElement.performRebuild (package:flutter/src/widgets/binding.dart:1814:7)
#845    Element.rebuild (package:flutter/src/widgets/framework.dart:5529:7)
#846    BuildScope._tryRebuild (package:flutter/src/widgets/framework.dart:2750:15)
#847    BuildScope._flushDirtyElements (package:flutter/src/widgets/framework.dart:2807:11)
#848    BuildOwner.buildScope (package:flutter/src/widgets/framework.dart:3111:18)
#849    AutomatedTestWidgetsFlutterBinding.drawFrame (package:flutter_test/src/binding.dart:2131:19)
#850    RendererBinding._handlePersistentFrameCallback (package:flutter/src/rendering/binding.dart:495:5)
#851    SchedulerBinding._invokeFrameCallback (package:flutter/src/scheduler/binding.dart:1430:15)
#852    SchedulerBinding.handleDrawFrame (package:flutter/src/scheduler/binding.dart:1345:9)
#853    AutomatedTestWidgetsFlutterBinding.pump.<anonymous closure> (package:flutter_test/src/binding.dart:1960:9)
#856    TestAsyncUtils.guard (package:flutter_test/src/test_async_utils.dart:74:41)
#857    AutomatedTestWidgetsFlutterBinding.pump (package:flutter_test/src/binding.dart:1949:27)
#858    WidgetTester.pumpWidget.<anonymous closure> (package:flutter_test/src/widget_tester.dart:598:22)
#861    TestAsyncUtils.guard (package:flutter_test/src/test_async_utils.dart:74:41)
#862    WidgetTester.pumpWidget (package:flutter_test/src/widget_tester.dart:595:27)
#863    main.<anonymous closure> (file:///C:/MixVy/test/live_room_screen_test.dart:26:18)
<asynchronous suspension>
#864    testWidgets.<anonymous closure>.<anonymous closure> (package:flutter_test/src/widget_tester.dart:192:15)
<asynchronous suspension>
#865    TestWidgetsFlutterBinding._runTestBody (package:flutter_test/src/binding.dart:1682:5)
<asynchronous suspension>
<asynchronous suspension>
(elided 12 frames from dart:async and package:stack_trace)
════════════════════════════════════════════════════════════════════════════════════════════════════
  Test failed. See exception logs above.
  The test description was: LiveRoomScreen basic mount
  
══╡ EXCEPTION CAUGHT BY FLUTTER TEST FRAMEWORK ╞════════════════════════════════════════════════════
The following RoomSchemaException was thrown running a test (but after the test had completed):
[RoomSchemaException] Room document is null or empty | roomId= | docKeys=0 | missing=[meta]

When the exception was thrown, this was the stack:
#0      RoomSchemaValidator.validate (package:mixvy/core/contracts/room_contract.dart:133:7)
#1      RoomLiveStateMapper.fromFirestore (package:mixvy/core/contracts/room_contract.dart:367:25)
#2      roomLiveStateProvider.<anonymous closure>.<anonymous closure>.publish (package:mixvy/features/room/providers/room_live_state_provider.dart:32:33)
#3      roomLiveStateProvider.<anonymous closure>.<anonymous closure>.<anonymous closure> (package:mixvy/features/room/providers/room_live_state_provider.dart:83:17)
#4      runBinaryGuarded (package:riverpod/src/run_guarded.dart:29:7)
#5      handleFireImmediately.<anonymous closure> (package:riverpod/src/framework/listen.dart:12:21)
#6      ResultData.map (package:riverpod/src/result.dart:74:16)
#7      handleFireImmediately (package:riverpod/src/framework/listen.dart:11:16)
#8      ProviderBase.addListener (package:riverpod/src/framework/provider_base.dart:81:7)
#9      ProviderElementBase.listen (package:riverpod/src/framework/element.dart:779:23)
#10     roomLiveStateProvider.<anonymous closure>.<anonymous closure> (package:mixvy/features/room/providers/room_live_state_provider.dart:77:14)
#18     _extension#0.lastCancelable (package:riverpod/src/async_notifier/base.dart:548:20)
#19     FutureHandlerProviderElementMixin.handleStream.<anonymous closure> (package:riverpod/src/async_notifier/base.dart:298:14)
#20     FutureHandlerProviderElementMixin._handleAsync (package:riverpod/src/async_notifier/base.dart:372:47)
#21     FutureHandlerProviderElementMixin.handleStream (package:riverpod/src/async_notifier/base.dart:287:5)
#22     StreamProviderElement.create (package:riverpod/src/stream_provider/base.dart:159:5)
#23     ProviderElementBase.buildState (package:riverpod/src/framework/element.dart:423:7)
#24     ProviderElementBase.mount (package:riverpod/src/framework/element.dart:246:5)
#25     _StateReader._create (package:riverpod/src/framework/container.dart:47:11)
#26     _StateReader.getElement (package:riverpod/src/framework/container.dart:35:61)
#27     ProviderContainer.readProviderElement.<anonymous closure> (package:riverpod/src/framework/container.dart:442:40)
#28     ProviderContainer.readProviderElement (package:riverpod/src/framework/container.dart:477:8)
#29     ProviderBase.addListener (package:riverpod/src/framework/provider_base.dart:77:26)
#30     ProviderContainer.listen (package:riverpod/src/framework/container.dart:285:21)
#31     ConsumerStatefulElement.watch.<anonymous closure> (package:flutter_riverpod/src/consumer.dart:560:25)
#32     _LinkedHashMapMixin.putIfAbsent (dart:_compact_hash:675:23)
#33     ConsumerStatefulElement.watch (package:flutter_riverpod/src/consumer.dart:553:26)
#34     _LiveRoomScreenState.build (package:mixvy/features/room/presentation/live_room_screen.dart:234:26)
#35     StatefulElement.build (package:flutter/src/widgets/framework.dart:5931:27)
#36     ConsumerStatefulElement.build (package:flutter_riverpod/src/consumer.dart:542:20)
#37     ComponentElement.performRebuild (package:flutter/src/widgets/framework.dart:5817:15)
#38     StatefulElement.performRebuild (package:flutter/src/widgets/framework.dart:5982:11)
#39     Element.rebuild (package:flutter/src/widgets/framework.dart:5529:7)
#40     ComponentElement._firstBuild (package:flutter/src/widgets/framework.dart:5799:5)
#41     StatefulElement._firstBuild (package:flutter/src/widgets/framework.dart:5973:11)
#42     ComponentElement.mount (package:flutter/src/widgets/framework.dart:5793:5)
...     Normal element mounting (260 frames)
#302    Element.inflateWidget (package:flutter/src/widgets/framework.dart:4587:20)
#303    MultiChildRenderObjectElement.inflateWidget (package:flutter/src/widgets/framework.dart:7264:36)
#304    MultiChildRenderObjectElement.mount (package:flutter/src/widgets/framework.dart:7279:32)
...     Normal element mounting (473 frames)
#777    _UncontrolledProviderScopeElement.mount (package:flutter_riverpod/src/framework.dart:309:11)
...     Normal element mounting (9 frames)
#786    Element.inflateWidget (package:flutter/src/widgets/framework.dart:4587:20)
#787    Element.updateChild (package:flutter/src/widgets/framework.dart:4053:20)
#788    ComponentElement.performRebuild (package:flutter/src/widgets/framework.dart:5841:16)
#789    Element.rebuild (package:flutter/src/widgets/framework.dart:5529:7)
#790    ProxyElement.update (package:flutter/src/widgets/framework.dart:6149:5)
#791    _InheritedNotifierElement.update (package:flutter/src/widgets/inherited_notifier.dart:108:11)
#792    Element.updateChild (package:flutter/src/widgets/framework.dart:4037:15)
#793    ComponentElement.performRebuild (package:flutter/src/widgets/framework.dart:5841:16)
#794    StatefulElement.performRebuild (package:flutter/src/widgets/framework.dart:5982:11)
#795    Element.rebuild (package:flutter/src/widgets/framework.dart:5529:7)
#796    StatefulElement.update (package:flutter/src/widgets/framework.dart:6007:5)
#797    Element.updateChild (package:flutter/src/widgets/framework.dart:4037:15)
#798    ComponentElement.performRebuild (package:flutter/src/widgets/framework.dart:5841:16)
#799    Element.rebuild (package:flutter/src/widgets/framework.dart:5529:7)
#800    ProxyElement.update (package:flutter/src/widgets/framework.dart:6149:5)
#801    _InheritedNotifierElement.update (package:flutter/src/widgets/inherited_notifier.dart:108:11)
#802    Element.updateChild (package:flutter/src/widgets/framework.dart:4037:15)
#803    ComponentElement.performRebuild (package:flutter/src/widgets/framework.dart:5841:16)
#804    StatefulElement.performRebuild (package:flutter/src/widgets/framework.dart:5982:11)
#805    Element.rebuild (package:flutter/src/widgets/framework.dart:5529:7)
#806    StatefulElement.update (package:flutter/src/widgets/framework.dart:6007:5)
#807    Element.updateChild (package:flutter/src/widgets/framework.dart:4037:15)
#808    ComponentElement.performRebuild (package:flutter/src/widgets/framework.dart:5841:16)
#809    StatefulElement.performRebuild (package:flutter/src/widgets/framework.dart:5982:11)
#810    Element.rebuild (package:flutter/src/widgets/framework.dart:5529:7)
#811    StatefulElement.update (package:flutter/src/widgets/framework.dart:6007:5)
#812    Element.updateChild (package:flutter/src/widgets/framework.dart:4037:15)
#813    ComponentElement.performRebuild (package:flutter/src/widgets/framework.dart:5841:16)
#814    Element.rebuild (package:flutter/src/widgets/framework.dart:5529:7)
#815    ProxyElement.update (package:flutter/src/widgets/framework.dart:6149:5)
#816    Element.updateChild (package:flutter/src/widgets/framework.dart:4037:15)
#817    ComponentElement.performRebuild (package:flutter/src/widgets/framework.dart:5841:16)
#818    StatefulElement.performRebuild (package:flutter/src/widgets/framework.dart:5982:11)
#819    Element.rebuild (package:flutter/src/widgets/framework.dart:5529:7)
#820    StatefulElement.update (package:flutter/src/widgets/framework.dart:6007:5)
#821    Element.updateChild (package:flutter/src/widgets/framework.dart:4037:15)
#822    ComponentElement.performRebuild (package:flutter/src/widgets/framework.dart:5841:16)
#823    Element.rebuild (package:flutter/src/widgets/framework.dart:5529:7)
#824    ProxyElement.update (package:flutter/src/widgets/framework.dart:6149:5)
#825    Element.updateChild (package:flutter/src/widgets/framework.dart:4037:15)
#826    ComponentElement.performRebuild (package:flutter/src/widgets/framework.dart:5841:16)
#827    Element.rebuild (package:flutter/src/widgets/framework.dart:5529:7)
#828    ProxyElement.update (package:flutter/src/widgets/framework.dart:6149:5)
#829    Element.updateChild (package:flutter/src/widgets/framework.dart:4037:15)
#830    _RawViewElement._updateChild (package:flutter/src/widgets/view.dart:481:16)
#831    _RawViewElement.update (package:flutter/src/widgets/view.dart:568:5)
#832    Element.updateChild (package:flutter/src/widgets/framework.dart:4037:15)
#833    ComponentElement.performRebuild (package:flutter/src/widgets/framework.dart:5841:16)
#834    Element.rebuild (package:flutter/src/widgets/framework.dart:5529:7)
#835    StatelessElement.update (package:flutter/src/widgets/framework.dart:5895:5)
#836    Element.updateChild (package:flutter/src/widgets/framework.dart:4037:15)
#837    ComponentElement.performRebuild (package:flutter/src/widgets/framework.dart:5841:16)
#838    StatefulElement.performRebuild (package:flutter/src/widgets/framework.dart:5982:11)
#839    Element.rebuild (package:flutter/src/widgets/framework.dart:5529:7)
#840    StatefulElement.update (package:flutter/src/widgets/framework.dart:6007:5)
#841    Element.updateChild (package:flutter/src/widgets/framework.dart:4037:15)
#842    RootElement._rebuild (package:flutter/src/widgets/binding.dart:1822:16)
#843    RootElement.update (package:flutter/src/widgets/binding.dart:1800:5)
#844    RootElement.performRebuild (package:flutter/src/widgets/binding.dart:1814:7)
#845    Element.rebuild (package:flutter/src/widgets/framework.dart:5529:7)
#846    BuildScope._tryRebuild (package:flutter/src/widgets/framework.dart:2750:15)
#847    BuildScope._flushDirtyElements (package:flutter/src/widgets/framework.dart:2807:11)
#848    BuildOwner.buildScope (package:flutter/src/widgets/framework.dart:3111:18)
#849    AutomatedTestWidgetsFlutterBinding.drawFrame (package:flutter_test/src/binding.dart:2131:19)
#850    RendererBinding._handlePersistentFrameCallback (package:flutter/src/rendering/binding.dart:495:5)
#851    SchedulerBinding._invokeFrameCallback (package:flutter/src/scheduler/binding.dart:1430:15)
#852    SchedulerBinding.handleDrawFrame (package:flutter/src/scheduler/binding.dart:1345:9)
#853    AutomatedTestWidgetsFlutterBinding.pump.<anonymous closure> (package:flutter_test/src/binding.dart:1960:9)
#856    TestAsyncUtils.guard (package:flutter_test/src/test_async_utils.dart:74:41)
#857    AutomatedTestWidgetsFlutterBinding.pump (package:flutter_test/src/binding.dart:1949:27)
#858    WidgetTester.pumpWidget.<anonymous closure> (package:flutter_test/src/widget_tester.dart:598:22)
#861    TestAsyncUtils.guard (package:flutter_test/src/test_async_utils.dart:74:41)
#862    WidgetTester.pumpWidget (package:flutter_test/src/widget_tester.dart:595:27)
#863    main.<anonymous closure> (file:///C:/MixVy/test/live_room_screen_test.dart:26:18)
<asynchronous suspension>
#864    testWidgets.<anonymous closure>.<anonymous closure> (package:flutter_test/src/widget_tester.dart:192:15)
<asynchronous suspension>
#865    TestWidgetsFlutterBinding._runTestBody (package:flutter_test/src/binding.dart:1682:5)
<asynchronous suspension>
<asynchronous suspension>
(elided 12 frames from dart:async and package:stack_trace)
════════════════════════════════════════════════════════════════════════════════════════════════════
  Test failed. See exception logs above.
  The test description was: LiveRoomScreen basic mount
  
[MixVy][INFO] [2026-05-06T21:48:12.217332] [ROOM JOIN] Attempting room join. userId=user-1 roomId=room-a result=start
[MixVy][INFO] [2026-05-06T21:48:12.221843] [FIRESTORE GET_ROOM_FOR_JOIN] Firestore read issued. userId=user-1 roomId=room-a result=read path=rooms/room-a
[MixVy][INFO] [2026-05-06T21:48:12.227277] [FIRESTORE SNAPSHOT] Firestore snapshot triggered. roomId=room-a result=1 key=room_doc/room-a query=rooms/room-a
══╡ EXCEPTION CAUGHT BY FLUTTER TEST FRAMEWORK ╞════════════════════════════════════════════════════
The following RoomSchemaException was thrown running a test (but after the test had completed):
[RoomSchemaException] Room document is null or empty | roomId= | docKeys=0 | missing=[meta]

When the exception was thrown, this was the stack:
#0      RoomSchemaValidator.validate (package:mixvy/core/contracts/room_contract.dart:133:7)
#1      RoomLiveStateMapper.fromFirestore (package:mixvy/core/contracts/room_contract.dart:367:25)
#2      roomLiveStateProvider.<anonymous closure>.<anonymous closure>.publish (package:mixvy/features/room/providers/room_live_state_provider.dart:32:33)
#3      roomLiveStateProvider.<anonymous closure>.<anonymous closure>.<anonymous closure> (package:mixvy/features/room/providers/room_live_state_provider.dart:46:13)
#4      ProviderElementBase._listenElement.<anonymous closure> (package:riverpod/src/framework/element.dart:756:42)
#8      ProviderElementBase._notifyListeners.<anonymous closure> (package:riverpod/src/framework/element.dart:544:24)
#9      ResultData.map (package:riverpod/src/result.dart:74:16)
#10     ProviderElementBase._notifyListeners (package:riverpod/src/framework/element.dart:534:14)
#11     ProviderElementBase.setState (package:riverpod/src/framework/element.dart:158:7)
#12     AsyncTransition.asyncTransition (package:riverpod/src/common.dart:28:7)
#13     FutureHandlerProviderElementMixin.onData (package:riverpod/src/async_notifier/base.dart:268:7)
#14     StreamProviderElement.onData (package:riverpod/src/stream_provider/base.dart:196:11)
#15     FutureHandlerProviderElementMixin._handleAsync.<anonymous closure> (package:riverpod/src/async_notifier/base.dart:374:11)
#48     FakeAsync.run.<anonymous closure>.<anonymous closure> (package:fake_async/fake_async.dart:189:18)
#49     FakeAsync.flushMicrotasks (package:fake_async/fake_async.dart:200:32)
#50     AutomatedTestWidgetsFlutterBinding.pump.<anonymous closure> (package:flutter_test/src/binding.dart:1962:26)
#53     TestAsyncUtils.guard (package:flutter_test/src/test_async_utils.dart:74:41)
#54     AutomatedTestWidgetsFlutterBinding.pump (package:flutter_test/src/binding.dart:1949:27)
#55     WidgetTester.pumpWidget.<anonymous closure> (package:flutter_test/src/widget_tester.dart:598:22)
#58     TestAsyncUtils.guard (package:flutter_test/src/test_async_utils.dart:74:41)
#59     WidgetTester.pumpWidget (package:flutter_test/src/widget_tester.dart:595:27)
#60     main.<anonymous closure> (file:///C:/MixVy/test/live_room_screen_test.dart:26:18)
<asynchronous suspension>
#61     testWidgets.<anonymous closure>.<anonymous closure> (package:flutter_test/src/widget_tester.dart:192:15)
<asynchronous suspension>
#62     TestWidgetsFlutterBinding._runTestBody (package:flutter_test/src/binding.dart:1682:5)
<asynchronous suspension>
<asynchronous suspension>
(elided 40 frames from dart:async and package:stack_trace)
════════════════════════════════════════════════════════════════════════════════════════════════════
  Test failed. See exception logs above.
  The test description was: LiveRoomScreen basic mount
  
══╡ EXCEPTION CAUGHT BY FLUTTER TEST FRAMEWORK ╞════════════════════════════════════════════════════
The following RoomSchemaException was thrown running a test (but after the test had completed):
[RoomSchemaException] Room document is null or empty | roomId= | docKeys=0 | missing=[meta]

When the exception was thrown, this was the stack:
#0      RoomSchemaValidator.validate (package:mixvy/core/contracts/room_contract.dart:133:7)
#1      RoomLiveStateMapper.fromFirestore (package:mixvy/core/contracts/room_contract.dart:367:25)
#2      roomLiveStateProvider.<anonymous closure>.<anonymous closure>.publish (package:mixvy/features/room/providers/room_live_state_provider.dart:32:33)
#3      roomLiveStateProvider.<anonymous closure>.<anonymous closure>.<anonymous closure> (package:mixvy/features/room/providers/room_live_state_provider.dart:57:17)
#4      ProviderElementBase._listenElement.<anonymous closure> (package:riverpod/src/framework/element.dart:756:42)
#8      ProviderElementBase._notifyListeners.<anonymous closure> (package:riverpod/src/framework/element.dart:544:24)
#9      ResultData.map (package:riverpod/src/result.dart:74:16)
#10     ProviderElementBase._notifyListeners (package:riverpod/src/framework/element.dart:534:14)
#11     ProviderElementBase.setState (package:riverpod/src/framework/element.dart:158:7)
#12     AsyncTransition.asyncTransition (package:riverpod/src/common.dart:28:7)
#13     FutureHandlerProviderElementMixin.onData (package:riverpod/src/async_notifier/base.dart:268:7)
#14     StreamProviderElement.onData (package:riverpod/src/stream_provider/base.dart:196:11)
#15     FutureHandlerProviderElementMixin._handleAsync.<anonymous closure> (package:riverpod/src/async_notifier/base.dart:374:11)
#48     FakeAsync.run.<anonymous closure>.<anonymous closure> (package:fake_async/fake_async.dart:189:18)
#49     FakeAsync.flushMicrotasks (package:fake_async/fake_async.dart:200:32)
#50     AutomatedTestWidgetsFlutterBinding.pump.<anonymous closure> (package:flutter_test/src/binding.dart:1962:26)
#53     TestAsyncUtils.guard (package:flutter_test/src/test_async_utils.dart:74:41)
#54     AutomatedTestWidgetsFlutterBinding.pump (package:flutter_test/src/binding.dart:1949:27)
#55     WidgetTester.pumpWidget.<anonymous closure> (package:flutter_test/src/widget_tester.dart:598:22)
#58     TestAsyncUtils.guard (package:flutter_test/src/test_async_utils.dart:74:41)
#59     WidgetTester.pumpWidget (package:flutter_test/src/widget_tester.dart:595:27)
#60     main.<anonymous closure> (file:///C:/MixVy/test/live_room_screen_test.dart:26:18)
<asynchronous suspension>
#61     testWidgets.<anonymous closure>.<anonymous closure> (package:flutter_test/src/widget_tester.dart:192:15)
<asynchronous suspension>
#62     TestWidgetsFlutterBinding._runTestBody (package:flutter_test/src/binding.dart:1682:5)
<asynchronous suspension>
<asynchronous suspension>
(elided 40 frames from dart:async and package:stack_trace)
════════════════════════════════════════════════════════════════════════════════════════════════════
  Test failed. See exception logs above.
  The test description was: LiveRoomScreen basic mount
  
══╡ EXCEPTION CAUGHT BY FLUTTER TEST FRAMEWORK ╞════════════════════════════════════════════════════
The following RoomSchemaException was thrown running a test (but after the test had completed):
[RoomSchemaException] Room document is null or empty | roomId= | docKeys=0 | missing=[meta]

When the exception was thrown, this was the stack:
#0      RoomSchemaValidator.validate (package:mixvy/core/contracts/room_contract.dart:133:7)
#1      RoomLiveStateMapper.fromFirestore (package:mixvy/core/contracts/room_contract.dart:367:25)
#2      roomLiveStateProvider.<anonymous closure>.<anonymous closure>.publish (package:mixvy/features/room/providers/room_live_state_provider.dart:32:33)
#3      roomLiveStateProvider.<anonymous closure>.<anonymous closure>.<anonymous closure> (package:mixvy/features/room/providers/room_live_state_provider.dart:83:17)
#4      ProviderElementBase._listenElement.<anonymous closure> (package:riverpod/src/framework/element.dart:756:42)
#8      ProviderElementBase._notifyListeners.<anonymous closure> (package:riverpod/src/framework/element.dart:544:24)
#9      ResultData.map (package:riverpod/src/result.dart:74:16)
#10     ProviderElementBase._notifyListeners (package:riverpod/src/framework/element.dart:534:14)
#11     ProviderElementBase.setState (package:riverpod/src/framework/element.dart:158:7)
#12     AsyncTransition.asyncTransition (package:riverpod/src/common.dart:28:7)
#13     FutureHandlerProviderElementMixin.onData (package:riverpod/src/async_notifier/base.dart:268:7)
#14     StreamProviderElement.onData (package:riverpod/src/stream_provider/base.dart:196:11)
#15     FutureHandlerProviderElementMixin._handleAsync.<anonymous closure> (package:riverpod/src/async_notifier/base.dart:374:11)
#48     FakeAsync.run.<anonymous closure>.<anonymous closure> (package:fake_async/fake_async.dart:189:18)
#49     FakeAsync.flushMicrotasks (package:fake_async/fake_async.dart:200:32)
#50     AutomatedTestWidgetsFlutterBinding.pump.<anonymous closure> (package:flutter_test/src/binding.dart:1962:26)
#53     TestAsyncUtils.guard (package:flutter_test/src/test_async_utils.dart:74:41)
#54     AutomatedTestWidgetsFlutterBinding.pump (package:flutter_test/src/binding.dart:1949:27)
#55     WidgetTester.pumpWidget.<anonymous closure> (package:flutter_test/src/widget_tester.dart:598:22)
#58     TestAsyncUtils.guard (package:flutter_test/src/test_async_utils.dart:74:41)
#59     WidgetTester.pumpWidget (package:flutter_test/src/widget_tester.dart:595:27)
#60     main.<anonymous closure> (file:///C:/MixVy/test/live_room_screen_test.dart:26:18)
<asynchronous suspension>
#61     testWidgets.<anonymous closure>.<anonymous closure> (package:flutter_test/src/widget_tester.dart:192:15)
<asynchronous suspension>
#62     TestWidgetsFlutterBinding._runTestBody (package:flutter_test/src/binding.dart:1682:5)
<asynchronous suspension>
<asynchronous suspension>
(elided 40 frames from dart:async and package:stack_trace)
════════════════════════════════════════════════════════════════════════════════════════════════════
  Test failed. See exception logs above.
  The test description was: LiveRoomScreen basic mount
  
[MixVy][INFO] [2026-05-06T21:48:12.252553] [FIRESTORE SNAPSHOT] Firestore snapshot triggered. roomId=room-a result=0 key=room_members/room-a query=rooms/room-a/members
══╡ EXCEPTION CAUGHT BY FLUTTER TEST FRAMEWORK ╞════════════════════════════════════════════════════
The following RoomSchemaException was thrown running a test (but after the test had completed):
[RoomSchemaException] Room document is null or empty | roomId= | docKeys=0 | missing=[meta]

When the exception was thrown, this was the stack:
#0      RoomSchemaValidator.validate (package:mixvy/core/contracts/room_contract.dart:133:7)
#1      RoomLiveStateMapper.fromFirestore (package:mixvy/core/contracts/room_contract.dart:367:25)
#2      roomLiveStateProvider.<anonymous closure>.<anonymous closure>.publish (package:mixvy/features/room/providers/room_live_state_provider.dart:32:33)
#3      roomLiveStateProvider.<anonymous closure>.<anonymous closure>.<anonymous closure> (package:mixvy/features/room/providers/room_live_state_provider.dart:57:17)
#4      ProviderElementBase._listenElement.<anonymous closure> (package:riverpod/src/framework/element.dart:756:42)
#8      ProviderElementBase._notifyListeners.<anonymous closure> (package:riverpod/src/framework/element.dart:544:24)
#9      ResultData.map (package:riverpod/src/result.dart:74:16)
#10     ProviderElementBase._notifyListeners (package:riverpod/src/framework/element.dart:534:14)
#11     ProviderElementBase.setState (package:riverpod/src/framework/element.dart:158:7)
#12     AsyncTransition.asyncTransition (package:riverpod/src/common.dart:28:7)
#13     FutureHandlerProviderElementMixin.onData (package:riverpod/src/async_notifier/base.dart:268:7)
#14     StreamProviderElement.onData (package:riverpod/src/stream_provider/base.dart:196:11)
#15     FutureHandlerProviderElementMixin._handleAsync.<anonymous closure> (package:riverpod/src/async_notifier/base.dart:374:11)
#48     FakeAsync.run.<anonymous closure>.<anonymous closure> (package:fake_async/fake_async.dart:189:18)
#49     FakeAsync.flushMicrotasks (package:fake_async/fake_async.dart:200:32)
#50     AutomatedTestWidgetsFlutterBinding.pump.<anonymous closure> (package:flutter_test/src/binding.dart:1962:26)
#53     TestAsyncUtils.guard (package:flutter_test/src/test_async_utils.dart:74:41)
#54     AutomatedTestWidgetsFlutterBinding.pump (package:flutter_test/src/binding.dart:1949:27)
#55     WidgetTester.pumpWidget.<anonymous closure> (package:flutter_test/src/widget_tester.dart:598:22)
#58     TestAsyncUtils.guard (package:flutter_test/src/test_async_utils.dart:74:41)
#59     WidgetTester.pumpWidget (package:flutter_test/src/widget_tester.dart:595:27)
#60     main.<anonymous closure> (file:///C:/MixVy/test/live_room_screen_test.dart:26:18)
<asynchronous suspension>
#61     testWidgets.<anonymous closure>.<anonymous closure> (package:flutter_test/src/widget_tester.dart:192:15)
<asynchronous suspension>
#62     TestWidgetsFlutterBinding._runTestBody (package:flutter_test/src/binding.dart:1682:5)
<asynchronous suspension>
<asynchronous suspension>
(elided 40 frames from dart:async and package:stack_trace)
════════════════════════════════════════════════════════════════════════════════════════════════════
  Test failed. See exception logs above.
  The test description was: LiveRoomScreen basic mount
  
══╡ EXCEPTION CAUGHT BY FLUTTER TEST FRAMEWORK ╞════════════════════════════════════════════════════
The following RoomSchemaException was thrown running a test (but after the test had completed):
[RoomSchemaException] Room document missing required root keys | roomId= | docKeys=3 |
missing=[meta]

When the exception was thrown, this was the stack:
#0      RoomSchemaValidator.validate (package:mixvy/core/contracts/room_contract.dart:146:7)
#1      RoomLiveStateMapper.fromFirestore (package:mixvy/core/contracts/room_contract.dart:367:25)
#2      roomLiveStateProvider.<anonymous closure>.<anonymous closure>.publish (package:mixvy/features/room/providers/room_live_state_provider.dart:32:33)
#3      roomLiveStateProvider.<anonymous closure>.<anonymous closure>.<anonymous closure> (package:mixvy/features/room/providers/room_live_state_provider.dart:46:13)
#4      ProviderElementBase._listenElement.<anonymous closure> (package:riverpod/src/framework/element.dart:756:42)
#8      ProviderElementBase._notifyListeners.<anonymous closure> (package:riverpod/src/framework/element.dart:544:24)
#9      ResultData.map (package:riverpod/src/result.dart:74:16)
#10     ProviderElementBase._notifyListeners (package:riverpod/src/framework/element.dart:534:14)
#11     ProviderElementBase.setState (package:riverpod/src/framework/element.dart:158:7)
#12     AsyncTransition.asyncTransition (package:riverpod/src/common.dart:28:7)
#13     FutureHandlerProviderElementMixin.onData (package:riverpod/src/async_notifier/base.dart:268:7)
#14     StreamProviderElement.onData (package:riverpod/src/stream_provider/base.dart:196:11)
#15     FutureHandlerProviderElementMixin._handleAsync.<anonymous closure> (package:riverpod/src/async_notifier/base.dart:374:11)
#48     FakeAsync.run.<anonymous closure>.<anonymous closure> (package:fake_async/fake_async.dart:189:18)
#49     FakeAsync.flushMicrotasks (package:fake_async/fake_async.dart:200:32)
#50     AutomatedTestWidgetsFlutterBinding.pump.<anonymous closure> (package:flutter_test/src/binding.dart:1962:26)
#53     TestAsyncUtils.guard (package:flutter_test/src/test_async_utils.dart:74:41)
#54     AutomatedTestWidgetsFlutterBinding.pump (package:flutter_test/src/binding.dart:1949:27)
#55     WidgetTester.pumpWidget.<anonymous closure> (package:flutter_test/src/widget_tester.dart:598:22)
#58     TestAsyncUtils.guard (package:flutter_test/src/test_async_utils.dart:74:41)
#59     WidgetTester.pumpWidget (package:flutter_test/src/widget_tester.dart:595:27)
#60     main.<anonymous closure> (file:///C:/MixVy/test/live_room_screen_test.dart:26:18)
<asynchronous suspension>
#61     testWidgets.<anonymous closure>.<anonymous closure> (package:flutter_test/src/widget_tester.dart:192:15)
<asynchronous suspension>
#62     TestWidgetsFlutterBinding._runTestBody (package:flutter_test/src/binding.dart:1682:5)
<asynchronous suspension>
<asynchronous suspension>
(elided 40 frames from dart:async and package:stack_trace)
════════════════════════════════════════════════════════════════════════════════════════════════════
  Test failed. See exception logs above.
  The test description was: LiveRoomScreen basic mount
  
[MixVy][INFO] [2026-05-06T21:48:12.260316] [FIRESTORE GET_CURRENT_PARTICIPANT] Firestore read issued. userId=user-1 roomId=room-a result=read path=rooms/room-a/participants/user-1
[MixVy][INFO] [2026-05-06T21:48:12.267863] [ROOM JOIN] Room join completed. userId=user-1 roomId=room-a result=success
[MixVy][INFO] [2026-05-06T21:48:12.316902] [FIRESTORE LISTENER_START] Firestore listener attached. roomId=room-a result=1 key=room_speakers/room-a query=rooms/room-a/speakers
[MixVy][INFO] [2026-05-06T21:48:12.322156] [FIRESTORE ROOM_HEARTBEAT] Firestore write issued. userId=user-1 roomId=room-a result=write path=rooms/room-a/participants/user-1
[MixVy][INFO] [2026-05-06T21:48:12.326515] [FIRESTORE SNAPSHOT] Firestore snapshot triggered. roomId=room-a result=1 key=room_members/room-a query=rooms/room-a/members
[MixVy][INFO] [2026-05-06T21:48:12.328776] [FIRESTORE SNAPSHOT] Firestore snapshot triggered. roomId=room-a result=1 key=room_doc/room-a query=rooms/room-a
[MixVy][INFO] [2026-05-06T21:48:12.329525] [FIRESTORE SNAPSHOT] Firestore snapshot triggered. roomId=room-a result=0 key=room_speakers/room-a query=rooms/room-a/speakers
══╡ EXCEPTION CAUGHT BY FLUTTER TEST FRAMEWORK ╞════════════════════════════════════════════════════
The following RoomSchemaException was thrown running a test (but after the test had completed):
[RoomSchemaException] Room document missing required root keys | roomId= | docKeys=6 |
missing=[meta]

When the exception was thrown, this was the stack:
#0      RoomSchemaValidator.validate (package:mixvy/core/contracts/room_contract.dart:146:7)
#1      RoomLiveStateMapper.fromFirestore (package:mixvy/core/contracts/room_contract.dart:367:25)
#2      roomLiveStateProvider.<anonymous closure>.<anonymous closure>.publish (package:mixvy/features/room/providers/room_live_state_provider.dart:32:33)
#3      roomLiveStateProvider.<anonymous closure>.<anonymous closure>.<anonymous closure> (package:mixvy/features/room/providers/room_live_state_provider.dart:46:13)
#4      ProviderElementBase._listenElement.<anonymous closure> (package:riverpod/src/framework/element.dart:756:42)
#8      ProviderElementBase._notifyListeners.<anonymous closure> (package:riverpod/src/framework/element.dart:544:24)
#9      ResultData.map (package:riverpod/src/result.dart:74:16)
#10     ProviderElementBase._notifyListeners (package:riverpod/src/framework/element.dart:534:14)
#11     ProviderElementBase.setState (package:riverpod/src/framework/element.dart:158:7)
#12     AsyncTransition.asyncTransition (package:riverpod/src/common.dart:28:7)
#13     FutureHandlerProviderElementMixin.onData (package:riverpod/src/async_notifier/base.dart:268:7)
#14     StreamProviderElement.onData (package:riverpod/src/stream_provider/base.dart:196:11)
#15     FutureHandlerProviderElementMixin._handleAsync.<anonymous closure> (package:riverpod/src/async_notifier/base.dart:374:11)
#48     FakeAsync.run.<anonymous closure>.<anonymous closure> (package:fake_async/fake_async.dart:189:18)
#49     FakeAsync.flushMicrotasks (package:fake_async/fake_async.dart:200:32)
#50     AutomatedTestWidgetsFlutterBinding.pump.<anonymous closure> (package:flutter_test/src/binding.dart:1962:26)
#53     TestAsyncUtils.guard (package:flutter_test/src/test_async_utils.dart:74:41)
#54     AutomatedTestWidgetsFlutterBinding.pump (package:flutter_test/src/binding.dart:1949:27)
#55     WidgetTester.pumpWidget.<anonymous closure> (package:flutter_test/src/widget_tester.dart:598:22)
#58     TestAsyncUtils.guard (package:flutter_test/src/test_async_utils.dart:74:41)
#59     WidgetTester.pumpWidget (package:flutter_test/src/widget_tester.dart:595:27)
#60     main.<anonymous closure> (file:///C:/MixVy/test/live_room_screen_test.dart:26:18)
<asynchronous suspension>
#61     testWidgets.<anonymous closure>.<anonymous closure> (package:flutter_test/src/widget_tester.dart:192:15)
<asynchronous suspension>
#62     TestWidgetsFlutterBinding._runTestBody (package:flutter_test/src/binding.dart:1682:5)
<asynchronous suspension>
<asynchronous suspension>
(elided 40 frames from dart:async and package:stack_trace)
════════════════════════════════════════════════════════════════════════════════════════════════════
  Test failed. See exception logs above.
  The test description was: LiveRoomScreen basic mount
  
══╡ EXCEPTION CAUGHT BY FLUTTER TEST FRAMEWORK ╞════════════════════════════════════════════════════
The following RoomSchemaException was thrown running a test (but after the test had completed):
[RoomSchemaException] Room document missing required root keys | roomId= | docKeys=6 |
missing=[meta]

When the exception was thrown, this was the stack:
#0      RoomSchemaValidator.validate (package:mixvy/core/contracts/room_contract.dart:146:7)
#1      RoomLiveStateMapper.fromFirestore (package:mixvy/core/contracts/room_contract.dart:367:25)
#2      roomLiveStateProvider.<anonymous closure>.<anonymous closure>.publish (package:mixvy/features/room/providers/room_live_state_provider.dart:32:33)
#3      roomLiveStateProvider.<anonymous closure>.<anonymous closure>.<anonymous closure> (package:mixvy/features/room/providers/room_live_state_provider.dart:71:13)
#4      ProviderElementBase._listenElement.<anonymous closure> (package:riverpod/src/framework/element.dart:756:42)
#8      ProviderElementBase._notifyListeners.<anonymous closure> (package:riverpod/src/framework/element.dart:544:24)
#9      ResultData.map (package:riverpod/src/result.dart:74:16)
#10     ProviderElementBase._notifyListeners (package:riverpod/src/framework/element.dart:534:14)
#11     ProviderElementBase.setState (package:riverpod/src/framework/element.dart:158:7)
#12     AsyncTransition.asyncTransition (package:riverpod/src/common.dart:28:7)
#13     FutureHandlerProviderElementMixin.onData (package:riverpod/src/async_notifier/base.dart:268:7)
#14     StreamProviderElement.onData (package:riverpod/src/stream_provider/base.dart:196:11)
#15     FutureHandlerProviderElementMixin._handleAsync.<anonymous closure> (package:riverpod/src/async_notifier/base.dart:374:11)
#48     FakeAsync.run.<anonymous closure>.<anonymous closure> (package:fake_async/fake_async.dart:189:18)
#49     FakeAsync.flushMicrotasks (package:fake_async/fake_async.dart:200:32)
#50     AutomatedTestWidgetsFlutterBinding.pump.<anonymous closure> (package:flutter_test/src/binding.dart:1962:26)
#53     TestAsyncUtils.guard (package:flutter_test/src/test_async_utils.dart:74:41)
#54     AutomatedTestWidgetsFlutterBinding.pump (package:flutter_test/src/binding.dart:1949:27)
#55     WidgetTester.pump.<anonymous closure> (package:flutter_test/src/widget_tester.dart:652:53)
#58     TestAsyncUtils.guard (package:flutter_test/src/test_async_utils.dart:74:41)
#59     WidgetTester.pump (package:flutter_test/src/widget_tester.dart:652:27)
#60     main.<anonymous closure> (file:///C:/MixVy/test/live_room_screen_test.dart:62:18)
<asynchronous suspension>
#61     testWidgets.<anonymous closure>.<anonymous closure> (package:flutter_test/src/widget_tester.dart:192:15)
<asynchronous suspension>
#62     TestWidgetsFlutterBinding._runTestBody (package:flutter_test/src/binding.dart:1682:5)
<asynchronous suspension>
<asynchronous suspension>
(elided 40 frames from dart:async and package:stack_trace)
════════════════════════════════════════════════════════════════════════════════════════════════════
  Test failed. See exception logs above.
  The test description was: LiveRoomScreen basic mount
  
[MixVy][INFO] [2026-05-06T21:48:12.481506] [FIRESTORE LISTENER_STOP] Firestore listener detached. roomId=room-a result=0 key=room_speakers/room-a query=rooms/room-a/speakers
[MixVy][INFO] [2026-05-06T21:48:12.482255] [FIRESTORE LISTENER_STOP] Firestore listener detached. roomId=room-a result=0 key=room_members/room-a query=rooms/room-a/members
[MixVy][INFO] [2026-05-06T21:48:12.482255] [FIRESTORE LISTENER_STOP] Firestore listener detached. roomId=room-a result=0 key=room_doc/room-a query=rooms/room-a
00:16 +153 -15: C:/MixVy/test/messaging_retention_test.dart: Messaging retention sendmessage writes expiresAt and updates conversation summary
[MixVy][INFO] [2026-05-06T21:48:12.582368] [MESSAGING SEND_MESSAGE] Message send started. userId=user-1 roomId=conv-1 result=start
[MixVy][INFO] [2026-05-06T21:48:12.600528] [MESSAGING SEND_MESSAGE] Message send completed. userId=user-1 roomId=conv-1 result=success
00:16 +154 -15: C:/MixVy/test/login_signup_navigation_test.dart: login screen exposes signup navigation
00:16 +155 -15: C:/MixVy/test/login_signup_navigation_test.dart: login screen exposes signup navigation
00:17 +156 -15: C:/MixVy/test/login_signup_navigation_test.dart: login screen exposes signup navigation
00:17 +157 -15: C:/MixVy/test/login_signup_navigation_test.dart: login screen exposes signup navigation
00:17 +158 -15: C:/MixVy/test/login_signup_navigation_test.dart: login screen exposes signup navigation
00:17 +159 -15: C:/MixVy/test/login_signup_navigation_test.dart: login screen exposes signup navigation
00:17 +160 -15: C:/MixVy/test/login_signup_navigation_test.dart: login screen exposes signup navigation
00:17 +161 -15: C:/MixVy/test/login_signup_navigation_test.dart: login screen exposes signup navigation
00:17 +162 -15: C:/MixVy/test/login_signup_navigation_test.dart: login screen exposes signup navigation
00:17 +163 -15: C:/MixVy/test/login_signup_navigation_test.dart: login screen exposes signup navigation
00:17 +164 -15: C:/MixVy/test/messages_screen_test.dart: messagescreen renders Inbox AppBar and request action
══╡ EXCEPTION CAUGHT BY FLUTTER TEST FRAMEWORK ╞════════════════════════════════════════════════════
The following assertion was thrown running a test:
A StreamLifecycleManager was used after being disposed.
Once you have called dispose() on a StreamLifecycleManager, it can no longer be used.

When the exception was thrown, this was the stack:
#0      ChangeNotifier.debugAssertNotDisposed.<anonymous closure> (package:flutter/src/foundation/change_notifier.dart:182:9)
#1      ChangeNotifier.debugAssertNotDisposed (package:flutter/src/foundation/change_notifier.dart:189:6)
#2      ChangeNotifier.dispose (package:flutter/src/foundation/change_notifier.dart:374:27)
#3      runGuarded (package:riverpod/src/run_guarded.dart:9:7)
#4      ChangeNotifierProviderElement.runOnDispose (package:flutter_riverpod/src/change_notifier_provider/base.dart:223:7)
#5      ProviderElementBase.dispose (package:riverpod/src/framework/element.dart:868:5)
#6      ProviderContainer.dispose (package:riverpod/src/framework/container.dart:624:15)
#7      ProviderScopeState.dispose (package:flutter_riverpod/src/framework.dart:258:15)
#8      StatefulElement.unmount (package:flutter/src/widgets/framework.dart:6030:11)
#9      _InactiveElements._unmount (package:flutter/src/widgets/framework.dart:2117:13)
#10     ListIterable.forEach (dart:_internal/iterable.dart:49:13)
#11     _InactiveElements._unmountAll (package:flutter/src/widgets/framework.dart:2126:25)
#12     BuildOwner.lockState (package:flutter/src/widgets/framework.dart:3020:15)
#13     BuildOwner.finalizeTree (package:flutter/src/widgets/framework.dart:3344:7)
#14     AutomatedTestWidgetsFlutterBinding.drawFrame (package:flutter_test/src/binding.dart:2153:19)
#15     RendererBinding._handlePersistentFrameCallback (package:flutter/src/rendering/binding.dart:495:5)
#16     SchedulerBinding._invokeFrameCallback (package:flutter/src/scheduler/binding.dart:1430:15)
#17     SchedulerBinding.handleDrawFrame (package:flutter/src/scheduler/binding.dart:1345:9)
#18     AutomatedTestWidgetsFlutterBinding.scheduleWarmUpFrame (package:flutter_test/src/binding.dart:2057:5)
#19     _runWidget (package:flutter/src/widgets/binding.dart:1683:7)
#20     runApp (package:flutter/src/widgets/binding.dart:1616:3)
#21     TestWidgetsFlutterBinding._runTestBody (package:flutter_test/src/binding.dart:1689:7)
<asynchronous suspension>
<asynchronous suspension>
(elided one frame from package:stack_trace)

The test description was:
  renders Inbox AppBar and request action
════════════════════════════════════════════════════════════════════════════════════════════════════
00:17 +164 -16: C:/MixVy/test/messages_screen_test.dart: messagescreen renders Inbox AppBar and request action [E]
  Test failed. See exception logs above.
  The test description was: renders Inbox AppBar and request action
  
00:17 +164 -16: C:/MixVy/test/messages_screen_test.dart: messagescreen shows empty Chats state when no conversations exist
══╡ EXCEPTION CAUGHT BY FLUTTER TEST FRAMEWORK ╞════════════════════════════════════════════════════
The following TestFailure was thrown running a test:
Expected: exactly one matching candidate
  Actual: _TextWidgetFinder:<Found 0 widgets with text "No conversations yet": []>
   Which: means none were found but one was expected

When the exception was thrown, this was the stack:
#4      main.<anonymous closure>.<anonymous closure> (file:///C:/MixVy/test/messages_screen_test.dart:64:7)
<asynchronous suspension>
#5      testWidgets.<anonymous closure>.<anonymous closure> (package:flutter_test/src/widget_tester.dart:192:15)
<asynchronous suspension>
#6      TestWidgetsFlutterBinding._runTestBody (package:flutter_test/src/binding.dart:1682:5)
<asynchronous suspension>
<asynchronous suspension>
(elided one frame from package:stack_trace)

This was caught by the test expectation on the following line:
  file:///C:/MixVy/test/messages_screen_test.dart line 64
The test description was:
  shows empty Chats state when no conversations exist
════════════════════════════════════════════════════════════════════════════════════════════════════
00:18 +164 -17: C:/MixVy/test/new_members_provider_test.dart: newMembersStreamProvider returns empty list when no users exist
00:18 +164 -17: C:/MixVy/test/messages_screen_test.dart: messagescreen shows empty Chats state when no conversations exist [E]
  Test failed. See exception logs above.
  The test description was: shows empty Chats state when no conversations exist
  
00:18 +165 -17: C:/MixVy/test/messages_screen_test.dart: messagescreen shows conversations when they exist
00:18 +166 -17: C:/MixVy/test/messages_screen_test.dart: messagescreen shows conversations when they exist
00:18 +167 -17: C:/MixVy/test/messages_screen_test.dart: messagescreen shows conversations when they exist
══╡ EXCEPTION CAUGHT BY FLUTTER TEST FRAMEWORK ╞════════════════════════════════════════════════════
The following assertion was thrown running a test:
A StreamLifecycleManager was used after being disposed.
Once you have called dispose() on a StreamLifecycleManager, it can no longer be used.

When the exception was thrown, this was the stack:
#0      ChangeNotifier.debugAssertNotDisposed.<anonymous closure> (package:flutter/src/foundation/change_notifier.dart:182:9)
#1      ChangeNotifier.debugAssertNotDisposed (package:flutter/src/foundation/change_notifier.dart:189:6)
#2      ChangeNotifier.dispose (package:flutter/src/foundation/change_notifier.dart:374:27)
#3      runGuarded (package:riverpod/src/run_guarded.dart:9:7)
#4      List.forEach (dart:core-patch/growable_array.dart:428:8)
#5      ProviderElementBase.runOnDispose (package:riverpod/src/framework/element.dart:932:26)
#6      ChangeNotifierProviderElement.runOnDispose (package:flutter_riverpod/src/change_notifier_provider/base.dart:215:11)
#7      ProviderElementBase.dispose (package:riverpod/src/framework/element.dart:868:5)
#8      ProviderContainer.dispose (package:riverpod/src/framework/container.dart:624:15)
#9      ProviderScopeState.dispose (package:flutter_riverpod/src/framework.dart:258:15)
#10     StatefulElement.unmount (package:flutter/src/widgets/framework.dart:6030:11)
#11     _InactiveElements._unmount (package:flutter/src/widgets/framework.dart:2117:13)
#12     ListIterable.forEach (dart:_internal/iterable.dart:49:13)
#13     _InactiveElements._unmountAll (package:flutter/src/widgets/framework.dart:2126:25)
#14     BuildOwner.lockState (package:flutter/src/widgets/framework.dart:3020:15)
#15     BuildOwner.finalizeTree (package:flutter/src/widgets/framework.dart:3344:7)
#16     AutomatedTestWidgetsFlutterBinding.drawFrame (package:flutter_test/src/binding.dart:2153:19)
#17     RendererBinding._handlePersistentFrameCallback (package:flutter/src/rendering/binding.dart:495:5)
#18     SchedulerBinding._invokeFrameCallback (package:flutter/src/scheduler/binding.dart:1430:15)
#19     SchedulerBinding.handleDrawFrame (package:flutter/src/scheduler/binding.dart:1345:9)
#20     AutomatedTestWidgetsFlutterBinding.scheduleWarmUpFrame (package:flutter_test/src/binding.dart:2057:5)
#21     _runWidget (package:flutter/src/widgets/binding.dart:1683:7)
#22     runApp (package:flutter/src/widgets/binding.dart:1616:3)
#23     TestWidgetsFlutterBinding._runTestBody (package:flutter_test/src/binding.dart:1670:5)
#26     TestWidgetsFlutterBinding._runTest (package:flutter_test/src/binding.dart:1656:10)
#27     AutomatedTestWidgetsFlutterBinding.runTest.<anonymous closure> (package:flutter_test/src/binding.dart:2189:24)
#28     FakeAsync.run.<anonymous closure>.<anonymous closure> (package:fake_async/fake_async.dart:182:47)
#33     withClock (package:clock/src/default.dart:52:10)
#34     FakeAsync.run.<anonymous closure> (package:fake_async/fake_async.dart:182:15)
#39     FakeAsync.run (package:fake_async/fake_async.dart:181:52)
#40     AutomatedTestWidgetsFlutterBinding.runTest (package:flutter_test/src/binding.dart:2186:15)
#41     testWidgets.<anonymous closure> (package:flutter_test/src/widget_tester.dart:184:24)
#42     Declarer.test.<anonymous closure>.<anonymous closure> (package:test_api/src/backend/declarer.dart:253:25)
<asynchronous suspension>
#43     Declarer.test.<anonymous closure> (package:test_api/src/backend/declarer.dart:250:11)
<asynchronous suspension>
#44     Invoker._waitForOutstandingCallbacks.<anonymous closure> (package:test_api/src/backend/invoker.dart:318:9)
<asynchronous suspension>
(elided 10 frames from dart:async)

The test description was:
  shows conversations when they exist
════════════════════════════════════════════════════════════════════════════════════════════════════
00:18 +167 -18: C:/MixVy/test/new_members_provider_test.dart: newMembersStreamProvider each returned UserModel has the correct id set from doc id
00:18 +167 -18: C:/MixVy/test/messages_screen_test.dart: messagescreen shows conversations when they exist [E]
  Test failed. See exception logs above.
  The test description was: shows conversations when they exist
  
══╡ EXCEPTION CAUGHT BY FLUTTER TEST FRAMEWORK ╞════════════════════════════════════════════════════
The following assertion was thrown running a test (but after the test had completed):
A StreamLifecycleManager was used after being disposed.
Once you have called dispose() on a StreamLifecycleManager, it can no longer be used.

When the exception was thrown, this was the stack:
#0      ChangeNotifier.debugAssertNotDisposed.<anonymous closure> (package:flutter/src/foundation/change_notifier.dart:182:9)
#1      ChangeNotifier.debugAssertNotDisposed (package:flutter/src/foundation/change_notifier.dart:189:6)
#2      ChangeNotifier.dispose (package:flutter/src/foundation/change_notifier.dart:374:27)
#3      runGuarded (package:riverpod/src/run_guarded.dart:9:7)
#4      ChangeNotifierProviderElement.runOnDispose (package:flutter_riverpod/src/change_notifier_provider/base.dart:223:7)
#5      ProviderElementBase.dispose (package:riverpod/src/framework/element.dart:868:5)
#6      ProviderContainer.dispose (package:riverpod/src/framework/container.dart:624:15)
#7      ProviderScopeState.dispose (package:flutter_riverpod/src/framework.dart:258:15)
#8      StatefulElement.unmount (package:flutter/src/widgets/framework.dart:6030:11)
#9      _InactiveElements._unmount (package:flutter/src/widgets/framework.dart:2117:13)
#10     ListIterable.forEach (dart:_internal/iterable.dart:49:13)
#11     _InactiveElements._unmountAll (package:flutter/src/widgets/framework.dart:2126:25)
#12     BuildOwner.lockState (package:flutter/src/widgets/framework.dart:3020:15)
#13     BuildOwner.finalizeTree (package:flutter/src/widgets/framework.dart:3344:7)
#14     AutomatedTestWidgetsFlutterBinding.drawFrame (package:flutter_test/src/binding.dart:2153:19)
#15     RendererBinding._handlePersistentFrameCallback (package:flutter/src/rendering/binding.dart:495:5)
#16     SchedulerBinding._invokeFrameCallback (package:flutter/src/scheduler/binding.dart:1430:15)
#17     SchedulerBinding.handleDrawFrame (package:flutter/src/scheduler/binding.dart:1345:9)
#18     AutomatedTestWidgetsFlutterBinding.scheduleWarmUpFrame (package:flutter_test/src/binding.dart:2057:5)
#19     _runWidget (package:flutter/src/widgets/binding.dart:1683:7)
#20     runApp (package:flutter/src/widgets/binding.dart:1616:3)
#21     TestWidgetsFlutterBinding._runTestBody (package:flutter_test/src/binding.dart:1670:5)
#24     TestWidgetsFlutterBinding._runTest (package:flutter_test/src/binding.dart:1656:10)
#25     AutomatedTestWidgetsFlutterBinding.runTest.<anonymous closure> (package:flutter_test/src/binding.dart:2189:24)
#26     FakeAsync.run.<anonymous closure>.<anonymous closure> (package:fake_async/fake_async.dart:182:47)
#31     withClock (package:clock/src/default.dart:52:10)
#32     FakeAsync.run.<anonymous closure> (package:fake_async/fake_async.dart:182:15)
#37     FakeAsync.run (package:fake_async/fake_async.dart:181:52)
#38     AutomatedTestWidgetsFlutterBinding.runTest (package:flutter_test/src/binding.dart:2186:15)
#39     testWidgets.<anonymous closure> (package:flutter_test/src/widget_tester.dart:184:24)
#40     Declarer.test.<anonymous closure>.<anonymous closure> (package:test_api/src/backend/declarer.dart:253:25)
<asynchronous suspension>
#41     Declarer.test.<anonymous closure> (package:test_api/src/backend/declarer.dart:250:11)
<asynchronous suspension>
#42     Invoker._waitForOutstandingCallbacks.<anonymous closure> (package:test_api/src/backend/invoker.dart:318:9)
<asynchronous suspension>
(elided 10 frames from dart:async)
════════════════════════════════════════════════════════════════════════════════════════════════════
  Test failed. See exception logs above.
  The test description was: shows conversations when they exist
  
══╡ EXCEPTION CAUGHT BY FLUTTER TEST FRAMEWORK ╞════════════════════════════════════════════════════
The following TestFailure was thrown running a test (but after the test had completed):
Expected: exactly one matching candidate
  Actual: _TextWidgetFinder:<Found 0 widgets with text "Hey there!": []>
   Which: means none were found but one was expected

When the exception was thrown, this was the stack:
#0      fail (package:matcher/src/expect/expect.dart:187:31)
#1      _expect (package:matcher/src/expect/expect.dart:182:3)
#2      expect (package:matcher/src/expect/expect.dart:65:3)
#3      expect (package:flutter_test/src/widget_tester.dart:473:18)
#4      main.<anonymous closure>.<anonymous closure> (file:///C:/MixVy/test/messages_screen_test.dart:84:7)
<asynchronous suspension>
#5      testWidgets.<anonymous closure>.<anonymous closure> (package:flutter_test/src/widget_tester.dart:192:15)
<asynchronous suspension>
#6      TestWidgetsFlutterBinding._runTestBody (package:flutter_test/src/binding.dart:1682:5)
<asynchronous suspension>
<asynchronous suspension>
(elided one frame from package:stack_trace)
════════════════════════════════════════════════════════════════════════════════════════════════════
  Test failed. See exception logs above.
  The test description was: shows conversations when they exist
  
00:18 +168 -18: C:/MixVy/test/messages_screen_test.dart: messagescreen shows pinned conversations before newer unpinned conversations
00:18 +169 -18: C:/MixVy/test/messages_screen_test.dart: messagescreen shows pinned conversations before newer unpinned conversations
══╡ EXCEPTION CAUGHT BY FLUTTER TEST FRAMEWORK ╞════════════════════════════════════════════════════
The following assertion was thrown running a test:
A StreamLifecycleManager was used after being disposed.
Once you have called dispose() on a StreamLifecycleManager, it can no longer be used.

When the exception was thrown, this was the stack:
#0      ChangeNotifier.debugAssertNotDisposed.<anonymous closure> (package:flutter/src/foundation/change_notifier.dart:182:9)
#1      ChangeNotifier.debugAssertNotDisposed (package:flutter/src/foundation/change_notifier.dart:189:6)
#2      ChangeNotifier.dispose (package:flutter/src/foundation/change_notifier.dart:374:27)
#3      runGuarded (package:riverpod/src/run_guarded.dart:9:7)
#4      List.forEach (dart:core-patch/growable_array.dart:428:8)
#5      ProviderElementBase.runOnDispose (package:riverpod/src/framework/element.dart:932:26)
#6      ChangeNotifierProviderElement.runOnDispose (package:flutter_riverpod/src/change_notifier_provider/base.dart:215:11)
#7      ProviderElementBase.dispose (package:riverpod/src/framework/element.dart:868:5)
#8      ProviderContainer.dispose (package:riverpod/src/framework/container.dart:624:15)
#9      ProviderScopeState.dispose (package:flutter_riverpod/src/framework.dart:258:15)
#10     StatefulElement.unmount (package:flutter/src/widgets/framework.dart:6030:11)
#11     _InactiveElements._unmount (package:flutter/src/widgets/framework.dart:2117:13)
#12     ListIterable.forEach (dart:_internal/iterable.dart:49:13)
#13     _InactiveElements._unmountAll (package:flutter/src/widgets/framework.dart:2126:25)
#14     BuildOwner.lockState (package:flutter/src/widgets/framework.dart:3020:15)
#15     BuildOwner.finalizeTree (package:flutter/src/widgets/framework.dart:3344:7)
#16     AutomatedTestWidgetsFlutterBinding.drawFrame (package:flutter_test/src/binding.dart:2153:19)
#17     RendererBinding._handlePersistentFrameCallback (package:flutter/src/rendering/binding.dart:495:5)
#18     SchedulerBinding._invokeFrameCallback (package:flutter/src/scheduler/binding.dart:1430:15)
#19     SchedulerBinding.handleDrawFrame (package:flutter/src/scheduler/binding.dart:1345:9)
#20     AutomatedTestWidgetsFlutterBinding.scheduleWarmUpFrame (package:flutter_test/src/binding.dart:2057:5)
#21     _runWidget (package:flutter/src/widgets/binding.dart:1683:7)
#22     runApp (package:flutter/src/widgets/binding.dart:1616:3)
#23     TestWidgetsFlutterBinding._runTestBody (package:flutter_test/src/binding.dart:1670:5)
#26     TestWidgetsFlutterBinding._runTest (package:flutter_test/src/binding.dart:1656:10)
#27     AutomatedTestWidgetsFlutterBinding.runTest.<anonymous closure> (package:flutter_test/src/binding.dart:2189:24)
#28     FakeAsync.run.<anonymous closure>.<anonymous closure> (package:fake_async/fake_async.dart:182:47)
#33     withClock (package:clock/src/default.dart:52:10)
#34     FakeAsync.run.<anonymous closure> (package:fake_async/fake_async.dart:182:15)
#39     FakeAsync.run (package:fake_async/fake_async.dart:181:52)
#40     AutomatedTestWidgetsFlutterBinding.runTest (package:flutter_test/src/binding.dart:2186:15)
#41     testWidgets.<anonymous closure> (package:flutter_test/src/widget_tester.dart:184:24)
#42     Declarer.test.<anonymous closure>.<anonymous closure> (package:test_api/src/backend/declarer.dart:253:25)
<asynchronous suspension>
#43     Declarer.test.<anonymous closure> (package:test_api/src/backend/declarer.dart:250:11)
<asynchronous suspension>
#44     Invoker._waitForOutstandingCallbacks.<anonymous closure> (package:test_api/src/backend/invoker.dart:318:9)
<asynchronous suspension>
(elided 10 frames from dart:async)

The test description was:
  shows pinned conversations before newer unpinned conversations
════════════════════════════════════════════════════════════════════════════════════════════════════
00:18 +169 -19: C:/MixVy/test/messages_screen_test.dart: messagescreen shows pinned conversations before newer unpinned conversations [E]
  Test failed. See exception logs above.
  The test description was: shows pinned conversations before newer unpinned conversations
  
══╡ EXCEPTION CAUGHT BY FLUTTER TEST FRAMEWORK ╞════════════════════════════════════════════════════
The following assertion was thrown running a test (but after the test had completed):
A StreamLifecycleManager was used after being disposed.
Once you have called dispose() on a StreamLifecycleManager, it can no longer be used.

When the exception was thrown, this was the stack:
#0      ChangeNotifier.debugAssertNotDisposed.<anonymous closure> (package:flutter/src/foundation/change_notifier.dart:182:9)
#1      ChangeNotifier.debugAssertNotDisposed (package:flutter/src/foundation/change_notifier.dart:189:6)
#2      ChangeNotifier.dispose (package:flutter/src/foundation/change_notifier.dart:374:27)
#3      runGuarded (package:riverpod/src/run_guarded.dart:9:7)
#4      ChangeNotifierProviderElement.runOnDispose (package:flutter_riverpod/src/change_notifier_provider/base.dart:223:7)
#5      ProviderElementBase.dispose (package:riverpod/src/framework/element.dart:868:5)
#6      ProviderContainer.dispose (package:riverpod/src/framework/container.dart:624:15)
#7      ProviderScopeState.dispose (package:flutter_riverpod/src/framework.dart:258:15)
#8      StatefulElement.unmount (package:flutter/src/widgets/framework.dart:6030:11)
#9      _InactiveElements._unmount (package:flutter/src/widgets/framework.dart:2117:13)
#10     ListIterable.forEach (dart:_internal/iterable.dart:49:13)
#11     _InactiveElements._unmountAll (package:flutter/src/widgets/framework.dart:2126:25)
#12     BuildOwner.lockState (package:flutter/src/widgets/framework.dart:3020:15)
#13     BuildOwner.finalizeTree (package:flutter/src/widgets/framework.dart:3344:7)
#14     AutomatedTestWidgetsFlutterBinding.drawFrame (package:flutter_test/src/binding.dart:2153:19)
#15     RendererBinding._handlePersistentFrameCallback (package:flutter/src/rendering/binding.dart:495:5)
#16     SchedulerBinding._invokeFrameCallback (package:flutter/src/scheduler/binding.dart:1430:15)
#17     SchedulerBinding.handleDrawFrame (package:flutter/src/scheduler/binding.dart:1345:9)
#18     AutomatedTestWidgetsFlutterBinding.scheduleWarmUpFrame (package:flutter_test/src/binding.dart:2057:5)
#19     _runWidget (package:flutter/src/widgets/binding.dart:1683:7)
#20     runApp (package:flutter/src/widgets/binding.dart:1616:3)
#21     TestWidgetsFlutterBinding._runTestBody (package:flutter_test/src/binding.dart:1670:5)
#24     TestWidgetsFlutterBinding._runTest (package:flutter_test/src/binding.dart:1656:10)
#25     AutomatedTestWidgetsFlutterBinding.runTest.<anonymous closure> (package:flutter_test/src/binding.dart:2189:24)
#26     FakeAsync.run.<anonymous closure>.<anonymous closure> (package:fake_async/fake_async.dart:182:47)
#31     withClock (package:clock/src/default.dart:52:10)
#32     FakeAsync.run.<anonymous closure> (package:fake_async/fake_async.dart:182:15)
#37     FakeAsync.run (package:fake_async/fake_async.dart:181:52)
#38     AutomatedTestWidgetsFlutterBinding.runTest (package:flutter_test/src/binding.dart:2186:15)
#39     testWidgets.<anonymous closure> (package:flutter_test/src/widget_tester.dart:184:24)
#40     Declarer.test.<anonymous closure>.<anonymous closure> (package:test_api/src/backend/declarer.dart:253:25)
<asynchronous suspension>
#41     Declarer.test.<anonymous closure> (package:test_api/src/backend/declarer.dart:250:11)
<asynchronous suspension>
#42     Invoker._waitForOutstandingCallbacks.<anonymous closure> (package:test_api/src/backend/invoker.dart:318:9)
<asynchronous suspension>
(elided 10 frames from dart:async)
════════════════════════════════════════════════════════════════════════════════════════════════════
  Test failed. See exception logs above.
  The test description was: shows pinned conversations before newer unpinned conversations
  
══╡ EXCEPTION CAUGHT BY FLUTTER TEST FRAMEWORK ╞════════════════════════════════════════════════════
The following assertion was thrown running a test (but after the test had completed):
The finder "Found 0 widgets with text "Alice": []" (used in a call to "getTopLeft()") could not find
any matching widgets.

When the exception was thrown, this was the stack:
#0      WidgetController._getElementPoint (package:flutter_test/src/controller.dart:2090:7)
#1      WidgetController.getTopLeft (package:flutter_test/src/controller.dart:1958:12)
#2      main.<anonymous closure>.<anonymous closure> (file:///C:/MixVy/test/messages_screen_test.dart:128:33)
<asynchronous suspension>
#3      testWidgets.<anonymous closure>.<anonymous closure> (package:flutter_test/src/widget_tester.dart:192:15)
<asynchronous suspension>
#4      TestWidgetsFlutterBinding._runTestBody (package:flutter_test/src/binding.dart:1682:5)
<asynchronous suspension>
<asynchronous suspension>
(elided one frame from package:stack_trace)
════════════════════════════════════════════════════════════════════════════════════════════════════
  Test failed. See exception logs above.
  The test description was: shows pinned conversations before newer unpinned conversations
  
00:18 +169 -19: C:/MixVy/test/messages_screen_test.dart: messagescreen add message button is shown in AppBar actions
══╡ EXCEPTION CAUGHT BY FLUTTER TEST FRAMEWORK ╞════════════════════════════════════════════════════
The following assertion was thrown running a test:
A StreamLifecycleManager was used after being disposed.
Once you have called dispose() on a StreamLifecycleManager, it can no longer be used.

When the exception was thrown, this was the stack:
#0      ChangeNotifier.debugAssertNotDisposed.<anonymous closure> (package:flutter/src/foundation/change_notifier.dart:182:9)
#1      ChangeNotifier.debugAssertNotDisposed (package:flutter/src/foundation/change_notifier.dart:189:6)
#2      ChangeNotifier.dispose (package:flutter/src/foundation/change_notifier.dart:374:27)
#3      runGuarded (package:riverpod/src/run_guarded.dart:9:7)
#4      List.forEach (dart:core-patch/growable_array.dart:428:8)
#5      ProviderElementBase.runOnDispose (package:riverpod/src/framework/element.dart:932:26)
#6      ChangeNotifierProviderElement.runOnDispose (package:flutter_riverpod/src/change_notifier_provider/base.dart:215:11)
#7      ProviderElementBase.dispose (package:riverpod/src/framework/element.dart:868:5)
#8      ProviderContainer.dispose (package:riverpod/src/framework/container.dart:624:15)
#9      ProviderScopeState.dispose (package:flutter_riverpod/src/framework.dart:258:15)
#10     StatefulElement.unmount (package:flutter/src/widgets/framework.dart:6030:11)
#11     _InactiveElements._unmount (package:flutter/src/widgets/framework.dart:2117:13)
#12     ListIterable.forEach (dart:_internal/iterable.dart:49:13)
#13     _InactiveElements._unmountAll (package:flutter/src/widgets/framework.dart:2126:25)
#14     BuildOwner.lockState (package:flutter/src/widgets/framework.dart:3020:15)
#15     BuildOwner.finalizeTree (package:flutter/src/widgets/framework.dart:3344:7)
#16     AutomatedTestWidgetsFlutterBinding.drawFrame (package:flutter_test/src/binding.dart:2153:19)
#17     RendererBinding._handlePersistentFrameCallback (package:flutter/src/rendering/binding.dart:495:5)
#18     SchedulerBinding._invokeFrameCallback (package:flutter/src/scheduler/binding.dart:1430:15)
#19     SchedulerBinding.handleDrawFrame (package:flutter/src/scheduler/binding.dart:1345:9)
#20     AutomatedTestWidgetsFlutterBinding.scheduleWarmUpFrame (package:flutter_test/src/binding.dart:2057:5)
#21     _runWidget (package:flutter/src/widgets/binding.dart:1683:7)
#22     runApp (package:flutter/src/widgets/binding.dart:1616:3)
#23     TestWidgetsFlutterBinding._runTestBody (package:flutter_test/src/binding.dart:1670:5)
#26     TestWidgetsFlutterBinding._runTest (package:flutter_test/src/binding.dart:1656:10)
#27     AutomatedTestWidgetsFlutterBinding.runTest.<anonymous closure> (package:flutter_test/src/binding.dart:2189:24)
#28     FakeAsync.run.<anonymous closure>.<anonymous closure> (package:fake_async/fake_async.dart:182:47)
#33     withClock (package:clock/src/default.dart:52:10)
#34     FakeAsync.run.<anonymous closure> (package:fake_async/fake_async.dart:182:15)
#39     FakeAsync.run (package:fake_async/fake_async.dart:181:52)
#40     AutomatedTestWidgetsFlutterBinding.runTest (package:flutter_test/src/binding.dart:2186:15)
#41     testWidgets.<anonymous closure> (package:flutter_test/src/widget_tester.dart:184:24)
#42     Declarer.test.<anonymous closure>.<anonymous closure> (package:test_api/src/backend/declarer.dart:253:25)
<asynchronous suspension>
#43     Declarer.test.<anonymous closure> (package:test_api/src/backend/declarer.dart:250:11)
<asynchronous suspension>
#44     Invoker._waitForOutstandingCallbacks.<anonymous closure> (package:test_api/src/backend/invoker.dart:318:9)
<asynchronous suspension>
(elided 10 frames from dart:async)

The test description was:
  add message button is shown in AppBar actions
════════════════════════════════════════════════════════════════════════════════════════════════════
00:18 +169 -20: C:/MixVy/test/notifications_screen_test.dart: NotificationsScreen shows current user notifications and settings banner
00:18 +169 -20: C:/MixVy/test/messages_screen_test.dart: messagescreen add message button is shown in AppBar actions [E]
  Test failed. See exception logs above.
  The test description was: add message button is shown in AppBar actions
  
══╡ EXCEPTION CAUGHT BY FLUTTER TEST FRAMEWORK ╞════════════════════════════════════════════════════
The following assertion was thrown running a test (but after the test had completed):
A StreamLifecycleManager was used after being disposed.
Once you have called dispose() on a StreamLifecycleManager, it can no longer be used.

When the exception was thrown, this was the stack:
#0      ChangeNotifier.debugAssertNotDisposed.<anonymous closure> (package:flutter/src/foundation/change_notifier.dart:182:9)
#1      ChangeNotifier.debugAssertNotDisposed (package:flutter/src/foundation/change_notifier.dart:189:6)
#2      ChangeNotifier.dispose (package:flutter/src/foundation/change_notifier.dart:374:27)
#3      runGuarded (package:riverpod/src/run_guarded.dart:9:7)
#4      ChangeNotifierProviderElement.runOnDispose (package:flutter_riverpod/src/change_notifier_provider/base.dart:223:7)
#5      ProviderElementBase.dispose (package:riverpod/src/framework/element.dart:868:5)
#6      ProviderContainer.dispose (package:riverpod/src/framework/container.dart:624:15)
#7      ProviderScopeState.dispose (package:flutter_riverpod/src/framework.dart:258:15)
#8      StatefulElement.unmount (package:flutter/src/widgets/framework.dart:6030:11)
#9      _InactiveElements._unmount (package:flutter/src/widgets/framework.dart:2117:13)
#10     ListIterable.forEach (dart:_internal/iterable.dart:49:13)
#11     _InactiveElements._unmountAll (package:flutter/src/widgets/framework.dart:2126:25)
#12     BuildOwner.lockState (package:flutter/src/widgets/framework.dart:3020:15)
#13     BuildOwner.finalizeTree (package:flutter/src/widgets/framework.dart:3344:7)
#14     AutomatedTestWidgetsFlutterBinding.drawFrame (package:flutter_test/src/binding.dart:2153:19)
#15     RendererBinding._handlePersistentFrameCallback (package:flutter/src/rendering/binding.dart:495:5)
#16     SchedulerBinding._invokeFrameCallback (package:flutter/src/scheduler/binding.dart:1430:15)
#17     SchedulerBinding.handleDrawFrame (package:flutter/src/scheduler/binding.dart:1345:9)
#18     AutomatedTestWidgetsFlutterBinding.scheduleWarmUpFrame (package:flutter_test/src/binding.dart:2057:5)
#19     _runWidget (package:flutter/src/widgets/binding.dart:1683:7)
#20     runApp (package:flutter/src/widgets/binding.dart:1616:3)
#21     TestWidgetsFlutterBinding._runTestBody (package:flutter_test/src/binding.dart:1670:5)
#24     TestWidgetsFlutterBinding._runTest (package:flutter_test/src/binding.dart:1656:10)
#25     AutomatedTestWidgetsFlutterBinding.runTest.<anonymous closure> (package:flutter_test/src/binding.dart:2189:24)
#26     FakeAsync.run.<anonymous closure>.<anonymous closure> (package:fake_async/fake_async.dart:182:47)
#31     withClock (package:clock/src/default.dart:52:10)
#32     FakeAsync.run.<anonymous closure> (package:fake_async/fake_async.dart:182:15)
#37     FakeAsync.run (package:fake_async/fake_async.dart:181:52)
#38     AutomatedTestWidgetsFlutterBinding.runTest (package:flutter_test/src/binding.dart:2186:15)
#39     testWidgets.<anonymous closure> (package:flutter_test/src/widget_tester.dart:184:24)
#40     Declarer.test.<anonymous closure>.<anonymous closure> (package:test_api/src/backend/declarer.dart:253:25)
<asynchronous suspension>
#41     Declarer.test.<anonymous closure> (package:test_api/src/backend/declarer.dart:250:11)
<asynchronous suspension>
#42     Invoker._waitForOutstandingCallbacks.<anonymous closure> (package:test_api/src/backend/invoker.dart:318:9)
<asynchronous suspension>
(elided 10 frames from dart:async)
════════════════════════════════════════════════════════════════════════════════════════════════════
  Test failed. See exception logs above.
  The test description was: add message button is shown in AppBar actions
  
══╡ EXCEPTION CAUGHT BY FLUTTER TEST FRAMEWORK ╞════════════════════════════════════════════════════
The following assertion was thrown running a test (but after the test had completed):
A StreamLifecycleManager was used after being disposed.
Once you have called dispose() on a StreamLifecycleManager, it can no longer be used.

When the exception was thrown, this was the stack:
#0      ChangeNotifier.debugAssertNotDisposed.<anonymous closure> (package:flutter/src/foundation/change_notifier.dart:182:9)
#1      ChangeNotifier.debugAssertNotDisposed (package:flutter/src/foundation/change_notifier.dart:189:6)
#2      ChangeNotifier.dispose (package:flutter/src/foundation/change_notifier.dart:374:27)
#3      runGuarded (package:riverpod/src/run_guarded.dart:9:7)
#4      List.forEach (dart:core-patch/growable_array.dart:428:8)
#5      ProviderElementBase.runOnDispose (package:riverpod/src/framework/element.dart:932:26)
#6      ChangeNotifierProviderElement.runOnDispose (package:flutter_riverpod/src/change_notifier_provider/base.dart:215:11)
#7      ProviderElementBase.dispose (package:riverpod/src/framework/element.dart:868:5)
#8      ProviderContainer.dispose (package:riverpod/src/framework/container.dart:624:15)
#9      ProviderScopeState.dispose (package:flutter_riverpod/src/framework.dart:258:15)
#10     StatefulElement.unmount (package:flutter/src/widgets/framework.dart:6030:11)
#11     _InactiveElements._unmount (package:flutter/src/widgets/framework.dart:2117:13)
#12     ListIterable.forEach (dart:_internal/iterable.dart:49:13)
#13     _InactiveElements._unmountAll (package:flutter/src/widgets/framework.dart:2126:25)
#14     BuildOwner.lockState (package:flutter/src/widgets/framework.dart:3020:15)
#15     BuildOwner.finalizeTree (package:flutter/src/widgets/framework.dart:3344:7)
#16     AutomatedTestWidgetsFlutterBinding.drawFrame (package:flutter_test/src/binding.dart:2153:19)
#17     RendererBinding._handlePersistentFrameCallback (package:flutter/src/rendering/binding.dart:495:5)
#18     SchedulerBinding._invokeFrameCallback (package:flutter/src/scheduler/binding.dart:1430:15)
#19     SchedulerBinding.handleDrawFrame (package:flutter/src/scheduler/binding.dart:1345:9)
#20     AutomatedTestWidgetsFlutterBinding.scheduleWarmUpFrame (package:flutter_test/src/binding.dart:2057:5)
#21     _runWidget (package:flutter/src/widgets/binding.dart:1683:7)
#22     runApp (package:flutter/src/widgets/binding.dart:1616:3)
#23     TestWidgetsFlutterBinding._runTestBody (package:flutter_test/src/binding.dart:1689:7)
<asynchronous suspension>
<asynchronous suspension>
(elided one frame from package:stack_trace)
════════════════════════════════════════════════════════════════════════════════════════════════════
  Test failed. See exception logs above.
  The test description was: add message button is shown in AppBar actions
  
══╡ EXCEPTION CAUGHT BY FLUTTER TEST FRAMEWORK ╞════════════════════════════════════════════════════
The following assertion was thrown running a test (but after the test had completed):
A StreamLifecycleManager was used after being disposed.
Once you have called dispose() on a StreamLifecycleManager, it can no longer be used.

When the exception was thrown, this was the stack:
#0      ChangeNotifier.debugAssertNotDisposed.<anonymous closure> (package:flutter/src/foundation/change_notifier.dart:182:9)
#1      ChangeNotifier.debugAssertNotDisposed (package:flutter/src/foundation/change_notifier.dart:189:6)
#2      ChangeNotifier.dispose (package:flutter/src/foundation/change_notifier.dart:374:27)
#3      runGuarded (package:riverpod/src/run_guarded.dart:9:7)
#4      ChangeNotifierProviderElement.runOnDispose (package:flutter_riverpod/src/change_notifier_provider/base.dart:223:7)
#5      ProviderElementBase.dispose (package:riverpod/src/framework/element.dart:868:5)
#6      ProviderContainer.dispose (package:riverpod/src/framework/container.dart:624:15)
#7      ProviderScopeState.dispose (package:flutter_riverpod/src/framework.dart:258:15)
#8      StatefulElement.unmount (package:flutter/src/widgets/framework.dart:6030:11)
#9      _InactiveElements._unmount (package:flutter/src/widgets/framework.dart:2117:13)
#10     ListIterable.forEach (dart:_internal/iterable.dart:49:13)
#11     _InactiveElements._unmountAll (package:flutter/src/widgets/framework.dart:2126:25)
#12     BuildOwner.lockState (package:flutter/src/widgets/framework.dart:3020:15)
#13     BuildOwner.finalizeTree (package:flutter/src/widgets/framework.dart:3344:7)
#14     AutomatedTestWidgetsFlutterBinding.drawFrame (package:flutter_test/src/binding.dart:2153:19)
#15     RendererBinding._handlePersistentFrameCallback (package:flutter/src/rendering/binding.dart:495:5)
#16     SchedulerBinding._invokeFrameCallback (package:flutter/src/scheduler/binding.dart:1430:15)
#17     SchedulerBinding.handleDrawFrame (package:flutter/src/scheduler/binding.dart:1345:9)
#18     AutomatedTestWidgetsFlutterBinding.scheduleWarmUpFrame (package:flutter_test/src/binding.dart:2057:5)
#19     _runWidget (package:flutter/src/widgets/binding.dart:1683:7)
#20     runApp (package:flutter/src/widgets/binding.dart:1616:3)
#21     TestWidgetsFlutterBinding._runTestBody (package:flutter_test/src/binding.dart:1689:7)
<asynchronous suspension>
<asynchronous suspension>
(elided one frame from package:stack_trace)
════════════════════════════════════════════════════════════════════════════════════════════════════
  Test failed. See exception logs above.
  The test description was: add message button is shown in AppBar actions
  
00:18 +169 -20: C:/MixVy/test/messages_screen_test.dart: messagescreen requests sheet shows empty state when no pending requests
══╡ EXCEPTION CAUGHT BY FLUTTER TEST FRAMEWORK ╞════════════════════════════════════════════════════
The following TestFailure was thrown running a test:
Expected: exactly one matching candidate
  Actual: _TextWidgetFinder:<Found 0 widgets with text "No pending message requests.": []>
   Which: means none were found but one was expected

When the exception was thrown, this was the stack:
#4      main.<anonymous closure>.<anonymous closure> (file:///C:/MixVy/test/messages_screen_test.dart:157:7)
<asynchronous suspension>
#5      testWidgets.<anonymous closure>.<anonymous closure> (package:flutter_test/src/widget_tester.dart:192:15)
<asynchronous suspension>
#6      TestWidgetsFlutterBinding._runTestBody (package:flutter_test/src/binding.dart:1682:5)
<asynchronous suspension>
<asynchronous suspension>
(elided one frame from package:stack_trace)

This was caught by the test expectation on the following line:
  file:///C:/MixVy/test/messages_screen_test.dart line 157
The test description was:
  requests sheet shows empty state when no pending requests
════════════════════════════════════════════════════════════════════════════════════════════════════
00:18 +169 -21: C:/MixVy/test/notifications_screen_test.dart: NotificationsScreen shows current user notifications and settings banner
00:18 +169 -21: C:/MixVy/test/messages_screen_test.dart: messagescreen requests sheet shows empty state when no pending requests [E]
  Test failed. See exception logs above.
  The test description was: requests sheet shows empty state when no pending requests
  
00:18 +169 -21: C:/MixVy/test/notifications_screen_test.dart: NotificationsScreen shows current user notifications and settings banner
00:19 +169 -22: C:/MixVy/test/notifications_screen_test.dart: NotificationsScreen shows current user notifications and settings banner
00:19 +169 -22: C:/MixVy/test/notification_provider_test.dart: Notification providers notificationsStreamProvider scopes notifications to current user [E]
  A StreamLifecycleManager was used after being disposed.
  Once you have called dispose() on a StreamLifecycleManager, it can no longer be used.
  package:flutter/src/foundation/change_notifier.dart 182:9              ChangeNotifier.debugAssertNotDisposed.<fn>
  package:flutter/src/foundation/change_notifier.dart 189:6              ChangeNotifier.debugAssertNotDisposed
  package:flutter/src/foundation/change_notifier.dart 374:27             ChangeNotifier.dispose
  package:riverpod/src/run_guarded.dart 9:7                              runGuarded
  package:flutter_riverpod/src/change_notifier_provider/base.dart 223:7  ChangeNotifierProviderElement.runOnDispose
  package:riverpod/src/framework/element.dart 868:5                      ProviderElementBase.dispose
  package:riverpod/src/framework/container.dart 624:15                   ProviderContainer.dispose
  test\notification_provider_test.dart 46:17                             main.<fn>.<fn>
  
00:19 +170 -22: C:/MixVy/test/notifications_screen_test.dart: NotificationsScreen shows current user notifications and settings banner
00:19 +171 -22: C:/MixVy/test/notifications_screen_test.dart: NotificationsScreen shows current user notifications and settings banner
══╡ EXCEPTION CAUGHT BY FLUTTER TEST FRAMEWORK ╞════════════════════════════════════════════════════
The following assertion was thrown running a test:
A StreamLifecycleManager was used after being disposed.
Once you have called dispose() on a StreamLifecycleManager, it can no longer be used.

When the exception was thrown, this was the stack:
#0      ChangeNotifier.debugAssertNotDisposed.<anonymous closure> (package:flutter/src/foundation/change_notifier.dart:182:9)
#1      ChangeNotifier.debugAssertNotDisposed (package:flutter/src/foundation/change_notifier.dart:189:6)
#2      ChangeNotifier.dispose (package:flutter/src/foundation/change_notifier.dart:374:27)
#3      runGuarded (package:riverpod/src/run_guarded.dart:9:7)
#4      ChangeNotifierProviderElement.runOnDispose (package:flutter_riverpod/src/change_notifier_provider/base.dart:223:7)
#5      ProviderElementBase.dispose (package:riverpod/src/framework/element.dart:868:5)
#6      ProviderContainer.dispose (package:riverpod/src/framework/container.dart:624:15)
#7      ProviderScopeState.dispose (package:flutter_riverpod/src/framework.dart:258:15)
#8      StatefulElement.unmount (package:flutter/src/widgets/framework.dart:6030:11)
#9      _InactiveElements._unmount (package:flutter/src/widgets/framework.dart:2117:13)
#10     ListIterable.forEach (dart:_internal/iterable.dart:49:13)
#11     _InactiveElements._unmountAll (package:flutter/src/widgets/framework.dart:2126:25)
#12     BuildOwner.lockState (package:flutter/src/widgets/framework.dart:3020:15)
#13     BuildOwner.finalizeTree (package:flutter/src/widgets/framework.dart:3344:7)
#14     AutomatedTestWidgetsFlutterBinding.drawFrame (package:flutter_test/src/binding.dart:2153:19)
#15     RendererBinding._handlePersistentFrameCallback (package:flutter/src/rendering/binding.dart:495:5)
#16     SchedulerBinding._invokeFrameCallback (package:flutter/src/scheduler/binding.dart:1430:15)
#17     SchedulerBinding.handleDrawFrame (package:flutter/src/scheduler/binding.dart:1345:9)
#18     AutomatedTestWidgetsFlutterBinding.scheduleWarmUpFrame (package:flutter_test/src/binding.dart:2057:5)
#19     _runWidget (package:flutter/src/widgets/binding.dart:1683:7)
#20     runApp (package:flutter/src/widgets/binding.dart:1616:3)
#21     TestWidgetsFlutterBinding._runTestBody (package:flutter_test/src/binding.dart:1689:7)
<asynchronous suspension>
<asynchronous suspension>
(elided one frame from package:stack_trace)

The test description was:
  NotificationsScreen shows current user notifications and settings banner
════════════════════════════════════════════════════════════════════════════════════════════════════
00:19 +171 -23: C:/MixVy/test/not_found_screen_test.dart: NotFoundScreen renders page-not-found title and unknown path
00:19 +171 -23: C:/MixVy/test/notifications_screen_test.dart: NotificationsScreen shows current user notifications and settings banner [E]
  Test failed. See exception logs above.
  The test description was: NotificationsScreen shows current user notifications and settings banner
  
00:20 +172 -23: C:/MixVy/test/onboarding_screen_test.dart: OnboardingScreen renders first page content
00:20 +173 -23: C:/MixVy/test/onboarding_screen_test.dart: OnboardingScreen renders first page content
00:20 +174 -23: C:/MixVy/test/onboarding_screen_test.dart: OnboardingScreen renders first page content
00:20 +175 -23: C:/MixVy/test/onboarding_screen_test.dart: OnboardingScreen renders first page content
00:20 +176 -23: C:/MixVy/test/onboarding_screen_test.dart: OnboardingScreen renders first page content
00:20 +177 -23: C:/MixVy/test/onboarding_screen_test.dart: OnboardingScreen renders first page content
00:20 +178 -23: C:/MixVy/test/on_mic_panel_test.dart: OnMicPanel renders an empty state when participant list is empty
00:21 +179 -23: C:/MixVy/test/onboarding_screen_test.dart: OnboardingScreen advances to second page via CONTINUE
00:21 +180 -23: C:/MixVy/test/payments_screen_test.dart: PaymentsScreen renders Payments appbar title
00:21 +181 -23: C:/MixVy/test/payments_screen_test.dart: PaymentsScreen renders Payments appbar title
00:21 +182 -23: C:/MixVy/test/payments_screen_test.dart: PaymentsScreen renders Payments appbar title
00:21 +183 -23: C:/MixVy/test/payments_screen_test.dart: PaymentsScreen renders Payments appbar title
00:21 +184 -23: C:/MixVy/test/payments_screen_test.dart: PaymentsScreen renders Payments appbar title
00:21 +185 -23: C:/MixVy/test/payments_screen_test.dart: PaymentsScreen renders Payments appbar title
00:21 +186 -23: C:/MixVy/test/payments_screen_test.dart: PaymentsScreen renders Payments appbar title
00:21 +187 -23: C:/MixVy/test/payments_screen_test.dart: PaymentsScreen renders Payments appbar title
00:21 +188 -23: C:/MixVy/test/payments_screen_test.dart: PaymentsScreen renders Payments appbar title
00:21 +189 -23: C:/MixVy/test/payments_screen_test.dart: PaymentsScreen renders Payments appbar title
══╡ EXCEPTION CAUGHT BY FLUTTER TEST FRAMEWORK ╞════════════════════════════════════════════════════
The following FirebaseException was thrown running a test:
[core/no-app] No Firebase App '[DEFAULT]' has been created - call Firebase.initializeApp()

When the exception was thrown, this was the stack:
#0      MethodChannelFirebase.app (package:firebase_core_platform_interface/src/method_channel/method_channel_firebase.dart:190:5)
#1      Firebase.app (package:firebase_core/src/firebase.dart:92:41)
#2      FirebaseFunctions.instance (package:cloud_functions/src/firebase_functions.dart:37:21)
#3      new CashOutService (package:mixvy/services/cash_out_service.dart:20:52)
#4      _buildApp (file:///C:/MixVy/test/payments_screen_test.dart:55:26)
#5      main.<anonymous closure>.<anonymous closure> (file:///C:/MixVy/test/payments_screen_test.dart:101:31)
#6      testWidgets.<anonymous closure>.<anonymous closure> (package:flutter_test/src/widget_tester.dart:192:29)
<asynchronous suspension>
#7      TestWidgetsFlutterBinding._runTestBody (package:flutter_test/src/binding.dart:1682:5)
<asynchronous suspension>
<asynchronous suspension>
(elided one frame from package:stack_trace)

The test description was:
  renders Payments appbar title
════════════════════════════════════════════════════════════════════════════════════════════════════
00:21 +189 -24: C:/MixVy/test/onboarding_screen_test.dart: OnboardingScreen advances through all pages to final page
00:21 +189 -24: C:/MixVy/test/payments_screen_test.dart: PaymentsScreen renders Payments appbar title [E]
  Test failed. See exception logs above.
  The test description was: renders Payments appbar title
  
00:21 +190 -24: C:/MixVy/test/onboarding_screen_test.dart: OnboardingScreen advances through all pages to final page
00:21 +190 -24: C:/MixVy/test/payments_screen_test.dart: PaymentsScreen shows recipient search field and amount field
══╡ EXCEPTION CAUGHT BY FLUTTER TEST FRAMEWORK ╞════════════════════════════════════════════════════
The following FirebaseException was thrown running a test:
[core/no-app] No Firebase App '[DEFAULT]' has been created - call Firebase.initializeApp()

When the exception was thrown, this was the stack:
#0      MethodChannelFirebase.app (package:firebase_core_platform_interface/src/method_channel/method_channel_firebase.dart:190:5)
#1      Firebase.app (package:firebase_core/src/firebase.dart:92:41)
#2      FirebaseFunctions.instance (package:cloud_functions/src/firebase_functions.dart:37:21)
#3      new CashOutService (package:mixvy/services/cash_out_service.dart:20:52)
#4      _buildApp (file:///C:/MixVy/test/payments_screen_test.dart:55:26)
#5      main.<anonymous closure>.<anonymous closure> (file:///C:/MixVy/test/payments_screen_test.dart:111:31)
<asynchronous suspension>
#6      testWidgets.<anonymous closure>.<anonymous closure> (package:flutter_test/src/widget_tester.dart:192:15)
<asynchronous suspension>
#7      TestWidgetsFlutterBinding._runTestBody (package:flutter_test/src/binding.dart:1682:5)
<asynchronous suspension>
<asynchronous suspension>
(elided one frame from package:stack_trace)

The test description was:
  shows recipient search field and amount field
════════════════════════════════════════════════════════════════════════════════════════════════════
00:21 +190 -25: C:/MixVy/test/onboarding_screen_test.dart: OnboardingScreen advances through all pages to final page
00:21 +190 -25: C:/MixVy/test/payments_screen_test.dart: PaymentsScreen shows recipient search field and amount field [E]
  Test failed. See exception logs above.
  The test description was: shows recipient search field and amount field
  
00:21 +190 -25: C:/MixVy/test/payments_screen_test.dart: PaymentsScreen shows Send Coins and Request Coins buttons
══╡ EXCEPTION CAUGHT BY FLUTTER TEST FRAMEWORK ╞════════════════════════════════════════════════════
The following FirebaseException was thrown running a test:
[core/no-app] No Firebase App '[DEFAULT]' has been created - call Firebase.initializeApp()

When the exception was thrown, this was the stack:
#0      MethodChannelFirebase.app (package:firebase_core_platform_interface/src/method_channel/method_channel_firebase.dart:190:5)
#1      Firebase.app (package:firebase_core/src/firebase.dart:92:41)
#2      FirebaseFunctions.instance (package:cloud_functions/src/firebase_functions.dart:37:21)
#3      new CashOutService (package:mixvy/services/cash_out_service.dart:20:52)
#4      _buildApp (file:///C:/MixVy/test/payments_screen_test.dart:55:26)
#5      main.<anonymous closure>.<anonymous closure> (file:///C:/MixVy/test/payments_screen_test.dart:121:31)
<asynchronous suspension>
#6      testWidgets.<anonymous closure>.<anonymous closure> (package:flutter_test/src/widget_tester.dart:192:15)
<asynchronous suspension>
#7      TestWidgetsFlutterBinding._runTestBody (package:flutter_test/src/binding.dart:1682:5)
<asynchronous suspension>
<asynchronous suspension>
(elided one frame from package:stack_trace)

The test description was:
  shows Send Coins and Request Coins buttons
════════════════════════════════════════════════════════════════════════════════════════════════════
00:21 +190 -26: C:/MixVy/test/onboarding_screen_test.dart: OnboardingScreen advances through all pages to final page
00:21 +190 -26: C:/MixVy/test/payments_screen_test.dart: PaymentsScreen shows Send Coins and Request Coins buttons [E]
  Test failed. See exception logs above.
  The test description was: shows Send Coins and Request Coins buttons
  
00:21 +190 -26: C:/MixVy/test/payments_screen_test.dart: PaymentsScreen shows quick-amount chips
══╡ EXCEPTION CAUGHT BY FLUTTER TEST FRAMEWORK ╞════════════════════════════════════════════════════
The following FirebaseException was thrown running a test:
[core/no-app] No Firebase App '[DEFAULT]' has been created - call Firebase.initializeApp()

When the exception was thrown, this was the stack:
#0      MethodChannelFirebase.app (package:firebase_core_platform_interface/src/method_channel/method_channel_firebase.dart:190:5)
#1      Firebase.app (package:firebase_core/src/firebase.dart:92:41)
#2      FirebaseFunctions.instance (package:cloud_functions/src/firebase_functions.dart:37:21)
#3      new CashOutService (package:mixvy/services/cash_out_service.dart:20:52)
#4      _buildApp (file:///C:/MixVy/test/payments_screen_test.dart:55:26)
#5      main.<anonymous closure>.<anonymous closure> (file:///C:/MixVy/test/payments_screen_test.dart:131:31)
<asynchronous suspension>
#6      testWidgets.<anonymous closure>.<anonymous closure> (package:flutter_test/src/widget_tester.dart:192:15)
<asynchronous suspension>
#7      TestWidgetsFlutterBinding._runTestBody (package:flutter_test/src/binding.dart:1682:5)
<asynchronous suspension>
<asynchronous suspension>
(elided one frame from package:stack_trace)

The test description was:
  shows quick-amount chips
════════════════════════════════════════════════════════════════════════════════════════════════════
00:21 +190 -27: C:/MixVy/test/onboarding_screen_test.dart: OnboardingScreen advances through all pages to final page
00:21 +190 -27: C:/MixVy/test/payments_screen_test.dart: PaymentsScreen shows quick-amount chips [E]
  Test failed. See exception logs above.
  The test description was: shows quick-amount chips
  
00:21 +190 -27: C:/MixVy/test/payments_screen_test.dart: PaymentsScreen tapping Send Coins with no recipient shows validation snackbar
══╡ EXCEPTION CAUGHT BY FLUTTER TEST FRAMEWORK ╞════════════════════════════════════════════════════
The following FirebaseException was thrown running a test:
[core/no-app] No Firebase App '[DEFAULT]' has been created - call Firebase.initializeApp()

When the exception was thrown, this was the stack:
#0      MethodChannelFirebase.app (package:firebase_core_platform_interface/src/method_channel/method_channel_firebase.dart:190:5)
#1      Firebase.app (package:firebase_core/src/firebase.dart:92:41)
#2      FirebaseFunctions.instance (package:cloud_functions/src/firebase_functions.dart:37:21)
#3      new CashOutService (package:mixvy/services/cash_out_service.dart:20:52)
#4      _buildApp (file:///C:/MixVy/test/payments_screen_test.dart:55:26)
#5      main.<anonymous closure>.<anonymous closure> (file:///C:/MixVy/test/payments_screen_test.dart:143:33)
<asynchronous suspension>
#6      testWidgets.<anonymous closure>.<anonymous closure> (package:flutter_test/src/widget_tester.dart:192:15)
<asynchronous suspension>
#7      TestWidgetsFlutterBinding._runTestBody (package:flutter_test/src/binding.dart:1682:5)
<asynchronous suspension>
<asynchronous suspension>
(elided one frame from package:stack_trace)

The test description was:
  tapping Send Coins with no recipient shows validation snackbar
════════════════════════════════════════════════════════════════════════════════════════════════════
00:21 +190 -28: C:/MixVy/test/onboarding_screen_test.dart: OnboardingScreen advances through all pages to final page
00:21 +190 -28: C:/MixVy/test/payments_screen_test.dart: PaymentsScreen tapping Send Coins with no recipient shows validation snackbar [E]
  Test failed. See exception logs above.
  The test description was: tapping Send Coins with no recipient shows validation snackbar
  
00:21 +191 -28: C:/MixVy/test/onboarding_screen_test.dart: OnboardingScreen advances through all pages to final page
00:21 +191 -28: C:/MixVy/test/payments_screen_test.dart: PaymentsScreen tapping Request Coins with no recipient shows validation snackbar
══╡ EXCEPTION CAUGHT BY FLUTTER TEST FRAMEWORK ╞════════════════════════════════════════════════════
The following FirebaseException was thrown running a test:
[core/no-app] No Firebase App '[DEFAULT]' has been created - call Firebase.initializeApp()

When the exception was thrown, this was the stack:
#0      MethodChannelFirebase.app (package:firebase_core_platform_interface/src/method_channel/method_channel_firebase.dart:190:5)
#1      Firebase.app (package:firebase_core/src/firebase.dart:92:41)
#2      FirebaseFunctions.instance (package:cloud_functions/src/firebase_functions.dart:37:21)
#3      new CashOutService (package:mixvy/services/cash_out_service.dart:20:52)
#4      _buildApp (file:///C:/MixVy/test/payments_screen_test.dart:55:26)
#5      main.<anonymous closure>.<anonymous closure> (file:///C:/MixVy/test/payments_screen_test.dart:163:33)
<asynchronous suspension>
#6      testWidgets.<anonymous closure>.<anonymous closure> (package:flutter_test/src/widget_tester.dart:192:15)
<asynchronous suspension>
#7      TestWidgetsFlutterBinding._runTestBody (package:flutter_test/src/binding.dart:1682:5)
<asynchronous suspension>
<asynchronous suspension>
(elided one frame from package:stack_trace)

The test description was:
  tapping Request Coins with no recipient shows validation snackbar
════════════════════════════════════════════════════════════════════════════════════════════════════
00:21 +191 -29: C:/MixVy/test/onboarding_screen_test.dart: OnboardingScreen advances through all pages to final page
00:21 +191 -29: C:/MixVy/test/payments_screen_test.dart: PaymentsScreen tapping Request Coins with no recipient shows validation snackbar [E]
  Test failed. See exception logs above.
  The test description was: tapping Request Coins with no recipient shows validation snackbar
  
00:21 +191 -29: C:/MixVy/test/payments_screen_test.dart: PaymentsScreen shows coin balance from wallet when wallet data loads
══╡ EXCEPTION CAUGHT BY FLUTTER TEST FRAMEWORK ╞════════════════════════════════════════════════════
The following FirebaseException was thrown running a test:
[core/no-app] No Firebase App '[DEFAULT]' has been created - call Firebase.initializeApp()

When the exception was thrown, this was the stack:
#0      MethodChannelFirebase.app (package:firebase_core_platform_interface/src/method_channel/method_channel_firebase.dart:190:5)
#1      Firebase.app (package:firebase_core/src/firebase.dart:92:41)
#2      FirebaseFunctions.instance (package:cloud_functions/src/firebase_functions.dart:37:21)
#3      new CashOutService (package:mixvy/services/cash_out_service.dart:20:52)
#4      _buildApp (file:///C:/MixVy/test/payments_screen_test.dart:55:26)
#5      main.<anonymous closure>.<anonymous closure> (file:///C:/MixVy/test/payments_screen_test.dart:183:31)
<asynchronous suspension>
#6      testWidgets.<anonymous closure>.<anonymous closure> (package:flutter_test/src/widget_tester.dart:192:15)
<asynchronous suspension>
#7      TestWidgetsFlutterBinding._runTestBody (package:flutter_test/src/binding.dart:1682:5)
<asynchronous suspension>
<asynchronous suspension>
(elided one frame from package:stack_trace)

The test description was:
  shows coin balance from wallet when wallet data loads
════════════════════════════════════════════════════════════════════════════════════════════════════
00:21 +191 -30: C:/MixVy/test/onboarding_screen_test.dart: OnboardingScreen advances through all pages to final page
00:21 +191 -30: C:/MixVy/test/payments_screen_test.dart: PaymentsScreen shows coin balance from wallet when wallet data loads [E]
  Test failed. See exception logs above.
  The test description was: shows coin balance from wallet when wallet data loads
  
00:21 +191 -30: C:/MixVy/test/payments_screen_test.dart: PaymentsScreen shows no transactions yet when list is empty
══╡ EXCEPTION CAUGHT BY FLUTTER TEST FRAMEWORK ╞════════════════════════════════════════════════════
The following FirebaseException was thrown running a test:
[core/no-app] No Firebase App '[DEFAULT]' has been created - call Firebase.initializeApp()

When the exception was thrown, this was the stack:
#0      MethodChannelFirebase.app (package:firebase_core_platform_interface/src/method_channel/method_channel_firebase.dart:190:5)
#1      Firebase.app (package:firebase_core/src/firebase.dart:92:41)
#2      FirebaseFunctions.instance (package:cloud_functions/src/firebase_functions.dart:37:21)
#3      new CashOutService (package:mixvy/services/cash_out_service.dart:20:52)
#4      _buildApp (file:///C:/MixVy/test/payments_screen_test.dart:55:26)
#5      main.<anonymous closure>.<anonymous closure> (file:///C:/MixVy/test/payments_screen_test.dart:191:31)
<asynchronous suspension>
#6      testWidgets.<anonymous closure>.<anonymous closure> (package:flutter_test/src/widget_tester.dart:192:15)
<asynchronous suspension>
#7      TestWidgetsFlutterBinding._runTestBody (package:flutter_test/src/binding.dart:1682:5)
<asynchronous suspension>
<asynchronous suspension>
(elided one frame from package:stack_trace)

The test description was:
  shows no transactions yet when list is empty
════════════════════════════════════════════════════════════════════════════════════════════════════
00:21 +191 -31: C:/MixVy/test/onboarding_screen_test.dart: OnboardingScreen advances through all pages to final page
00:21 +191 -31: C:/MixVy/test/payments_screen_test.dart: PaymentsScreen shows no transactions yet when list is empty [E]
  Test failed. See exception logs above.
  The test description was: shows no transactions yet when list is empty
  
00:21 +192 -31: C:/MixVy/test/on_mic_panel_test.dart: OnMicPanel timer badge is orange when expiry is 11..20 seconds away
00:21 +192 -31: C:/MixVy/test/payments_screen_test.dart: PaymentsScreen shows no open refund requests initially
══╡ EXCEPTION CAUGHT BY FLUTTER TEST FRAMEWORK ╞════════════════════════════════════════════════════
The following FirebaseException was thrown running a test:
[core/no-app] No Firebase App '[DEFAULT]' has been created - call Firebase.initializeApp()

When the exception was thrown, this was the stack:
#0      MethodChannelFirebase.app (package:firebase_core_platform_interface/src/method_channel/method_channel_firebase.dart:190:5)
#1      Firebase.app (package:firebase_core/src/firebase.dart:92:41)
#2      FirebaseFunctions.instance (package:cloud_functions/src/firebase_functions.dart:37:21)
#3      new CashOutService (package:mixvy/services/cash_out_service.dart:20:52)
#4      _buildApp (file:///C:/MixVy/test/payments_screen_test.dart:55:26)
#5      main.<anonymous closure>.<anonymous closure> (file:///C:/MixVy/test/payments_screen_test.dart:199:31)
<asynchronous suspension>
#6      testWidgets.<anonymous closure>.<anonymous closure> (package:flutter_test/src/widget_tester.dart:192:15)
<asynchronous suspension>
#7      TestWidgetsFlutterBinding._runTestBody (package:flutter_test/src/binding.dart:1682:5)
<asynchronous suspension>
<asynchronous suspension>
(elided one frame from package:stack_trace)

The test description was:
  shows no open refund requests initially
════════════════════════════════════════════════════════════════════════════════════════════════════
00:21 +192 -32: C:/MixVy/test/on_mic_panel_test.dart: OnMicPanel timer badge is orange when expiry is 11..20 seconds away
00:21 +192 -32: C:/MixVy/test/payments_screen_test.dart: PaymentsScreen shows no open refund requests initially [E]
  Test failed. See exception logs above.
  The test description was: shows no open refund requests initially
  
00:21 +192 -32: C:/MixVy/test/on_mic_panel_test.dart: OnMicPanel timer badge is orange when expiry is 11..20 seconds away
00:21 +193 -32: C:/MixVy/test/onboarding_screen_test.dart: OnboardingScreen final page shows legal checkbox
00:21 +194 -32: C:/MixVy/test/onboarding_screen_test.dart: OnboardingScreen final page shows legal checkbox
00:21 +195 -32: C:/MixVy/test/onboarding_screen_test.dart: OnboardingScreen final page shows legal checkbox
00:21 +196 -32: C:/MixVy/test/onboarding_screen_test.dart: OnboardingScreen final page shows legal checkbox
00:22 +197 -32: C:/MixVy/test/onboarding_screen_test.dart: OnboardingScreen ENTER MIXVY is disabled until legal checkbox is ticked
00:22 +198 -32: C:/MixVy/test/post_comments_screen_test.dart: PostCommentsScreen submits a comment and leaves parent post counter untouched
00:22 +199 -32: C:/MixVy/test/post_comments_screen_test.dart: PostCommentsScreen submits a comment and leaves parent post counter untouched
00:22 +200 -32: C:/MixVy/test/post_comments_screen_test.dart: PostCommentsScreen submits a comment and leaves parent post counter untouched
00:22 +201 -32: C:/MixVy/test/post_comments_screen_test.dart: PostCommentsScreen submits a comment and leaves parent post counter untouched
00:23 +202 -32: C:/MixVy/test/post_comments_screen_test.dart: PostCommentsScreen submits a comment and leaves parent post counter untouched
00:23 +203 -32: C:/MixVy/test/post_comments_screen_test.dart: PostCommentsScreen submits a comment and leaves parent post counter untouched
00:23 +204 -32: C:/MixVy/test/post_comments_screen_test.dart: PostCommentsScreen submits a comment and leaves parent post counter untouched
00:23 +205 -32: C:/MixVy/test/post_comments_screen_test.dart: PostCommentsScreen submits a comment and leaves parent post counter untouched
00:23 +206 -32: C:/MixVy/test/post_comments_screen_test.dart: PostCommentsScreen submits a comment and leaves parent post counter untouched
00:23 +206 -32: C:/MixVy/test/presence_service_test.dart: PresenceService reads presence snapshots through PresenceModel normalization
[MixVy][INFO] [2026-05-06T21:48:19.050347] [FIRESTORE LISTENER_START] Firestore listener attached. userId=user-1 result=1 key=presence/user-1 query=presence/user-1
[MixVy][INFO] [2026-05-06T21:48:19.062895] [FIRESTORE SNAPSHOT] Firestore snapshot triggered. userId=user-1 result=1 key=presence/user-1 query=presence/user-1
[MixVy][INFO] [2026-05-06T21:48:19.066899] [FIRESTORE LISTENER_STOP] Firestore listener detached. userId=user-1 result=0 key=presence/user-1 query=presence/user-1
00:23 +207 -32: C:/MixVy/test/post_comments_screen_test.dart: PostCommentsScreen submits a comment and leaves parent post counter untouched
00:23 +207 -32: C:/MixVy/test/presence_service_test.dart: PresenceRepository arbitration holds recent online presence through a transient offline flip
[MixVy][INFO] [2026-05-06T21:48:19.082269] [FIRESTORE LISTENER_START] Firestore listener attached. userId=user-1 result=1 key=presence/user-1 query=presence/user-1
[MixVy][INFO] [2026-05-06T21:48:19.085268] [FIRESTORE SNAPSHOT] Firestore snapshot triggered. userId=user-1 result=1 key=presence/user-1 query=presence/user-1
[MixVy][INFO] [2026-05-06T21:48:19.087038] [FIRESTORE SNAPSHOT] Firestore snapshot triggered. userId=user-1 result=1 key=presence/user-1 query=presence/user-1
[MixVy][INFO] [2026-05-06T21:48:19.088923] [FIRESTORE SNAPSHOT] Firestore snapshot triggered. userId=user-1 result=1 key=presence/user-1 query=presence/user-1
[MixVy][INFO] [2026-05-06T21:48:19.091945] [FIRESTORE LISTENER_STOP] Firestore listener detached. userId=user-1 result=0 key=presence/user-1 query=presence/user-1
00:23 +208 -32: C:/MixVy/test/post_comments_screen_test.dart: PostCommentsScreen submits a comment and leaves parent post counter untouched
00:23 +209 -32: C:/MixVy/test/post_comments_screen_test.dart: PostCommentsScreen submits a comment and leaves parent post counter untouched
00:23 +210 -32: C:/MixVy/test/post_comments_screen_test.dart: PostCommentsScreen submits a comment and leaves parent post counter untouched
00:23 +211 -32: C:/MixVy/test/post_comments_screen_test.dart: PostCommentsScreen submits a comment and leaves parent post counter untouched
00:23 +212 -32: C:/MixVy/test/post_comments_screen_test.dart: PostCommentsScreen submits a comment and leaves parent post counter untouched
00:23 +213 -32: C:/MixVy/test/post_comments_screen_test.dart: PostCommentsScreen submits a comment and leaves parent post counter untouched
00:23 +214 -32: C:/MixVy/test/post_comments_screen_test.dart: PostCommentsScreen submits a comment and leaves parent post counter untouched
00:23 +215 -32: C:/MixVy/test/post_comments_screen_test.dart: PostCommentsScreen submits a comment and leaves parent post counter untouched
00:24 +216 -32: C:/MixVy/test/post_comments_screen_test.dart: PostCommentsScreen submits a comment and leaves parent post counter untouched
00:24 +217 -32: C:/MixVy/test/post_comments_screen_test.dart: PostCommentsScreen submits a comment and leaves parent post counter untouched
00:24 +218 -32: C:/MixVy/test/post_comments_screen_test.dart: PostCommentsScreen submits a comment and leaves parent post counter untouched
00:24 +219 -32: C:/MixVy/test/post_comments_screen_test.dart: PostCommentsScreen submits a comment and leaves parent post counter untouched
00:24 +220 -32: C:/MixVy/test/post_comments_screen_test.dart: PostCommentsScreen submits a comment and leaves parent post counter untouched
00:24 +221 -32: C:/MixVy/test/post_comments_screen_test.dart: PostCommentsScreen submits a comment and leaves parent post counter untouched
00:24 +222 -32: C:/MixVy/test/post_comments_screen_test.dart: PostCommentsScreen submits a comment and leaves parent post counter untouched
00:24 +223 -32: C:/MixVy/test/post_comments_screen_test.dart: PostCommentsScreen submits a comment and leaves parent post counter untouched
00:24 +224 -32: C:/MixVy/test/post_comments_screen_test.dart: PostCommentsScreen submits a comment and leaves parent post counter untouched
00:24 +225 -32: C:/MixVy/test/post_comments_screen_test.dart: PostCommentsScreen submits a comment and leaves parent post counter untouched
00:24 +226 -32: C:/MixVy/test/post_comments_screen_test.dart: PostCommentsScreen submits a comment and leaves parent post counter untouched
00:24 +227 -32: C:/MixVy/test/post_comments_screen_test.dart: PostCommentsScreen submits a comment and leaves parent post counter untouched
00:24 +228 -32: C:/MixVy/test/post_comments_screen_test.dart: PostCommentsScreen submits a comment and leaves parent post counter untouched
00:24 +229 -32: C:/MixVy/test/post_comments_screen_test.dart: PostCommentsScreen submits a comment and leaves parent post counter untouched
00:24 +230 -32: C:/MixVy/test/post_comments_screen_test.dart: PostCommentsScreen submits a comment and leaves parent post counter untouched
00:25 +231 -32: C:/MixVy/test/post_comments_screen_test.dart: PostCommentsScreen submits a comment and leaves parent post counter untouched
00:25 +232 -32: C:/MixVy/test/post_comments_screen_test.dart: PostCommentsScreen submits a comment and leaves parent post counter untouched
00:25 +233 -32: C:/MixVy/test/post_comments_screen_test.dart: PostCommentsScreen submits a comment and leaves parent post counter untouched
00:25 +234 -32: C:/MixVy/test/post_comments_screen_test.dart: PostCommentsScreen submits a comment and leaves parent post counter untouched
00:25 +234 -32: C:/MixVy/test/room_chaos_master_test.dart: room chaos master same user joining from two controllers remains deduped
[MixVy][INFO] [2026-05-06T21:48:21.273398] [FIRESTORE LISTENER_START] Firestore listener attached. roomId=room-a result=1 key=room_doc/room-a query=rooms/room-a
[MixVy][INFO] [2026-05-06T21:48:21.303029] [FIRESTORE LISTENER_START] Firestore listener attached. roomId=room-a result=1 key=participants/room-a query=rooms/room-a/participants orderBy joinedAt
[MixVy][INFO] [2026-05-06T21:48:21.306508] [FIRESTORE LISTENER_START] Firestore listener attached. roomId=room-a result=1 key=room_members/room-a query=rooms/room-a/members
[MixVy][INFO] [2026-05-06T21:48:21.406784] [FIRESTORE LISTENER_START] Firestore listener attached. roomId=room-a result=2 key=room_doc/room-a query=rooms/room-a
[MixVy][INFO] [2026-05-06T21:48:21.410715] [FIRESTORE LISTENER_START] Firestore listener attached. roomId=room-a result=2 key=participants/room-a query=rooms/room-a/participants orderBy joinedAt
[MixVy][INFO] [2026-05-06T21:48:21.412039] [FIRESTORE LISTENER_START] Firestore listener attached. roomId=room-a result=2 key=room_members/room-a query=rooms/room-a/members
[MixVy][INFO] [2026-05-06T21:48:21.454942] [ROOM JOIN] Attempting room join. userId=user-1 roomId=room-a result=start
[MixVy][INFO] [2026-05-06T21:48:21.462471] [FIRESTORE GET_ROOM_FOR_JOIN] Firestore read issued. userId=user-1 roomId=room-a result=read path=rooms/room-a
[MixVy][INFO] [2026-05-06T21:48:21.464720] [ROOM JOIN] Attempting room join. userId=user-1 roomId=room-a result=start
[MixVy][INFO] [2026-05-06T21:48:21.465482] [FIRESTORE GET_ROOM_FOR_JOIN] Firestore read issued. userId=user-1 roomId=room-a result=read path=rooms/room-a
[MixVy][INFO] [2026-05-06T21:48:21.467246] [FIRESTORE SNAPSHOT] Firestore snapshot triggered. roomId=room-a result=1 key=room_doc/room-a query=rooms/room-a
[MixVy][INFO] [2026-05-06T21:48:21.472506] [FIRESTORE SNAPSHOT] Firestore snapshot triggered. roomId=room-a result=1 key=room_doc/room-a query=rooms/room-a
[MixVy][INFO] [2026-05-06T21:48:21.482846] [FIRESTORE SNAPSHOT] Firestore snapshot triggered. roomId=room-a result=0 key=participants/room-a query=rooms/room-a/participants orderBy joinedAt
[MixVy][INFO] [2026-05-06T21:48:21.485234] [FIRESTORE SNAPSHOT] Firestore snapshot triggered. roomId=room-a result=0 key=room_members/room-a query=rooms/room-a/members
[MixVy][INFO] [2026-05-06T21:48:21.486241] [FIRESTORE SNAPSHOT] Firestore snapshot triggered. roomId=room-a result=0 key=participants/room-a query=rooms/room-a/participants orderBy joinedAt
[MixVy][INFO] [2026-05-06T21:48:21.486553] [FIRESTORE SNAPSHOT] Firestore snapshot triggered. roomId=room-a result=0 key=room_members/room-a query=rooms/room-a/members
[MixVy][INFO] [2026-05-06T21:48:21.489569] [FIRESTORE GET_CURRENT_PARTICIPANT] Firestore read issued. userId=user-1 roomId=room-a result=read path=rooms/room-a/participants/user-1
[MixVy][INFO] [2026-05-06T21:48:21.490774] [FIRESTORE GET_CURRENT_PARTICIPANT] Firestore read issued. userId=user-1 roomId=room-a result=read path=rooms/room-a/participants/user-1
[MixVy][INFO] [2026-05-06T21:48:21.503150] [ROOM JOIN] Room join completed. userId=user-1 roomId=room-a result=success
[MixVy][INFO] [2026-05-06T21:48:21.506405] [ROOM JOIN] Room join completed. userId=user-1 roomId=room-a result=success
[MixVy][INFO] [2026-05-06T21:48:21.517524] [FIRESTORE ROOM_HEARTBEAT] Firestore write issued. userId=user-1 roomId=room-a result=write path=rooms/room-a/participants/user-1
[MixVy][INFO] [2026-05-06T21:48:21.529394] [FIRESTORE SNAPSHOT] Firestore snapshot triggered. roomId=room-a result=1 key=participants/room-a query=rooms/room-a/participants orderBy joinedAt
[MixVy][INFO] [2026-05-06T21:48:21.532026] [FIRESTORE SNAPSHOT] Firestore snapshot triggered. roomId=room-a result=1 key=room_members/room-a query=rooms/room-a/members
[MixVy][INFO] [2026-05-06T21:48:21.532982] [FIRESTORE SNAPSHOT] Firestore snapshot triggered. roomId=room-a result=1 key=room_doc/room-a query=rooms/room-a
[MixVy][INFO] [2026-05-06T21:48:21.534234] [FIRESTORE SNAPSHOT] Firestore snapshot triggered. roomId=room-a result=1 key=room_doc/room-a query=rooms/room-a
[MixVy][INFO] [2026-05-06T21:48:21.542523] [FIRESTORE SNAPSHOT] Firestore snapshot triggered. roomId=room-a result=1 key=participants/room-a query=rooms/room-a/participants orderBy joinedAt
[MixVy][INFO] [2026-05-06T21:48:21.544799] [FIRESTORE SNAPSHOT] Firestore snapshot triggered. roomId=room-a result=1 key=room_members/room-a query=rooms/room-a/members
[MixVy][INFO] [2026-05-06T21:48:21.547079] [FIRESTORE SNAPSHOT] Firestore snapshot triggered. roomId=room-a result=1 key=room_doc/room-a query=rooms/room-a
[MixVy][INFO] [2026-05-06T21:48:21.550353] [FIRESTORE SNAPSHOT] Firestore snapshot triggered. roomId=room-a result=1 key=room_doc/room-a query=rooms/room-a
[MixVy][INFO] [2026-05-06T21:48:21.552620] [FIRESTORE SNAPSHOT] Firestore snapshot triggered. roomId=room-a result=1 key=participants/room-a query=rooms/room-a/participants orderBy joinedAt
[MixVy][INFO] [2026-05-06T21:48:21.574887] [FIRESTORE LISTENER_STOP] Firestore listener detached. roomId=room-a result=1 key=room_members/room-a query=rooms/room-a/members
[MixVy][INFO] [2026-05-06T21:48:21.574887] [FIRESTORE LISTENER_STOP] Firestore listener detached. roomId=room-a result=1 key=participants/room-a query=rooms/room-a/participants orderBy joinedAt
[MixVy][INFO] [2026-05-06T21:48:21.574887] [FIRESTORE LISTENER_STOP] Firestore listener detached. roomId=room-a result=1 key=room_doc/room-a query=rooms/room-a
[MixVy][INFO] [2026-05-06T21:48:21.577870] [FIRESTORE LISTENER_STOP] Firestore listener detached. roomId=room-a result=0 key=room_members/room-a query=rooms/room-a/members
[MixVy][INFO] [2026-05-06T21:48:21.577870] [FIRESTORE LISTENER_STOP] Firestore listener detached. roomId=room-a result=0 key=participants/room-a query=rooms/room-a/participants orderBy joinedAt
[MixVy][INFO] [2026-05-06T21:48:21.577870] [FIRESTORE LISTENER_STOP] Firestore listener detached. roomId=room-a result=0 key=room_doc/room-a query=rooms/room-a
00:25 +235 -32: C:/MixVy/test/post_comments_screen_test.dart: PostCommentsScreen submits a comment and leaves parent post counter untouched
00:25 +236 -32: C:/MixVy/test/post_comments_screen_test.dart: PostCommentsScreen submits a comment and leaves parent post counter untouched
00:25 +236 -32: C:/MixVy/test/room_chaos_master_test.dart: room chaos master presence cleanup stays consistent through leave and rejoin
[MixVy][INFO] [2026-05-06T21:48:21.636375] [ROOM HEALTH_STATUS_CHANGED] Room health changed to healthy. userId=user-9 roomId=room-a result=healthy score=100 suppressedAlertCount=0 warningAlertCount=0 criticalAlertCount=0
[MixVy][INFO] [2026-05-06T21:48:21.637343] [ROOM JOIN] Attempting room join. userId=user-9 roomId=room-a result=start
[MixVy][INFO] [2026-05-06T21:48:21.637343] [FIRESTORE GET_ROOM_FOR_JOIN] Firestore read issued. userId=user-9 roomId=room-a result=read path=rooms/room-a
[MixVy][INFO] [2026-05-06T21:48:21.638979] [FIRESTORE GET_CURRENT_PARTICIPANT] Firestore read issued. userId=user-9 roomId=room-a result=read path=rooms/room-a/participants/user-9
[MixVy][INFO] [2026-05-06T21:48:21.641501] [ROOM JOIN] Room join completed. userId=user-9 roomId=room-a result=success
[MixVy][INFO] [2026-05-06T21:48:21.644771] [FIRESTORE BATCH_LEAVE_ROOM] Firestore write issued. userId=user-9 roomId=room-a result=write path=rooms/room-a/batch_leave
[MixVy][INFO] [2026-05-06T21:48:21.652187] [ROOM LEAVE] Room leave cleanup completed. userId=user-9 roomId=room-a result=success
[MixVy][INFO] [2026-05-06T21:48:21.653690] [ROOM JOIN] Attempting room join. userId=user-9 roomId=room-a result=start
[MixVy][INFO] [2026-05-06T21:48:21.654435] [FIRESTORE GET_ROOM_FOR_JOIN] Firestore read issued. userId=user-9 roomId=room-a result=read path=rooms/room-a
[MixVy][INFO] [2026-05-06T21:48:21.655185] [FIRESTORE GET_CURRENT_PARTICIPANT] Firestore read issued. userId=user-9 roomId=room-a result=read path=rooms/room-a/participants/user-9
[MixVy][INFO] [2026-05-06T21:48:21.656192] [ROOM JOIN] Room join completed. userId=user-9 roomId=room-a result=success
00:25 +237 -32: C:/MixVy/test/post_comments_screen_test.dart: PostCommentsScreen submits a comment and leaves parent post counter untouched
00:26 +238 -32: C:/MixVy/test/post_comments_screen_test.dart: PostCommentsScreen submits a comment and leaves parent post counter untouched
00:26 +239 -32: C:/MixVy/test/post_comments_screen_test.dart: PostCommentsScreen submits a comment and leaves parent post counter untouched
00:26 +239 -32: C:/MixVy/test/room_controller_test.dart: RoomController joinRoom keeps the joined user in shared room state
[MixVy][INFO] [2026-05-06T21:48:21.785251] [FIRESTORE LISTENER_START] Firestore listener attached. roomId=room-a result=1 key=room_doc/room-a query=rooms/room-a
[MixVy][INFO] [2026-05-06T21:48:21.829127] [FIRESTORE LISTENER_START] Firestore listener attached. roomId=room-a result=1 key=participants/room-a query=rooms/room-a/participants orderBy joinedAt
[MixVy][INFO] [2026-05-06T21:48:21.835218] [FIRESTORE LISTENER_START] Firestore listener attached. roomId=room-a result=1 key=room_members/room-a query=rooms/room-a/members
[MixVy][INFO] [2026-05-06T21:48:21.997843] [ROOM JOIN] Attempting room join. userId=user-1 roomId=room-a result=start
[MixVy][INFO] [2026-05-06T21:48:22.003100] [FIRESTORE GET_ROOM_FOR_JOIN] Firestore read issued. userId=user-1 roomId=room-a result=read path=rooms/room-a
[MixVy][INFO] [2026-05-06T21:48:22.006359] [FIRESTORE SNAPSHOT] Firestore snapshot triggered. roomId=room-a result=1 key=room_doc/room-a query=rooms/room-a
[MixVy][INFO] [2026-05-06T21:48:22.021843] [FIRESTORE SNAPSHOT] Firestore snapshot triggered. roomId=room-a result=0 key=participants/room-a query=rooms/room-a/participants orderBy joinedAt
[MixVy][INFO] [2026-05-06T21:48:22.024111] [FIRESTORE SNAPSHOT] Firestore snapshot triggered. roomId=room-a result=0 key=room_members/room-a query=rooms/room-a/members
[MixVy][INFO] [2026-05-06T21:48:22.026393] [FIRESTORE GET_CURRENT_PARTICIPANT] Firestore read issued. userId=user-1 roomId=room-a result=read path=rooms/room-a/participants/user-1
[MixVy][INFO] [2026-05-06T21:48:22.039691] [ROOM JOIN] Room join completed. userId=user-1 roomId=room-a result=success
[MixVy][INFO] [2026-05-06T21:48:22.048977] [FIRESTORE ROOM_HEARTBEAT] Firestore write issued. userId=user-1 roomId=room-a result=write path=rooms/room-a/participants/user-1
[MixVy][INFO] [2026-05-06T21:48:22.059073] [FIRESTORE SNAPSHOT] Firestore snapshot triggered. roomId=room-a result=1 key=participants/room-a query=rooms/room-a/participants orderBy joinedAt
[MixVy][INFO] [2026-05-06T21:48:22.059820] [FIRESTORE SNAPSHOT] Firestore snapshot triggered. roomId=room-a result=1 key=room_members/room-a query=rooms/room-a/members
[MixVy][INFO] [2026-05-06T21:48:22.061320] [FIRESTORE SNAPSHOT] Firestore snapshot triggered. roomId=room-a result=1 key=room_doc/room-a query=rooms/room-a
[MixVy][INFO] [2026-05-06T21:48:22.066854] [FIRESTORE SNAPSHOT] Firestore snapshot triggered. roomId=room-a result=1 key=participants/room-a query=rooms/room-a/participants orderBy joinedAt
[MixVy][INFO] [2026-05-06T21:48:22.088537] [FIRESTORE LISTENER_STOP] Firestore listener detached. roomId=room-a result=0 key=room_members/room-a query=rooms/room-a/members
[MixVy][INFO] [2026-05-06T21:48:22.089297] [FIRESTORE LISTENER_STOP] Firestore listener detached. roomId=room-a result=0 key=participants/room-a query=rooms/room-a/participants orderBy joinedAt
[MixVy][INFO] [2026-05-06T21:48:22.089297] [FIRESTORE LISTENER_STOP] Firestore listener detached. roomId=room-a result=0 key=room_doc/room-a query=rooms/room-a
00:26 +240 -32: C:/MixVy/test/post_comments_screen_test.dart: PostCommentsScreen submits a comment and leaves parent post counter untouched
00:26 +241 -32: C:/MixVy/test/post_comments_screen_test.dart: PostCommentsScreen submits a comment and leaves parent post counter untouched
00:26 +241 -32: C:/MixVy/test/room_controller_test.dart: RoomController leaveRoom resets the room session state
[MixVy][INFO] [2026-05-06T21:48:22.110533] [FIRESTORE LISTENER_START] Firestore listener attached. roomId=room-a result=1 key=room_doc/room-a query=rooms/room-a
[MixVy][INFO] [2026-05-06T21:48:22.112784] [FIRESTORE LISTENER_START] Firestore listener attached. roomId=room-a result=1 key=participants/room-a query=rooms/room-a/participants orderBy joinedAt
[MixVy][INFO] [2026-05-06T21:48:22.113863] [FIRESTORE LISTENER_START] Firestore listener attached. roomId=room-a result=1 key=room_members/room-a query=rooms/room-a/members
[MixVy][INFO] [2026-05-06T21:48:22.129340] [ROOM JOIN] Attempting room join. userId=user-1 roomId=room-a result=start
[MixVy][INFO] [2026-05-06T21:48:22.131590] [FIRESTORE GET_ROOM_FOR_JOIN] Firestore read issued. userId=user-1 roomId=room-a result=read path=rooms/room-a
[MixVy][INFO] [2026-05-06T21:48:22.132337] [FIRESTORE SNAPSHOT] Firestore snapshot triggered. roomId=room-a result=1 key=room_doc/room-a query=rooms/room-a
[MixVy][INFO] [2026-05-06T21:48:22.133087] [FIRESTORE SNAPSHOT] Firestore snapshot triggered. roomId=room-a result=0 key=participants/room-a query=rooms/room-a/participants orderBy joinedAt
[MixVy][INFO] [2026-05-06T21:48:22.133893] [FIRESTORE SNAPSHOT] Firestore snapshot triggered. roomId=room-a result=0 key=room_members/room-a query=rooms/room-a/members
[MixVy][INFO] [2026-05-06T21:48:22.134587] [FIRESTORE GET_CURRENT_PARTICIPANT] Firestore read issued. userId=user-1 roomId=room-a result=read path=rooms/room-a/participants/user-1
[MixVy][INFO] [2026-05-06T21:48:22.138621] [ROOM JOIN] Room join completed. userId=user-1 roomId=room-a result=success
[MixVy][INFO] [2026-05-06T21:48:22.140122] [FIRESTORE ROOM_HEARTBEAT] Firestore write issued. userId=user-1 roomId=room-a result=write path=rooms/room-a/participants/user-1
[MixVy][INFO] [2026-05-06T21:48:22.143121] [FIRESTORE SNAPSHOT] Firestore snapshot triggered. roomId=room-a result=1 key=participants/room-a query=rooms/room-a/participants orderBy joinedAt
[MixVy][INFO] [2026-05-06T21:48:22.143121] [FIRESTORE SNAPSHOT] Firestore snapshot triggered. roomId=room-a result=1 key=room_members/room-a query=rooms/room-a/members
[MixVy][INFO] [2026-05-06T21:48:22.143921] [FIRESTORE SNAPSHOT] Firestore snapshot triggered. roomId=room-a result=1 key=room_doc/room-a query=rooms/room-a
[MixVy][INFO] [2026-05-06T21:48:22.146381] [FIRESTORE SNAPSHOT] Firestore snapshot triggered. roomId=room-a result=1 key=participants/room-a query=rooms/room-a/participants orderBy joinedAt
[MixVy][INFO] [2026-05-06T21:48:22.154731] [FIRESTORE BATCH_LEAVE_ROOM] Firestore write issued. userId=user-1 roomId=room-a result=write path=rooms/room-a/batch_leave
[MixVy][INFO] [2026-05-06T21:48:22.157749] [FIRESTORE SNAPSHOT] Firestore snapshot triggered. roomId=room-a result=0 key=participants/room-a query=rooms/room-a/participants orderBy joinedAt
[MixVy][INFO] [2026-05-06T21:48:22.160233] [FIRESTORE SNAPSHOT] Firestore snapshot triggered. roomId=room-a result=0 key=room_members/room-a query=rooms/room-a/members
[MixVy][INFO] [2026-05-06T21:48:22.164376] [FIRESTORE SNAPSHOT] Firestore snapshot triggered. roomId=room-a result=1 key=room_doc/room-a query=rooms/room-a
[MixVy][INFO] [2026-05-06T21:48:22.166143] [ROOM LEAVE] Room leave cleanup completed. userId=user-1 roomId=room-a result=success
[MixVy][INFO] [2026-05-06T21:48:22.174414] [ROOM HEALTH_STATUS_CHANGED] Room health changed to healthy. roomId=room-a result=healthy score=100 suppressedAlertCount=0 warningAlertCount=0 criticalAlertCount=0
[MixVy][INFO] [2026-05-06T21:48:22.176935] [FIRESTORE LISTENER_STOP] Firestore listener detached. roomId=room-a result=0 key=room_members/room-a query=rooms/room-a/members
[MixVy][INFO] [2026-05-06T21:48:22.176935] [FIRESTORE LISTENER_STOP] Firestore listener detached. roomId=room-a result=0 key=participants/room-a query=rooms/room-a/participants orderBy joinedAt
[MixVy][INFO] [2026-05-06T21:48:22.177686] [FIRESTORE LISTENER_STOP] Firestore listener detached. roomId=room-a result=0 key=room_doc/room-a query=rooms/room-a
00:26 +242 -32: C:/MixVy/test/post_comments_screen_test.dart: PostCommentsScreen submits a comment and leaves parent post counter untouched
00:26 +242 -32: C:/MixVy/test/room_controller_test.dart: RoomController requestMic queues listeners when someone else already holds the mic
[MixVy][INFO] [2026-05-06T21:48:22.202308] [FIRESTORE LISTENER_START] Firestore listener attached. roomId=room-a result=1 key=room_members/room-a query=rooms/room-a/members
[MixVy][WARN] [2026-05-06T21:48:22.214800] [ROOM HEALTH_STATUS_CHANGED] Room health changed to warning. userId=user-1 roomId=room-a result=warning score=85 suppressedAlertCount=0 warningAlertCount=1 criticalAlertCount=0
[MixVy][WARN] [2026-05-06T21:48:22.217820] [ROOM HEALTH_ALERT] Repeated join calls were detected for the same session. userId=user-1 roomId=room-a result=warning alertCode=duplicate_join_storm score=85
[MixVy][INFO] [2026-05-06T21:48:22.218569] [ROOM JOIN] Attempting room join. userId=user-1 roomId=room-a result=start
[MixVy][INFO] [2026-05-06T21:48:22.219321] [FIRESTORE GET_ROOM_FOR_JOIN] Firestore read issued. userId=user-1 roomId=room-a result=read path=rooms/room-a
[MixVy][INFO] [2026-05-06T21:48:22.221567] [FIRESTORE SNAPSHOT] Firestore snapshot triggered. roomId=room-a result=0 key=room_members/room-a query=rooms/room-a/members
[MixVy][INFO] [2026-05-06T21:48:22.224568] [FIRESTORE GET_CURRENT_PARTICIPANT] Firestore read issued. userId=user-1 roomId=room-a result=read path=rooms/room-a/participants/user-1
[MixVy][INFO] [2026-05-06T21:48:22.227089] [ROOM JOIN] Room join completed. userId=user-1 roomId=room-a result=success
[MixVy][INFO] [2026-05-06T21:48:22.234598] [FIRESTORE ROOM_HEARTBEAT] Firestore write issued. userId=user-1 roomId=room-a result=write path=rooms/room-a/participants/user-1
[MixVy][INFO] [2026-05-06T21:48:22.237120] [FIRESTORE SNAPSHOT] Firestore snapshot triggered. roomId=room-a result=1 key=room_members/room-a query=rooms/room-a/members
[MixVy][INFO] [2026-05-06T21:48:22.247325] [FIRESTORE LISTENER_STOP] Firestore listener detached. roomId=room-a result=0 key=room_members/room-a query=rooms/room-a/members
00:26 +243 -32: C:/MixVy/test/post_comments_screen_test.dart: PostCommentsScreen submits a comment and leaves parent post counter untouched
00:26 +243 -32: C:/MixVy/test/room_chaos_master_test.dart: room chaos master combined chaos run converges without stuck authority or duplicates
[MixVy][INFO] [2026-05-06T21:48:21.978532] [FIRESTORE LISTENER_START] Firestore listener attached. roomId=room-a result=1 key=room_doc/room-a query=rooms/room-a
[MixVy][INFO] [2026-05-06T21:48:21.981528] [FIRESTORE LISTENER_START] Firestore listener attached. roomId=room-a result=1 key=participants/room-a query=rooms/room-a/participants orderBy joinedAt
[MixVy][INFO] [2026-05-06T21:48:21.983032] [FIRESTORE LISTENER_START] Firestore listener attached. roomId=room-a result=1 key=room_members/room-a query=rooms/room-a/members
[MixVy][INFO] [2026-05-06T21:48:21.999352] [ROOM HEALTH_STATUS_CHANGED] Room health changed to healthy. roomId=room-a result=healthy score=100 suppressedAlertCount=0 warningAlertCount=0 criticalAlertCount=0
[MixVy][INFO] [2026-05-06T21:48:22.000850] [FIRESTORE LISTENER_START] Firestore listener attached. roomId=room-a result=2 key=room_doc/room-a query=rooms/room-a
[MixVy][INFO] [2026-05-06T21:48:22.001600] [FIRESTORE LISTENER_START] Firestore listener attached. roomId=room-a result=2 key=participants/room-a query=rooms/room-a/participants orderBy joinedAt
[MixVy][INFO] [2026-05-06T21:48:22.003100] [FIRESTORE LISTENER_START] Firestore listener attached. roomId=room-a result=2 key=room_members/room-a query=rooms/room-a/members
[MixVy][INFO] [2026-05-06T21:48:22.016584] [ROOM JOIN] Attempting room join. userId=host-1 roomId=room-a result=start
[MixVy][INFO] [2026-05-06T21:48:22.016584] [FIRESTORE GET_ROOM_FOR_JOIN] Firestore read issued. userId=host-1 roomId=room-a result=read path=rooms/room-a
[MixVy][INFO] [2026-05-06T21:48:22.017345] [FIRESTORE SNAPSHOT] Firestore snapshot triggered. roomId=room-a result=1 key=room_doc/room-a query=rooms/room-a
[MixVy][INFO] [2026-05-06T21:48:22.018092] [FIRESTORE SNAPSHOT] Firestore snapshot triggered. roomId=room-a result=1 key=room_doc/room-a query=rooms/room-a
[MixVy][INFO] [2026-05-06T21:48:22.019592] [FIRESTORE SNAPSHOT] Firestore snapshot triggered. roomId=room-a result=0 key=participants/room-a query=rooms/room-a/participants orderBy joinedAt
[MixVy][INFO] [2026-05-06T21:48:22.019592] [FIRESTORE SNAPSHOT] Firestore snapshot triggered. roomId=room-a result=0 key=room_members/room-a query=rooms/room-a/members
[MixVy][INFO] [2026-05-06T21:48:22.019592] [FIRESTORE SNAPSHOT] Firestore snapshot triggered. roomId=room-a result=0 key=participants/room-a query=rooms/room-a/participants orderBy joinedAt
[MixVy][INFO] [2026-05-06T21:48:22.020343] [FIRESTORE SNAPSHOT] Firestore snapshot triggered. roomId=room-a result=0 key=room_members/room-a query=rooms/room-a/members
[MixVy][INFO] [2026-05-06T21:48:22.020343] [FIRESTORE GET_CURRENT_PARTICIPANT] Firestore read issued. userId=host-1 roomId=room-a result=read path=rooms/room-a/participants/host-1
[MixVy][INFO] [2026-05-06T21:48:22.023342] [ROOM JOIN] Room join completed. userId=host-1 roomId=room-a result=success
[MixVy][INFO] [2026-05-06T21:48:22.024884] [FIRESTORE ROOM_HEARTBEAT] Firestore write issued. userId=host-1 roomId=room-a result=write path=rooms/room-a/participants/host-1
[MixVy][INFO] [2026-05-06T21:48:22.027903] [FIRESTORE SNAPSHOT] Firestore snapshot triggered. roomId=room-a result=1 key=participants/room-a query=rooms/room-a/participants orderBy joinedAt
[MixVy][INFO] [2026-05-06T21:48:22.028651] [FIRESTORE SNAPSHOT] Firestore snapshot triggered. roomId=room-a result=1 key=room_members/room-a query=rooms/room-a/members
[MixVy][INFO] [2026-05-06T21:48:22.029414] [FIRESTORE SNAPSHOT] Firestore snapshot triggered. roomId=room-a result=1 key=room_doc/room-a query=rooms/room-a
[MixVy][INFO] [2026-05-06T21:48:22.030159] [FIRESTORE SNAPSHOT] Firestore snapshot triggered. roomId=room-a result=1 key=room_doc/room-a query=rooms/room-a
[MixVy][INFO] [2026-05-06T21:48:22.031661] [FIRESTORE SNAPSHOT] Firestore snapshot triggered. roomId=room-a result=1 key=participants/room-a query=rooms/room-a/participants orderBy joinedAt
[MixVy][INFO] [2026-05-06T21:48:22.032410] [FIRESTORE SNAPSHOT] Firestore snapshot triggered. roomId=room-a result=1 key=room_members/room-a query=rooms/room-a/members
[MixVy][INFO] [2026-05-06T21:48:22.033162] [FIRESTORE SNAPSHOT] Firestore snapshot triggered. roomId=room-a result=1 key=participants/room-a query=rooms/room-a/participants orderBy joinedAt
[MixVy][INFO] [2026-05-06T21:48:22.042144] [ROOM JOIN] Attempting room join. userId=host-2 roomId=room-a result=start
[MixVy][INFO] [2026-05-06T21:48:22.042892] [FIRESTORE GET_ROOM_FOR_JOIN] Firestore read issued. userId=host-2 roomId=room-a result=read path=rooms/room-a
[MixVy][INFO] [2026-05-06T21:48:22.045143] [FIRESTORE GET_CURRENT_PARTICIPANT] Firestore read issued. userId=host-2 roomId=room-a result=read path=rooms/room-a/participants/host-2
[MixVy][INFO] [2026-05-06T21:48:22.048217] [ROOM JOIN] Room join completed. userId=host-2 roomId=room-a result=success
[MixVy][INFO] [2026-05-06T21:48:22.050476] [FIRESTORE ROOM_HEARTBEAT] Firestore write issued. userId=host-2 roomId=room-a result=write path=rooms/room-a/participants/host-2
[MixVy][INFO] [2026-05-06T21:48:22.054303] [FIRESTORE SNAPSHOT] Firestore snapshot triggered. roomId=room-a result=2 key=participants/room-a query=rooms/room-a/participants orderBy joinedAt
[MixVy][INFO] [2026-05-06T21:48:22.055053] [FIRESTORE SNAPSHOT] Firestore snapshot triggered. roomId=room-a result=2 key=room_members/room-a query=rooms/room-a/members
00:26 +243 -32: C:/MixVy/test/room_controller_test.dart: RoomController cancelMicRequest lets a listener lower their hand
[MixVy][INFO] [2026-05-06T21:48:22.286301] [ROOM HEALTH_STATUS_CHANGED] Room health changed to healthy. roomId=room-a result=healthy score=100 suppressedAlertCount=0 warningAlertCount=0 criticalAlertCount=0
00:26 +243 -32: C:/MixVy/test/room_chaos_master_test.dart: room chaos master combined chaos run converges without stuck authority or duplicates
[MixVy][INFO] [2026-05-06T21:48:22.056059] [FIRESTORE SNAPSHOT] Firestore snapshot triggered. roomId=room-a result=1 key=room_doc/room-a query=rooms/room-a
[MixVy][INFO] [2026-05-06T21:48:22.056059] [FIRESTORE SNAPSHOT] Firestore snapshot triggered. roomId=room-a result=1 key=room_doc/room-a query=rooms/room-a
00:26 +243 -32: C:/MixVy/test/room_controller_test.dart: RoomController cancelMicRequest lets a listener lower their hand
[MixVy][WARN] [2026-05-06T21:48:22.287813] [ROOM HEALTH_STATUS_CHANGED] Room health changed to warning. userId=user-1 roomId=room-a result=warning score=85 suppressedAlertCount=0 warningAlertCount=1 criticalAlertCount=0
[MixVy][INFO] [2026-05-06T21:48:22.288573] [ROOM JOIN] Attempting room join. userId=user-1 roomId=room-a result=start
00:26 +243 -32: C:/MixVy/test/room_chaos_master_test.dart: room chaos master combined chaos run converges without stuck authority or duplicates
[MixVy][INFO] [2026-05-06T21:48:22.057569] [FIRESTORE SNAPSHOT] Firestore snapshot triggered. roomId=room-a result=2 key=participants/room-a query=rooms/room-a/participants orderBy joinedAt
00:26 +243 -32: C:/MixVy/test/room_controller_test.dart: RoomController cancelMicRequest lets a listener lower their hand
[MixVy][INFO] [2026-05-06T21:48:22.289325] [FIRESTORE GET_ROOM_FOR_JOIN] Firestore read issued. userId=user-1 roomId=room-a result=read path=rooms/room-a
00:26 +243 -32: C:/MixVy/test/room_chaos_master_test.dart: room chaos master combined chaos run converges without stuck authority or duplicates
[MixVy][INFO] [2026-05-06T21:48:22.058319] [FIRESTORE SNAPSHOT] Firestore snapshot triggered. roomId=room-a result=2 key=room_members/room-a query=rooms/room-a/members
[MixVy][INFO] [2026-05-06T21:48:22.059073] [FIRESTORE SNAPSHOT] Firestore snapshot triggered. roomId=room-a result=2 key=participants/room-a query=rooms/room-a/participants orderBy joinedAt
00:26 +243 -32: C:/MixVy/test/room_controller_test.dart: RoomController cancelMicRequest lets a listener lower their hand
[MixVy][INFO] [2026-05-06T21:48:22.291575] [FIRESTORE GET_CURRENT_PARTICIPANT] Firestore read issued. userId=user-1 roomId=room-a result=read path=rooms/room-a/participants/user-1
[MixVy][INFO] [2026-05-06T21:48:22.293860] [ROOM JOIN] Room join completed. userId=user-1 roomId=room-a result=success
00:26 +243 -32: C:/MixVy/test/room_chaos_master_test.dart: room chaos master combined chaos run converges without stuck authority or duplicates
[MixVy][INFO] [2026-05-06T21:48:22.065084] [ROOM JOIN] Attempting room join. userId=user-9 roomId=room-a result=start
[MixVy][INFO] [2026-05-06T21:48:22.065084] [FIRESTORE GET_ROOM_FOR_JOIN] Firestore read issued. userId=user-9 roomId=room-a result=read path=rooms/room-a
[MixVy][INFO] [2026-05-06T21:48:22.066096] [ROOM JOIN] Attempting room join. userId=user-9 roomId=room-a result=start
[MixVy][INFO] [2026-05-06T21:48:22.066096] [FIRESTORE GET_ROOM_FOR_JOIN] Firestore read issued. userId=user-9 roomId=room-a result=read path=rooms/room-a
00:26 +243 -32: C:/MixVy/test/room_controller_test.dart: RoomController cancelMicRequest lets a listener lower their hand
[MixVy][INFO] [2026-05-06T21:48:22.300195] [FIRESTORE ROOM_HEARTBEAT] Firestore write issued. userId=user-1 roomId=room-a result=write path=rooms/room-a/participants/user-1
00:26 +243 -32: C:/MixVy/test/room_chaos_master_test.dart: room chaos master combined chaos run converges without stuck authority or duplicates
[MixVy][INFO] [2026-05-06T21:48:22.067782] [FIRESTORE GET_CURRENT_PARTICIPANT] Firestore read issued. userId=user-9 roomId=room-a result=read path=rooms/room-a/participants/user-9
00:26 +244 -32: C:/MixVy/test/post_comments_screen_test.dart: PostCommentsScreen submits a comment and leaves parent post counter untouched
00:26 +244 -32: C:/MixVy/test/room_chaos_master_test.dart: room chaos master combined chaos run converges without stuck authority or duplicates
[MixVy][INFO] [2026-05-06T21:48:22.068355] [FIRESTORE GET_CURRENT_PARTICIPANT] Firestore read issued. userId=user-9 roomId=room-a result=read path=rooms/room-a/participants/user-9
[MixVy][INFO] [2026-05-06T21:48:22.069864] [ROOM JOIN] Room join completed. userId=user-9 roomId=room-a result=success
[MixVy][INFO] [2026-05-06T21:48:22.072112] [ROOM JOIN] Room join completed. userId=user-9 roomId=room-a result=success
[MixVy][INFO] [2026-05-06T21:48:22.075114] [FIRESTORE SNAPSHOT] Firestore snapshot triggered. roomId=room-a result=3 key=participants/room-a query=rooms/room-a/participants orderBy joinedAt
[MixVy][INFO] [2026-05-06T21:48:22.076125] [FIRESTORE SNAPSHOT] Firestore snapshot triggered. roomId=room-a result=3 key=room_members/room-a query=rooms/room-a/members
[MixVy][INFO] [2026-05-06T21:48:22.076885] [FIRESTORE SNAPSHOT] Firestore snapshot triggered. roomId=room-a result=1 key=room_doc/room-a query=rooms/room-a
[MixVy][INFO] [2026-05-06T21:48:22.076885] [FIRESTORE SNAPSHOT] Firestore snapshot triggered. roomId=room-a result=1 key=room_doc/room-a query=rooms/room-a
[MixVy][INFO] [2026-05-06T21:48:22.079163] [FIRESTORE SNAPSHOT] Firestore snapshot triggered. roomId=room-a result=3 key=participants/room-a query=rooms/room-a/participants orderBy joinedAt
[MixVy][INFO] [2026-05-06T21:48:22.080664] [FIRESTORE SNAPSHOT] Firestore snapshot triggered. roomId=room-a result=3 key=room_members/room-a query=rooms/room-a/members
[MixVy][INFO] [2026-05-06T21:48:22.081413] [FIRESTORE SNAPSHOT] Firestore snapshot triggered. roomId=room-a result=1 key=room_doc/room-a query=rooms/room-a
[MixVy][INFO] [2026-05-06T21:48:22.081413] [FIRESTORE SNAPSHOT] Firestore snapshot triggered. roomId=room-a result=1 key=room_doc/room-a query=rooms/room-a
[MixVy][INFO] [2026-05-06T21:48:22.084411] [FIRESTORE SNAPSHOT] Firestore snapshot triggered. roomId=room-a result=1 key=room_doc/room-a query=rooms/room-a
[MixVy][INFO] [2026-05-06T21:48:22.085269] [FIRESTORE SNAPSHOT] Firestore snapshot triggered. roomId=room-a result=1 key=room_doc/room-a query=rooms/room-a
[MixVy][INFO] [2026-05-06T21:48:22.088537] [FIRESTORE LISTENER_STOP] Firestore listener detached. roomId=room-a result=1 key=room_members/room-a query=rooms/room-a/members
[MixVy][INFO] [2026-05-06T21:48:22.089297] [FIRESTORE LISTENER_STOP] Firestore listener detached. roomId=room-a result=1 key=participants/room-a query=rooms/room-a/participants orderBy joinedAt
[MixVy][INFO] [2026-05-06T21:48:22.089297] [FIRESTORE LISTENER_STOP] Firestore listener detached. roomId=room-a result=1 key=room_doc/room-a query=rooms/room-a
[MixVy][INFO] [2026-05-06T21:48:22.090047] [FIRESTORE LISTENER_STOP] Firestore listener detached. roomId=room-a result=0 key=room_members/room-a query=rooms/room-a/members
[MixVy][INFO] [2026-05-06T21:48:22.090047] [FIRESTORE LISTENER_STOP] Firestore listener detached. roomId=room-a result=0 key=room_doc/room-a query=rooms/room-a
[MixVy][INFO] [2026-05-06T21:48:22.090797] [FIRESTORE LISTENER_STOP] Firestore listener detached. roomId=room-a result=0 key=participants/room-a query=rooms/room-a/participants orderBy joinedAt
[MixVy][INFO] [2026-05-06T21:48:22.091544] [FIRESTORE LISTENER_START] Firestore listener attached. roomId=room-a result=1 key=room_doc/room-a query=rooms/room-a
[MixVy][INFO] [2026-05-06T21:48:22.093904] [FIRESTORE LISTENER_START] Firestore listener attached. roomId=room-a result=1 key=participants/room-a query=rooms/room-a/participants orderBy joinedAt
[MixVy][INFO] [2026-05-06T21:48:22.096414] [FIRESTORE LISTENER_START] Firestore listener attached. roomId=room-a result=1 key=room_members/room-a query=rooms/room-a/members
[MixVy][WARN] [2026-05-06T21:48:22.104239] [ROOM HEALTH_ALERT] The room is active but has no authoritative host. userId=host-1 roomId=room-a result=warning alertCode=host_missing score=80
[MixVy][WARN] [2026-05-06T21:48:22.106771] [ROOM NO_ACTIVE_HOST] The room is active but no authoritative host is present. userId=host-1 roomId=room-a result=warning
[MixVy][INFO] [2026-05-06T21:48:22.112030] [FIRESTORE SNAPSHOT] Firestore snapshot triggered. roomId=room-a result=1 key=room_doc/room-a query=rooms/room-a
[MixVy][INFO] [2026-05-06T21:48:22.114626] [FIRESTORE SNAPSHOT] Firestore snapshot triggered. roomId=room-a result=3 key=participants/room-a query=rooms/room-a/participants orderBy joinedAt
[MixVy][INFO] [2026-05-06T21:48:22.116381] [FIRESTORE SNAPSHOT] Firestore snapshot triggered. roomId=room-a result=3 key=room_members/room-a query=rooms/room-a/members
[MixVy][ERROR] [2026-05-06T21:48:22.117895] [ROOM HEALTH_STATUS_CHANGED] Room health changed to critical. userId=host-1 roomId=room-a result=critical score=70 suppressedAlertCount=0 warningAlertCount=0 criticalAlertCount=1
[MixVy][ERROR] [2026-05-06T21:48:22.119681] [ROOM HEALTH_ALERT] More than one user is claiming host authority. userId=host-1 roomId=room-a result=critical alertCode=host_split_brain score=70
[MixVy][ERROR] [2026-05-06T21:48:22.120431] [ROOM MULTIPLE_HOSTS_DETECTED] Multiple host claims were detected for the active room. userId=host-1 roomId=room-a result=critical
[MixVy][INFO] [2026-05-06T21:48:22.123430] [FIRESTORE LISTENER_START] Firestore listener attached. roomId=room-a result=2 key=room_doc/room-a query=rooms/room-a
[MixVy][INFO] [2026-05-06T21:48:22.124932] [FIRESTORE LISTENER_START] Firestore listener attached. roomId=room-a result=2 key=participants/room-a query=rooms/room-a/participants orderBy joinedAt
[MixVy][INFO] [2026-05-06T21:48:22.126318] [FIRESTORE LISTENER_START] Firestore listener attached. roomId=room-a result=2 key=room_members/room-a query=rooms/room-a/members
[MixVy][WARN] [2026-05-06T21:48:22.133087] [ROOM HEALTH_STATUS_CHANGED] Room health changed to warning. userId=host-2 roomId=room-a result=warning score=65 suppressedAlertCount=0 warningAlertCount=2 criticalAlertCount=0
[MixVy][WARN] [2026-05-06T21:48:22.133893] [ROOM NO_ACTIVE_HOST] The room is active but no authoritative host is present. userId=host-2 roomId=room-a result=warning
[MixVy][INFO] [2026-05-06T21:48:22.137111] [FIRESTORE SNAPSHOT] Firestore snapshot triggered. roomId=room-a result=1 key=room_doc/room-a query=rooms/room-a
00:26 +245 -32: C:/MixVy/test/post_comments_screen_test.dart: PostCommentsScreen submits a comment and leaves parent post counter untouched
00:26 +245 -32: C:/MixVy/test/room_chaos_master_test.dart: room chaos master combined chaos run converges without stuck authority or duplicates
[MixVy][INFO] [2026-05-06T21:48:22.139371] [FIRESTORE SNAPSHOT] Firestore snapshot triggered. roomId=room-a result=3 key=participants/room-a query=rooms/room-a/participants orderBy joinedAt
[MixVy][INFO] [2026-05-06T21:48:22.139371] [FIRESTORE SNAPSHOT] Firestore snapshot triggered. roomId=room-a result=3 key=room_members/room-a query=rooms/room-a/members
[MixVy][ERROR] [2026-05-06T21:48:22.140876] [ROOM HEALTH_STATUS_CHANGED] Room health changed to critical. userId=host-2 roomId=room-a result=critical score=55 suppressedAlertCount=0 warningAlertCount=1 criticalAlertCount=1
[MixVy][ERROR] [2026-05-06T21:48:22.141623] [ROOM MULTIPLE_HOSTS_DETECTED] Multiple host claims were detected for the active room. userId=host-2 roomId=room-a result=critical
[MixVy][WARN] [2026-05-06T21:48:22.142375] [ROOM SELF_HEAL_HOST_ROLE] Corrected participantRolesByUser["host-2"] from "audience" to "host". roomId=room-a userId=host-2 was=audience
[MixVy][WARN] [2026-05-06T21:48:22.251177] [ROOM SELF_HEAL_HOST_ROLE] Corrected participantRolesByUser["host-2"] from "audience" to "host". roomId=room-a userId=host-2 was=audience
[MixVy][INFO] [2026-05-06T21:48:22.251936] [FIRESTORE BATCH_LEAVE_ROOM] Firestore write issued. userId=host-1 roomId=room-a result=write path=rooms/room-a/batch_leave
[MixVy][INFO] [2026-05-06T21:48:22.256449] [FIRESTORE SNAPSHOT] Firestore snapshot triggered. roomId=room-a result=2 key=participants/room-a query=rooms/room-a/participants orderBy joinedAt
[MixVy][INFO] [2026-05-06T21:48:22.258709] [FIRESTORE SNAPSHOT] Firestore snapshot triggered. roomId=room-a result=2 key=participants/room-a query=rooms/room-a/participants orderBy joinedAt
[MixVy][INFO] [2026-05-06T21:48:22.261718] [FIRESTORE SNAPSHOT] Firestore snapshot triggered. roomId=room-a result=2 key=room_members/room-a query=rooms/room-a/members
[MixVy][INFO] [2026-05-06T21:48:22.263216] [FIRESTORE SNAPSHOT] Firestore snapshot triggered. roomId=room-a result=2 key=room_members/room-a query=rooms/room-a/members
[MixVy][INFO] [2026-05-06T21:48:22.265469] [FIRESTORE SNAPSHOT] Firestore snapshot triggered. roomId=room-a result=1 key=room_doc/room-a query=rooms/room-a
[MixVy][INFO] [2026-05-06T21:48:22.265469] [FIRESTORE SNAPSHOT] Firestore snapshot triggered. roomId=room-a result=1 key=room_doc/room-a query=rooms/room-a
[MixVy][INFO] [2026-05-06T21:48:22.266481] [ROOM LEAVE] Room leave cleanup completed. userId=host-1 roomId=room-a result=success
[MixVy][INFO] [2026-05-06T21:48:22.274753] [FIRESTORE LISTENER_STOP] Firestore listener detached. roomId=room-a result=1 key=room_members/room-a query=rooms/room-a/members
[MixVy][INFO] [2026-05-06T21:48:22.276267] [FIRESTORE LISTENER_STOP] Firestore listener detached. roomId=room-a result=1 key=participants/room-a query=rooms/room-a/participants orderBy joinedAt
[MixVy][INFO] [2026-05-06T21:48:22.276267] [FIRESTORE LISTENER_STOP] Firestore listener detached. roomId=room-a result=1 key=room_doc/room-a query=rooms/room-a
[MixVy][INFO] [2026-05-06T21:48:22.277777] [FIRESTORE LISTENER_STOP] Firestore listener detached. roomId=room-a result=0 key=room_members/room-a query=rooms/room-a/members
[MixVy][INFO] [2026-05-06T21:48:22.278529] [FIRESTORE LISTENER_STOP] Firestore listener detached. roomId=room-a result=0 key=participants/room-a query=rooms/room-a/participants orderBy joinedAt
[MixVy][INFO] [2026-05-06T21:48:22.278529] [FIRESTORE LISTENER_STOP] Firestore listener detached. roomId=room-a result=0 key=room_doc/room-a query=rooms/room-a
00:26 +246 -32: C:/MixVy/test/post_comments_screen_test.dart: PostCommentsScreen submits a comment and leaves parent post counter untouched
00:26 +247 -32: C:/MixVy/test/post_comments_screen_test.dart: PostCommentsScreen submits a comment and leaves parent post counter untouched
00:26 +247 -32: C:/MixVy/test/room_controller_test.dart: RoomController host authority survives delayed participant hydration
[MixVy][INFO] [2026-05-06T21:48:22.367919] [FIRESTORE LISTENER_START] Firestore listener attached. roomId=room-a result=1 key=room_members/room-a query=rooms/room-a/members
[MixVy][INFO] [2026-05-06T21:48:22.388716] [ROOM HEALTH_STATUS_CHANGED] Room health changed to healthy. roomId=room-a result=healthy score=100 suppressedAlertCount=0 warningAlertCount=0 criticalAlertCount=0
[MixVy][INFO] [2026-05-06T21:48:22.390988] [ROOM JOIN] Attempting room join. userId=host-1 roomId=room-a result=start
[MixVy][INFO] [2026-05-06T21:48:22.391749] [FIRESTORE GET_ROOM_FOR_JOIN] Firestore read issued. userId=host-1 roomId=room-a result=read path=rooms/room-a
[MixVy][INFO] [2026-05-06T21:48:22.396262] [FIRESTORE SNAPSHOT] Firestore snapshot triggered. roomId=room-a result=0 key=room_members/room-a query=rooms/room-a/members
[MixVy][INFO] [2026-05-06T21:48:22.398531] [FIRESTORE GET_CURRENT_PARTICIPANT] Firestore read issued. userId=host-1 roomId=room-a result=read path=rooms/room-a/participants/host-1
[MixVy][INFO] [2026-05-06T21:48:22.402280] [ROOM JOIN] Room join completed. userId=host-1 roomId=room-a result=success
[MixVy][INFO] [2026-05-06T21:48:22.404532] [FIRESTORE ROOM_HEARTBEAT] Firestore write issued. userId=host-1 roomId=room-a result=write path=rooms/room-a/participants/host-1
[MixVy][INFO] [2026-05-06T21:48:22.407801] [FIRESTORE SNAPSHOT] Firestore snapshot triggered. roomId=room-a result=1 key=room_members/room-a query=rooms/room-a/members
[MixVy][INFO] [2026-05-06T21:48:22.421225] [FIRESTORE LISTENER_STOP] Firestore listener detached. roomId=room-a result=0 key=room_members/room-a query=rooms/room-a/members
00:26 +248 -32: C:/MixVy/test/post_comments_screen_test.dart: PostCommentsScreen submits a comment and leaves parent post counter untouched
00:26 +248 -32: C:/MixVy/test/room_controller_test.dart: RoomController joinRoom degrades cleanly when the session service throws
[MixVy][INFO] [2026-05-06T21:48:22.453442] [FIRESTORE LISTENER_START] Firestore listener attached. roomId=room-a result=1 key=room_doc/room-a query=rooms/room-a
[MixVy][INFO] [2026-05-06T21:48:22.457089] [FIRESTORE LISTENER_START] Firestore listener attached. roomId=room-a result=1 key=participants/room-a query=rooms/room-a/participants orderBy joinedAt
[MixVy][INFO] [2026-05-06T21:48:22.458596] [FIRESTORE LISTENER_START] Firestore listener attached. roomId=room-a result=1 key=room_members/room-a query=rooms/room-a/members
[MixVy][INFO] [2026-05-06T21:48:22.475291] [FIRESTORE SNAPSHOT] Firestore snapshot triggered. roomId=room-a result=1 key=room_doc/room-a query=rooms/room-a
[MixVy][ERROR] [2026-05-06T21:48:22.477061] [ROOM JOIN] Could not join room. Please try again. userId=user-1 roomId=room-a result=failure
[MixVy][INFO] [2026-05-06T21:48:22.480071] [FIRESTORE SNAPSHOT] Firestore snapshot triggered. roomId=room-a result=0 key=participants/room-a query=rooms/room-a/participants orderBy joinedAt
[MixVy][INFO] [2026-05-06T21:48:22.481569] [FIRESTORE SNAPSHOT] Firestore snapshot triggered. roomId=room-a result=0 key=room_members/room-a query=rooms/room-a/members
[MixVy][INFO] [2026-05-06T21:48:22.485405] [FIRESTORE LISTENER_STOP] Firestore listener detached. roomId=room-a result=0 key=room_doc/room-a query=rooms/room-a
00:26 +249 -32: C:/MixVy/test/post_comments_screen_test.dart: PostCommentsScreen submits a comment and leaves parent post counter untouched
00:26 +250 -32: C:/MixVy/test/post_comments_screen_test.dart: PostCommentsScreen submits a comment and leaves parent post counter untouched
00:26 +250 -32: C:/MixVy/test/room_controller_test.dart: RoomController room lifecycle recovers after a transient sync failure
[MixVy][INFO] [2026-05-06T21:48:22.500865] [FIRESTORE LISTENER_START] Firestore listener attached. roomId=room-a result=1 key=room_doc/room-a query=rooms/room-a
[MixVy][INFO] [2026-05-06T21:48:22.502565] [FIRESTORE LISTENER_START] Firestore listener attached. roomId=room-a result=2 key=participants/room-a query=rooms/room-a/participants orderBy joinedAt
[MixVy][INFO] [2026-05-06T21:48:22.504586] [FIRESTORE LISTENER_START] Firestore listener attached. roomId=room-a result=2 key=room_members/room-a query=rooms/room-a/members
[MixVy][INFO] [2026-05-06T21:48:22.519425] [ROOM JOIN] Attempting room join. userId=user-1 roomId=room-a result=start
[MixVy][INFO] [2026-05-06T21:48:22.520539] [FIRESTORE GET_ROOM_FOR_JOIN] Firestore read issued. userId=user-1 roomId=room-a result=read path=rooms/room-a
[MixVy][INFO] [2026-05-06T21:48:22.521317] [FIRESTORE SNAPSHOT] Firestore snapshot triggered. roomId=room-a result=1 key=room_doc/room-a query=rooms/room-a
[MixVy][INFO] [2026-05-06T21:48:22.522802] [FIRESTORE SNAPSHOT] Firestore snapshot triggered. roomId=room-a result=0 key=participants/room-a query=rooms/room-a/participants orderBy joinedAt
[MixVy][INFO] [2026-05-06T21:48:22.522802] [FIRESTORE SNAPSHOT] Firestore snapshot triggered. roomId=room-a result=0 key=room_members/room-a query=rooms/room-a/members
[MixVy][INFO] [2026-05-06T21:48:22.524303] [FIRESTORE GET_CURRENT_PARTICIPANT] Firestore read issued. userId=user-1 roomId=room-a result=read path=rooms/room-a/participants/user-1
[MixVy][INFO] [2026-05-06T21:48:22.530650] [ROOM JOIN] Room join completed. userId=user-1 roomId=room-a result=success
[MixVy][INFO] [2026-05-06T21:48:22.533652] [FIRESTORE ROOM_HEARTBEAT] Firestore write issued. userId=user-1 roomId=room-a result=write path=rooms/room-a/participants/user-1
[MixVy][INFO] [2026-05-06T21:48:22.536463] [FIRESTORE SNAPSHOT] Firestore snapshot triggered. roomId=room-a result=1 key=participants/room-a query=rooms/room-a/participants orderBy joinedAt
[MixVy][INFO] [2026-05-06T21:48:22.537222] [FIRESTORE SNAPSHOT] Firestore snapshot triggered. roomId=room-a result=1 key=room_members/room-a query=rooms/room-a/members
[MixVy][INFO] [2026-05-06T21:48:22.538034] [FIRESTORE SNAPSHOT] Firestore snapshot triggered. roomId=room-a result=1 key=room_doc/room-a query=rooms/room-a
[MixVy][INFO] [2026-05-06T21:48:22.541043] [FIRESTORE SNAPSHOT] Firestore snapshot triggered. roomId=room-a result=1 key=participants/room-a query=rooms/room-a/participants orderBy joinedAt
[MixVy][INFO] [2026-05-06T21:48:22.552158] [FIRESTORE ROOM_HEARTBEAT] Firestore write issued. userId=user-1 roomId=room-a result=write path=rooms/room-a/participants/user-1
[MixVy][INFO] [2026-05-06T21:48:22.554408] [FIRESTORE SNAPSHOT] Firestore snapshot triggered. roomId=room-a result=1 key=participants/room-a query=rooms/room-a/participants orderBy joinedAt
[MixVy][INFO] [2026-05-06T21:48:22.559188] [FIRESTORE LISTENER_STOP] Firestore listener detached. roomId=room-a result=1 key=room_members/room-a query=rooms/room-a/members
[MixVy][INFO] [2026-05-06T21:48:22.560135] [FIRESTORE LISTENER_STOP] Firestore listener detached. roomId=room-a result=1 key=participants/room-a query=rooms/room-a/participants orderBy joinedAt
[MixVy][INFO] [2026-05-06T21:48:22.560895] [FIRESTORE LISTENER_STOP] Firestore listener detached. roomId=room-a result=0 key=room_doc/room-a query=rooms/room-a
00:26 +251 -32: C:/MixVy/test/post_comments_screen_test.dart: PostCommentsScreen submits a comment and leaves parent post counter untouched
00:26 +251 -32: C:/MixVy/test/room_controller_test.dart: RoomController stale Firestore doc does not overwrite a fresher role already accepted
[MixVy][INFO] [2026-05-06T21:48:22.584856] [FIRESTORE LISTENER_START] Firestore listener attached. roomId=room-stale result=1 key=room_members/room-stale query=rooms/room-stale/members
00:26 +251 -32: C:/MixVy/test/room_launch_checklist_test.dart: MVP -> Beta Readiness Checklist Verify minimal telemetry hooks are present
[MixVy][INFO] [2026-05-06T21:48:22.584856] [FIRESTORE TEST_READ] Firestore read issued. result=read path=users/1
[MixVy][INFO] [2026-05-06T21:48:22.608235] [FIRESTORE TEST_WRITE] Firestore write issued. result=write path=users/1
00:26 +252 -32: C:/MixVy/test/post_comments_screen_test.dart: PostCommentsScreen submits a comment and leaves parent post counter untouched
00:26 +252 -32: C:/MixVy/test/room_controller_test.dart: RoomController stale Firestore doc does not overwrite a fresher role already accepted
[MixVy][INFO] [2026-05-06T21:48:22.598864] [ROOM JOIN] Attempting room join. userId=host-1 roomId=room-stale result=start
[MixVy][INFO] [2026-05-06T21:48:22.598864] [FIRESTORE GET_ROOM_FOR_JOIN] Firestore read issued. userId=host-1 roomId=room-stale result=read path=rooms/room-stale
[MixVy][INFO] [2026-05-06T21:48:22.601879] [FIRESTORE SNAPSHOT] Firestore snapshot triggered. roomId=room-stale result=0 key=room_members/room-stale query=rooms/room-stale/members
[MixVy][INFO] [2026-05-06T21:48:22.602629] [FIRESTORE GET_CURRENT_PARTICIPANT] Firestore read issued. userId=host-1 roomId=room-stale result=read path=rooms/room-stale/participants/host-1
[MixVy][INFO] [2026-05-06T21:48:22.607485] [ROOM JOIN] Room join completed. userId=host-1 roomId=room-stale result=success
[MixVy][INFO] [2026-05-06T21:48:22.608995] [FIRESTORE ROOM_HEARTBEAT] Firestore write issued. userId=host-1 roomId=room-stale result=write path=rooms/room-stale/participants/host-1
[MixVy][INFO] [2026-05-06T21:48:22.610493] [FIRESTORE SNAPSHOT] Firestore snapshot triggered. roomId=room-stale result=1 key=room_members/room-stale query=rooms/room-stale/members
[MixVy][INFO] [2026-05-06T21:48:22.616366] [FIRESTORE LISTENER_STOP] Firestore listener detached. roomId=room-stale result=0 key=room_members/room-stale query=rooms/room-stale/members
[MixVy][INFO] [2026-05-06T21:48:22.620145] [FIRESTORE LISTENER_START] Firestore listener attached. roomId=room-stale result=1 key=room_members/room-stale query=rooms/room-stale/members
[MixVy][INFO] [2026-05-06T21:48:22.630926] [FIRESTORE SNAPSHOT] Firestore snapshot triggered. roomId=room-stale result=1 key=room_members/room-stale query=rooms/room-stale/members
00:26 +253 -32: C:/MixVy/test/post_comments_screen_test.dart: PostCommentsScreen submits a comment and leaves parent post counter untouched
00:26 +253 -32: C:/MixVy/test/room_controller_test.dart: RoomController speaker-doc arrives before participant-doc: ghost speaker is pruned until participant doc lands
[MixVy][INFO] [2026-05-06T21:48:22.657152] [FIRESTORE LISTENER_START] Firestore listener attached. roomId=room-ghost result=1 key=room_members/room-ghost query=rooms/room-ghost/members
[MixVy][INFO] [2026-05-06T21:48:22.662364] [ROOM JOIN] Attempting room join. userId=host-1 roomId=room-ghost result=start
[MixVy][INFO] [2026-05-06T21:48:22.662878] [FIRESTORE GET_ROOM_FOR_JOIN] Firestore read issued. userId=host-1 roomId=room-ghost result=read path=rooms/room-ghost
[MixVy][INFO] [2026-05-06T21:48:22.665268] [FIRESTORE SNAPSHOT] Firestore snapshot triggered. roomId=room-ghost result=0 key=room_members/room-ghost query=rooms/room-ghost/members
[MixVy][INFO] [2026-05-06T21:48:22.667792] [FIRESTORE GET_CURRENT_PARTICIPANT] Firestore read issued. userId=host-1 roomId=room-ghost result=read path=rooms/room-ghost/participants/host-1
[MixVy][INFO] [2026-05-06T21:48:22.670052] [ROOM JOIN] Room join completed. userId=host-1 roomId=room-ghost result=success
[MixVy][INFO] [2026-05-06T21:48:22.671551] [FIRESTORE ROOM_HEARTBEAT] Firestore write issued. userId=host-1 roomId=room-ghost result=write path=rooms/room-ghost/participants/host-1
[MixVy][INFO] [2026-05-06T21:48:22.673052] [FIRESTORE SNAPSHOT] Firestore snapshot triggered. roomId=room-ghost result=1 key=room_members/room-ghost query=rooms/room-ghost/members
[MixVy][WARN] [2026-05-06T21:48:22.685242] [ROOM SELF_HEAL_GHOST_SPEAKERS] Pruned 1 ghost speaker(s) from speakerIds pending participant-doc arrival. roomId=room-ghost removed=ghost-speaker
[MixVy][INFO] [2026-05-06T21:48:22.694914] [FIRESTORE LISTENER_STOP] Firestore listener detached. roomId=room-ghost result=0 key=room_members/room-ghost query=rooms/room-ghost/members
00:26 +254 -32: C:/MixVy/test/post_comments_screen_test.dart: PostCommentsScreen submits a comment and leaves parent post counter untouched
00:27 +254 -32: C:/MixVy/test/room_controller_test.dart: RoomController out-of-order join events: multiple users joining in rapid succession all appear in userIds
[MixVy][INFO] [2026-05-06T21:48:22.707930] [FIRESTORE LISTENER_START] Firestore listener attached. roomId=room-rapid result=1 key=room_members/room-rapid query=rooms/room-rapid/members
[MixVy][INFO] [2026-05-06T21:48:22.721763] [ROOM JOIN] Attempting room join. userId=host-1 roomId=room-rapid result=start
[MixVy][INFO] [2026-05-06T21:48:22.722512] [FIRESTORE GET_ROOM_FOR_JOIN] Firestore read issued. userId=host-1 roomId=room-rapid result=read path=rooms/room-rapid
[MixVy][INFO] [2026-05-06T21:48:22.724014] [FIRESTORE SNAPSHOT] Firestore snapshot triggered. roomId=room-rapid result=0 key=room_members/room-rapid query=rooms/room-rapid/members
[MixVy][INFO] [2026-05-06T21:48:22.724014] [FIRESTORE GET_CURRENT_PARTICIPANT] Firestore read issued. userId=host-1 roomId=room-rapid result=read path=rooms/room-rapid/participants/host-1
[MixVy][INFO] [2026-05-06T21:48:22.726276] [ROOM JOIN] Room join completed. userId=host-1 roomId=room-rapid result=success
[MixVy][INFO] [2026-05-06T21:48:22.727789] [FIRESTORE ROOM_HEARTBEAT] Firestore write issued. userId=host-1 roomId=room-rapid result=write path=rooms/room-rapid/participants/host-1
[MixVy][INFO] [2026-05-06T21:48:22.729300] [FIRESTORE SNAPSHOT] Firestore snapshot triggered. roomId=room-rapid result=1 key=room_members/room-rapid query=rooms/room-rapid/members
[MixVy][INFO] [2026-05-06T21:48:22.746555] [FIRESTORE LISTENER_STOP] Firestore listener detached. roomId=room-rapid result=0 key=room_members/room-rapid query=rooms/room-rapid/members
00:27 +255 -32: C:/MixVy/test/post_comments_screen_test.dart: PostCommentsScreen submits a comment and leaves parent post counter untouched
00:27 +255 -32: C:/MixVy/test/room_controller_test.dart: RoomController host-role alignment: hostId pointing to audience-role participant is corrected by _selfHeal within the same build cycle
[MixVy][INFO] [2026-05-06T21:48:22.762176] [FIRESTORE LISTENER_START] Firestore listener attached. roomId=room-host-race result=1 key=room_members/room-host-race query=rooms/room-host-race/members
[MixVy][INFO] [2026-05-06T21:48:22.774762] [ROOM JOIN] Attempting room join. userId=host-1 roomId=room-host-race result=start
[MixVy][INFO] [2026-05-06T21:48:22.774762] [FIRESTORE GET_ROOM_FOR_JOIN] Firestore read issued. userId=host-1 roomId=room-host-race result=read path=rooms/room-host-race
[MixVy][INFO] [2026-05-06T21:48:22.776269] [FIRESTORE SNAPSHOT] Firestore snapshot triggered. roomId=room-host-race result=0 key=room_members/room-host-race query=rooms/room-host-race/members
[MixVy][INFO] [2026-05-06T21:48:22.777422] [FIRESTORE GET_CURRENT_PARTICIPANT] Firestore read issued. userId=host-1 roomId=room-host-race result=read path=rooms/room-host-race/participants/host-1
[MixVy][INFO] [2026-05-06T21:48:22.778170] [ROOM JOIN] Room join completed. userId=host-1 roomId=room-host-race result=success
[MixVy][INFO] [2026-05-06T21:48:22.780519] [FIRESTORE ROOM_HEARTBEAT] Firestore write issued. userId=host-1 roomId=room-host-race result=write path=rooms/room-host-race/participants/host-1
[MixVy][INFO] [2026-05-06T21:48:22.782777] [FIRESTORE SNAPSHOT] Firestore snapshot triggered. roomId=room-host-race result=1 key=room_members/room-host-race query=rooms/room-host-race/members
[MixVy][WARN] [2026-05-06T21:48:22.786285] [ROOM SELF_HEAL_HOST_ROLE] Corrected participantRolesByUser["host-1"] from "audience" to "host". roomId=room-host-race userId=host-1 was=audience
[MixVy][WARN] [2026-05-06T21:48:22.788487] [ROOM SELF_HEAL_HOST_ROLE] Corrected participantRolesByUser["host-1"] from "audience" to "host". roomId=room-host-race userId=host-1 was=audience
[MixVy][INFO] [2026-05-06T21:48:22.791641] [FIRESTORE LISTENER_STOP] Firestore listener detached. roomId=room-host-race result=0 key=room_members/room-host-race query=rooms/room-host-race/members
00:27 +256 -32: C:/MixVy/test/post_comments_screen_test.dart: PostCommentsScreen submits a comment and leaves parent post counter untouched
00:27 +256 -32: C:/MixVy/test/room_launch_checklist_test.dart: MVP -> Beta Readiness Checklist Verify room join cost pressure (Read/Write Count)
[MixVy][INFO] [2026-05-06T21:48:22.825211] [ROOM JOIN] Attempting room join. userId=user-1 roomId=room-1 result=start
[MixVy][INFO] [2026-05-06T21:48:22.837832] [FIRESTORE GET_ROOM_FOR_JOIN] Firestore read issued. userId=user-1 roomId=room-1 result=read path=rooms/room-1
[MixVy][INFO] [2026-05-06T21:48:22.854728] [FIRESTORE GET_CURRENT_PARTICIPANT] Firestore read issued. userId=user-1 roomId=room-1 result=read path=rooms/room-1/participants/user-1
[MixVy][INFO] [2026-05-06T21:48:22.877737] [ROOM JOIN] Room join completed. userId=user-1 roomId=room-1 result=success
00:27 +257 -32: C:/MixVy/test/post_comments_screen_test.dart: PostCommentsScreen submits a comment and leaves parent post counter untouched
00:27 +257 -32: C:/MixVy/test/room_launch_checklist_test.dart: MVP -> Beta Readiness Checklist Verify presence sync doesnt orphan participants
[MixVy][INFO] [2026-05-06T21:48:22.914090] [ROOM JOIN] Attempting room join. userId=user-crash roomId=room-1 result=start
[MixVy][INFO] [2026-05-06T21:48:22.914843] [FIRESTORE GET_ROOM_FOR_JOIN] Firestore read issued. userId=user-crash roomId=room-1 result=read path=rooms/room-1
[MixVy][INFO] [2026-05-06T21:48:22.916353] [FIRESTORE GET_CURRENT_PARTICIPANT] Firestore read issued. userId=user-crash roomId=room-1 result=read path=rooms/room-1/participants/user-crash
[MixVy][INFO] [2026-05-06T21:48:22.923461] [ROOM JOIN] Room join completed. userId=user-crash roomId=room-1 result=success
[MixVy][INFO] [2026-05-06T21:48:22.933045] [FIRESTORE BATCH_LEAVE_ROOM] Firestore write issued. userId=user-crash roomId=room-1 result=write path=rooms/room-1/batch_leave
[MixVy][INFO] [2026-05-06T21:48:22.943630] [ROOM LEAVE] Room leave cleanup completed. userId=user-crash roomId=room-1 result=success
00:27 +258 -32: C:/MixVy/test/post_comments_screen_test.dart: PostCommentsScreen submits a comment and leaves parent post counter untouched
00:27 +259 -32: C:/MixVy/test/post_comments_screen_test.dart: PostCommentsScreen submits a comment and leaves parent post counter untouched
00:28 +260 -32: C:/MixVy/test/post_comments_screen_test.dart: PostCommentsScreen submits a comment and leaves parent post counter untouched
00:28 +261 -32: C:/MixVy/test/post_comments_screen_test.dart: PostCommentsScreen submits a comment and leaves parent post counter untouched
00:28 +262 -32: C:/MixVy/test/post_comments_screen_test.dart: PostCommentsScreen submits a comment and leaves parent post counter untouched
00:28 +263 -32: C:/MixVy/test/post_comments_screen_test.dart: PostCommentsScreen submits a comment and leaves parent post counter untouched
00:28 +264 -32: C:/MixVy/test/post_comments_screen_test.dart: PostCommentsScreen submits a comment and leaves parent post counter untouched
00:28 +265 -32: C:/MixVy/test/post_comments_screen_test.dart: PostCommentsScreen submits a comment and leaves parent post counter untouched
00:28 +266 -32: C:/MixVy/test/post_comments_screen_test.dart: PostCommentsScreen submits a comment and leaves parent post counter untouched
00:28 +267 -32: C:/MixVy/test/post_comments_screen_test.dart: PostCommentsScreen submits a comment and leaves parent post counter untouched
00:28 +268 -32: C:/MixVy/test/post_comments_screen_test.dart: PostCommentsScreen submits a comment and leaves parent post counter untouched
00:28 +269 -32: C:/MixVy/test/post_comments_screen_test.dart: PostCommentsScreen submits a comment and leaves parent post counter untouched
00:29 +269 -32: C:/MixVy/test/room_host_control_panel_stage_tab_test.dart: RoomHostControlPanel — Stage tab renders 30s / 60s / Unlimited SegmentedButton segments
[MixVy][INFO] [2026-05-06T21:48:24.033566] [FIRESTORE LISTENER_START] Firestore listener attached. roomId=room-1 result=1 key=room_doc/room-1 query=rooms/room-1
[MixVy][INFO] [2026-05-06T21:48:24.052323] [FIRESTORE LISTENER_START] Firestore listener attached. roomId=room-1 result=1 key=participants/room-1 query=rooms/room-1/participants orderBy joinedAt
[MixVy][INFO] [2026-05-06T21:48:24.056580] [FIRESTORE LISTENER_START] Firestore listener attached. roomId=room-1 result=1 key=room_members/room-1 query=rooms/room-1/members
[MixVy][INFO] [2026-05-06T21:48:24.508513] [FIRESTORE SNAPSHOT] Firestore snapshot triggered. roomId=room-1 result=0 key=room_doc/room-1 query=rooms/room-1
[MixVy][INFO] [2026-05-06T21:48:24.522450] [FIRESTORE SNAPSHOT] Firestore snapshot triggered. roomId=room-1 result=0 key=participants/room-1 query=rooms/room-1/participants orderBy joinedAt
[MixVy][INFO] [2026-05-06T21:48:24.524702] [FIRESTORE SNAPSHOT] Firestore snapshot triggered. roomId=room-1 result=0 key=room_members/room-1 query=rooms/room-1/members
[MixVy][INFO] [2026-05-06T21:48:24.559906] [FIRESTORE LISTENER_START] Firestore listener attached. roomId=room-1 result=2 key=room_members/room-1 query=rooms/room-1/members
[MixVy][INFO] [2026-05-06T21:48:24.566168] [FIRESTORE LISTENER_START] Firestore listener attached. roomId=room-1 result=2 key=participants/room-1 query=rooms/room-1/participants orderBy joinedAt
[MixVy][INFO] [2026-05-06T21:48:24.568430] [FIRESTORE LISTENER_START] Firestore listener attached. roomId=room-1 result=2 key=room_doc/room-1 query=rooms/room-1
[MixVy][INFO] [2026-05-06T21:48:24.583432] [FIRESTORE LISTENER_START] Firestore listener attached. roomId=room-1 result=3 key=room_members/room-1 query=rooms/room-1/members
[MixVy][INFO] [2026-05-06T21:48:24.584178] [FIRESTORE LISTENER_START] Firestore listener attached. roomId=room-1 result=3 key=participants/room-1 query=rooms/room-1/participants orderBy joinedAt
[MixVy][INFO] [2026-05-06T21:48:24.586400] [FIRESTORE LISTENER_START] Firestore listener attached. roomId=room-1 result=3 key=room_doc/room-1 query=rooms/room-1
[MixVy][INFO] [2026-05-06T21:48:24.592419] [FIRESTORE LISTENER_START] Firestore listener attached. roomId=room-1 result=4 key=room_doc/room-1 query=rooms/room-1
[MixVy][INFO] [2026-05-06T21:48:24.593167] [FIRESTORE LISTENER_START] Firestore listener attached. roomId=room-1 result=4 key=participants/room-1 query=rooms/room-1/participants orderBy joinedAt
[MixVy][INFO] [2026-05-06T21:48:24.595017] [FIRESTORE LISTENER_START] Firestore listener attached. roomId=room-1 result=4 key=room_members/room-1 query=rooms/room-1/members
[MixVy][INFO] [2026-05-06T21:48:24.699016] [FIRESTORE SNAPSHOT] Firestore snapshot triggered. roomId=room-1 result=0 key=room_doc/room-1 query=rooms/room-1
[MixVy][INFO] [2026-05-06T21:48:24.700109] [FIRESTORE SNAPSHOT] Firestore snapshot triggered. roomId=room-1 result=0 key=room_doc/room-1 query=rooms/room-1
[MixVy][INFO] [2026-05-06T21:48:24.700874] [FIRESTORE SNAPSHOT] Firestore snapshot triggered. roomId=room-1 result=0 key=room_doc/room-1 query=rooms/room-1
[MixVy][INFO] [2026-05-06T21:48:24.701381] [FIRESTORE SNAPSHOT] Firestore snapshot triggered. roomId=room-1 result=0 key=room_members/room-1 query=rooms/room-1/members
[MixVy][INFO] [2026-05-06T21:48:24.701381] [FIRESTORE SNAPSHOT] Firestore snapshot triggered. roomId=room-1 result=0 key=participants/room-1 query=rooms/room-1/participants orderBy joinedAt
[MixVy][INFO] [2026-05-06T21:48:24.701381] [FIRESTORE SNAPSHOT] Firestore snapshot triggered. roomId=room-1 result=0 key=room_members/room-1 query=rooms/room-1/members
[MixVy][INFO] [2026-05-06T21:48:24.702143] [FIRESTORE SNAPSHOT] Firestore snapshot triggered. roomId=room-1 result=0 key=participants/room-1 query=rooms/room-1/participants orderBy joinedAt
[MixVy][INFO] [2026-05-06T21:48:24.702143] [FIRESTORE SNAPSHOT] Firestore snapshot triggered. roomId=room-1 result=0 key=participants/room-1 query=rooms/room-1/participants orderBy joinedAt
[MixVy][INFO] [2026-05-06T21:48:24.702889] [FIRESTORE SNAPSHOT] Firestore snapshot triggered. roomId=room-1 result=0 key=room_members/room-1 query=rooms/room-1/members
[MixVy][INFO] [2026-05-06T21:48:24.784250] [FIRESTORE LISTENER_STOP] Firestore listener detached. roomId=room-1 result=3 key=room_members/room-1 query=rooms/room-1/members
[MixVy][INFO] [2026-05-06T21:48:24.784250] [FIRESTORE LISTENER_STOP] Firestore listener detached. roomId=room-1 result=3 key=participants/room-1 query=rooms/room-1/participants orderBy joinedAt
[MixVy][INFO] [2026-05-06T21:48:24.784250] [FIRESTORE LISTENER_STOP] Firestore listener detached. roomId=room-1 result=3 key=room_doc/room-1 query=rooms/room-1
[MixVy][INFO] [2026-05-06T21:48:24.784995] [FIRESTORE LISTENER_STOP] Firestore listener detached. roomId=room-1 result=2 key=room_members/room-1 query=rooms/room-1/members
[MixVy][INFO] [2026-05-06T21:48:24.784995] [FIRESTORE LISTENER_STOP] Firestore listener detached. roomId=room-1 result=2 key=participants/room-1 query=rooms/room-1/participants orderBy joinedAt
[MixVy][INFO] [2026-05-06T21:48:24.784995] [FIRESTORE LISTENER_STOP] Firestore listener detached. roomId=room-1 result=2 key=room_doc/room-1 query=rooms/room-1
00:29 +270 -32: C:/MixVy/test/post_comments_screen_test.dart: PostCommentsScreen submits a comment and leaves parent post counter untouched
00:29 +270 -32: C:/MixVy/test/room_providers_test.dart: Room providers participantCountProvider returns number of participants
[MixVy][INFO] [2026-05-06T21:48:24.792385] [FIRESTORE LISTENER_START] Firestore listener attached. roomId=room-a result=1 key=participants/room-a query=rooms/room-a/participants orderBy joinedAt
[MixVy][INFO] [2026-05-06T21:48:24.828503] [FIRESTORE SNAPSHOT] Firestore snapshot triggered. roomId=room-a result=2 key=participants/room-a query=rooms/room-a/participants orderBy joinedAt
[MixVy][INFO] [2026-05-06T21:48:24.856416] [FIRESTORE LISTENER_STOP] Firestore listener detached. roomId=room-a result=0 key=participants/room-a query=rooms/room-a/participants orderBy joinedAt
00:29 +271 -32: C:/MixVy/test/post_comments_screen_test.dart: PostCommentsScreen submits a comment and leaves parent post counter untouched
00:29 +271 -32: C:/MixVy/test/room_providers_test.dart: Room providers participantsStreamProvider filters stale participants from the roster
[MixVy][INFO] [2026-05-06T21:48:24.868172] [FIRESTORE LISTENER_START] Firestore listener attached. roomId=room-a result=1 key=participants/room-a query=rooms/room-a/participants orderBy joinedAt
[MixVy][INFO] [2026-05-06T21:48:24.872028] [FIRESTORE SNAPSHOT] Firestore snapshot triggered. roomId=room-a result=1 key=participants/room-a query=rooms/room-a/participants orderBy joinedAt
[MixVy][INFO] [2026-05-06T21:48:24.874278] [FIRESTORE LISTENER_STOP] Firestore listener detached. roomId=room-a result=0 key=participants/room-a query=rooms/room-a/participants orderBy joinedAt
00:29 +272 -32: C:/MixVy/test/post_comments_screen_test.dart: PostCommentsScreen submits a comment and leaves parent post counter untouched
00:29 +272 -32: C:/MixVy/test/room_providers_test.dart: Room providers currentParticipantProvider loads a participant model
[MixVy][INFO] [2026-05-06T21:48:24.888105] [FIRESTORE LISTENER_START] Firestore listener attached. userId=user-1 roomId=room-a result=1 key=current_participant/room-a/user-1 query=rooms/room-a/participants/user-1
[MixVy][INFO] [2026-05-06T21:48:24.891934] [FIRESTORE SNAPSHOT] Firestore snapshot triggered. userId=user-1 roomId=room-a result=1 key=current_participant/room-a/user-1 query=rooms/room-a/participants/user-1
[MixVy][INFO] [2026-05-06T21:48:24.894216] [FIRESTORE LISTENER_STOP] Firestore listener detached. userId=user-1 roomId=room-a result=0 key=current_participant/room-a/user-1 query=rooms/room-a/participants/user-1
00:29 +273 -32: C:/MixVy/test/post_comments_screen_test.dart: PostCommentsScreen submits a comment and leaves parent post counter untouched
00:29 +274 -32: C:/MixVy/test/post_comments_screen_test.dart: PostCommentsScreen submits a comment and leaves parent post counter untouched
00:29 +275 -32: C:/MixVy/test/post_comments_screen_test.dart: PostCommentsScreen submits a comment and leaves parent post counter untouched
00:29 +276 -32: C:/MixVy/test/post_comments_screen_test.dart: PostCommentsScreen submits a comment and leaves parent post counter untouched
00:29 +277 -32: C:/MixVy/test/post_comments_screen_test.dart: PostCommentsScreen submits a comment and leaves parent post counter untouched
00:29 +278 -32: C:/MixVy/test/post_comments_screen_test.dart: PostCommentsScreen submits a comment and leaves parent post counter untouched
00:29 +279 -32: C:/MixVy/test/post_comments_screen_test.dart: PostCommentsScreen submits a comment and leaves parent post counter untouched
00:29 +280 -32: C:/MixVy/test/post_comments_screen_test.dart: PostCommentsScreen submits a comment and leaves parent post counter untouched
00:29 +281 -32: C:/MixVy/test/post_comments_screen_test.dart: PostCommentsScreen submits a comment and leaves parent post counter untouched
00:29 +282 -32: C:/MixVy/test/post_comments_screen_test.dart: PostCommentsScreen submits a comment and leaves parent post counter untouched
00:29 +283 -32: C:/MixVy/test/post_comments_screen_test.dart: PostCommentsScreen submits a comment and leaves parent post counter untouched
00:29 +284 -32: C:/MixVy/test/post_comments_screen_test.dart: PostCommentsScreen submits a comment and leaves parent post counter untouched
00:29 +285 -32: C:/MixVy/test/post_comments_screen_test.dart: PostCommentsScreen submits a comment and leaves parent post counter untouched
00:29 +286 -32: C:/MixVy/test/post_comments_screen_test.dart: PostCommentsScreen submits a comment and leaves parent post counter untouched
00:29 +287 -32: C:/MixVy/test/post_comments_screen_test.dart: PostCommentsScreen submits a comment and leaves parent post counter untouched
00:29 +288 -32: C:/MixVy/test/post_comments_screen_test.dart: PostCommentsScreen submits a comment and leaves parent post counter untouched
00:29 +289 -32: C:/MixVy/test/post_comments_screen_test.dart: PostCommentsScreen submits a comment and leaves parent post counter untouched
00:29 +290 -32: C:/MixVy/test/post_comments_screen_test.dart: PostCommentsScreen submits a comment and leaves parent post counter untouched
00:29 +291 -32: C:/MixVy/test/post_comments_screen_test.dart: PostCommentsScreen submits a comment and leaves parent post counter untouched
00:29 +291 -32: C:/MixVy/test/room_host_control_panel_stage_tab_test.dart: RoomHostControlPanel — Stage tab displays policy label reflecting current micTimerSeconds
[MixVy][INFO] [2026-05-06T21:48:24.912381] [FIRESTORE LISTENER_START] Firestore listener attached. roomId=room-1 result=3 key=room_doc/room-1 query=rooms/room-1
[MixVy][INFO] [2026-05-06T21:48:24.914630] [FIRESTORE LISTENER_START] Firestore listener attached. roomId=room-1 result=3 key=participants/room-1 query=rooms/room-1/participants orderBy joinedAt
[MixVy][INFO] [2026-05-06T21:48:24.920758] [FIRESTORE LISTENER_START] Firestore listener attached. roomId=room-1 result=3 key=room_members/room-1 query=rooms/room-1/members
[MixVy][INFO] [2026-05-06T21:48:25.014597] [FIRESTORE SNAPSHOT] Firestore snapshot triggered. roomId=room-1 result=0 key=room_doc/room-1 query=rooms/room-1
[MixVy][INFO] [2026-05-06T21:48:25.016674] [FIRESTORE SNAPSHOT] Firestore snapshot triggered. roomId=room-1 result=0 key=participants/room-1 query=rooms/room-1/participants orderBy joinedAt
[MixVy][INFO] [2026-05-06T21:48:25.017615] [FIRESTORE SNAPSHOT] Firestore snapshot triggered. roomId=room-1 result=0 key=room_members/room-1 query=rooms/room-1/members
[MixVy][INFO] [2026-05-06T21:48:25.022688] [FIRESTORE LISTENER_START] Firestore listener attached. roomId=room-1 result=4 key=room_members/room-1 query=rooms/room-1/members
[MixVy][INFO] [2026-05-06T21:48:25.037211] [FIRESTORE LISTENER_START] Firestore listener attached. roomId=room-1 result=4 key=participants/room-1 query=rooms/room-1/participants orderBy joinedAt
[MixVy][INFO] [2026-05-06T21:48:25.040224] [FIRESTORE LISTENER_START] Firestore listener attached. roomId=room-1 result=4 key=room_doc/room-1 query=rooms/room-1
[MixVy][INFO] [2026-05-06T21:48:25.041724] [FIRESTORE LISTENER_START] Firestore listener attached. roomId=room-1 result=5 key=room_members/room-1 query=rooms/room-1/members
[MixVy][INFO] [2026-05-06T21:48:25.055116] [FIRESTORE LISTENER_START] Firestore listener attached. roomId=room-1 result=5 key=participants/room-1 query=rooms/room-1/participants orderBy joinedAt
[MixVy][INFO] [2026-05-06T21:48:25.056124] [FIRESTORE LISTENER_START] Firestore listener attached. roomId=room-1 result=5 key=room_doc/room-1 query=rooms/room-1
[MixVy][INFO] [2026-05-06T21:48:25.059972] [FIRESTORE LISTENER_START] Firestore listener attached. roomId=room-1 result=6 key=room_doc/room-1 query=rooms/room-1
[MixVy][INFO] [2026-05-06T21:48:25.061479] [FIRESTORE LISTENER_START] Firestore listener attached. roomId=room-1 result=6 key=participants/room-1 query=rooms/room-1/participants orderBy joinedAt
[MixVy][INFO] [2026-05-06T21:48:25.063540] [FIRESTORE LISTENER_START] Firestore listener attached. roomId=room-1 result=6 key=room_members/room-1 query=rooms/room-1/members
[MixVy][INFO] [2026-05-06T21:48:25.140973] [FIRESTORE SNAPSHOT] Firestore snapshot triggered. roomId=room-1 result=0 key=room_doc/room-1 query=rooms/room-1
[MixVy][INFO] [2026-05-06T21:48:25.141523] [FIRESTORE SNAPSHOT] Firestore snapshot triggered. roomId=room-1 result=0 key=room_doc/room-1 query=rooms/room-1
[MixVy][INFO] [2026-05-06T21:48:25.141523] [FIRESTORE SNAPSHOT] Firestore snapshot triggered. roomId=room-1 result=0 key=room_doc/room-1 query=rooms/room-1
[MixVy][INFO] [2026-05-06T21:48:25.142288] [FIRESTORE SNAPSHOT] Firestore snapshot triggered. roomId=room-1 result=0 key=room_members/room-1 query=rooms/room-1/members
[MixVy][INFO] [2026-05-06T21:48:25.142288] [FIRESTORE SNAPSHOT] Firestore snapshot triggered. roomId=room-1 result=0 key=participants/room-1 query=rooms/room-1/participants orderBy joinedAt
[MixVy][INFO] [2026-05-06T21:48:25.143036] [FIRESTORE SNAPSHOT] Firestore snapshot triggered. roomId=room-1 result=0 key=room_members/room-1 query=rooms/room-1/members
[MixVy][INFO] [2026-05-06T21:48:25.143783] [FIRESTORE SNAPSHOT] Firestore snapshot triggered. roomId=room-1 result=0 key=participants/room-1 query=rooms/room-1/participants orderBy joinedAt
[MixVy][INFO] [2026-05-06T21:48:25.143783] [FIRESTORE SNAPSHOT] Firestore snapshot triggered. roomId=room-1 result=0 key=participants/room-1 query=rooms/room-1/participants orderBy joinedAt
[MixVy][INFO] [2026-05-06T21:48:25.144552] [FIRESTORE SNAPSHOT] Firestore snapshot triggered. roomId=room-1 result=0 key=room_members/room-1 query=rooms/room-1/members
[MixVy][INFO] [2026-05-06T21:48:25.183928] [FIRESTORE LISTENER_STOP] Firestore listener detached. roomId=room-1 result=5 key=room_members/room-1 query=rooms/room-1/members
[MixVy][INFO] [2026-05-06T21:48:25.183928] [FIRESTORE LISTENER_STOP] Firestore listener detached. roomId=room-1 result=5 key=participants/room-1 query=rooms/room-1/participants orderBy joinedAt
[MixVy][INFO] [2026-05-06T21:48:25.183928] [FIRESTORE LISTENER_STOP] Firestore listener detached. roomId=room-1 result=5 key=room_doc/room-1 query=rooms/room-1
[MixVy][INFO] [2026-05-06T21:48:25.184676] [FIRESTORE LISTENER_STOP] Firestore listener detached. roomId=room-1 result=4 key=room_members/room-1 query=rooms/room-1/members
[MixVy][INFO] [2026-05-06T21:48:25.184676] [FIRESTORE LISTENER_STOP] Firestore listener detached. roomId=room-1 result=4 key=participants/room-1 query=rooms/room-1/participants orderBy joinedAt
[MixVy][INFO] [2026-05-06T21:48:25.184676] [FIRESTORE LISTENER_STOP] Firestore listener detached. roomId=room-1 result=4 key=room_doc/room-1 query=rooms/room-1
00:29 +292 -32: C:/MixVy/test/post_comments_screen_test.dart: PostCommentsScreen submits a comment and leaves parent post counter untouched
00:29 +293 -32: C:/MixVy/test/post_comments_screen_test.dart: PostCommentsScreen submits a comment and leaves parent post counter untouched
00:29 +294 -32: C:/MixVy/test/post_comments_screen_test.dart: PostCommentsScreen submits a comment and leaves parent post counter untouched
00:29 +295 -32: C:/MixVy/test/post_comments_screen_test.dart: PostCommentsScreen submits a comment and leaves parent post counter untouched
00:29 +296 -32: C:/MixVy/test/post_comments_screen_test.dart: PostCommentsScreen submits a comment and leaves parent post counter untouched
00:29 +296 -32: C:/MixVy/test/room_host_control_panel_stage_tab_test.dart: RoomHostControlPanel — Stage tab displays "Unlimited mic time" when micTimerSeconds is null
[MixVy][INFO] [2026-05-06T21:48:25.297782] [FIRESTORE LISTENER_START] Firestore listener attached. roomId=room-1 result=5 key=room_doc/room-1 query=rooms/room-1
[MixVy][INFO] [2026-05-06T21:48:25.300076] [FIRESTORE LISTENER_START] Firestore listener attached. roomId=room-1 result=5 key=participants/room-1 query=rooms/room-1/participants orderBy joinedAt
[MixVy][INFO] [2026-05-06T21:48:25.301819] [FIRESTORE LISTENER_START] Firestore listener attached. roomId=room-1 result=5 key=room_members/room-1 query=rooms/room-1/members
[MixVy][INFO] [2026-05-06T21:48:25.400296] [FIRESTORE SNAPSHOT] Firestore snapshot triggered. roomId=room-1 result=0 key=room_doc/room-1 query=rooms/room-1
[MixVy][INFO] [2026-05-06T21:48:25.401791] [FIRESTORE SNAPSHOT] Firestore snapshot triggered. roomId=room-1 result=0 key=participants/room-1 query=rooms/room-1/participants orderBy joinedAt
[MixVy][INFO] [2026-05-06T21:48:25.402542] [FIRESTORE SNAPSHOT] Firestore snapshot triggered. roomId=room-1 result=0 key=room_members/room-1 query=rooms/room-1/members
[MixVy][INFO] [2026-05-06T21:48:25.404792] [FIRESTORE LISTENER_START] Firestore listener attached. roomId=room-1 result=6 key=room_members/room-1 query=rooms/room-1/members
[MixVy][INFO] [2026-05-06T21:48:25.417253] [FIRESTORE LISTENER_START] Firestore listener attached. roomId=room-1 result=6 key=participants/room-1 query=rooms/room-1/participants orderBy joinedAt
[MixVy][INFO] [2026-05-06T21:48:25.418770] [FIRESTORE LISTENER_START] Firestore listener attached. roomId=room-1 result=6 key=room_doc/room-1 query=rooms/room-1
[MixVy][INFO] [2026-05-06T21:48:25.420272] [FIRESTORE LISTENER_START] Firestore listener attached. roomId=room-1 result=7 key=room_members/room-1 query=rooms/room-1/members
[MixVy][INFO] [2026-05-06T21:48:25.430505] [FIRESTORE LISTENER_START] Firestore listener attached. roomId=room-1 result=7 key=participants/room-1 query=rooms/room-1/participants orderBy joinedAt
[MixVy][INFO] [2026-05-06T21:48:25.432259] [FIRESTORE LISTENER_START] Firestore listener attached. roomId=room-1 result=7 key=room_doc/room-1 query=rooms/room-1
[MixVy][INFO] [2026-05-06T21:48:25.435308] [FIRESTORE LISTENER_START] Firestore listener attached. roomId=room-1 result=8 key=room_doc/room-1 query=rooms/room-1
[MixVy][INFO] [2026-05-06T21:48:25.437693] [FIRESTORE LISTENER_START] Firestore listener attached. roomId=room-1 result=8 key=participants/room-1 query=rooms/room-1/participants orderBy joinedAt
[MixVy][INFO] [2026-05-06T21:48:25.438445] [FIRESTORE LISTENER_START] Firestore listener attached. roomId=room-1 result=8 key=room_members/room-1 query=rooms/room-1/members
[MixVy][INFO] [2026-05-06T21:48:25.472161] [FIRESTORE SNAPSHOT] Firestore snapshot triggered. roomId=room-1 result=0 key=room_doc/room-1 query=rooms/room-1
[MixVy][INFO] [2026-05-06T21:48:25.472906] [FIRESTORE SNAPSHOT] Firestore snapshot triggered. roomId=room-1 result=0 key=room_doc/room-1 query=rooms/room-1
[MixVy][INFO] [2026-05-06T21:48:25.472906] [FIRESTORE SNAPSHOT] Firestore snapshot triggered. roomId=room-1 result=0 key=room_doc/room-1 query=rooms/room-1
[MixVy][INFO] [2026-05-06T21:48:25.472906] [FIRESTORE SNAPSHOT] Firestore snapshot triggered. roomId=room-1 result=0 key=room_members/room-1 query=rooms/room-1/members
[MixVy][INFO] [2026-05-06T21:48:25.473658] [FIRESTORE SNAPSHOT] Firestore snapshot triggered. roomId=room-1 result=0 key=participants/room-1 query=rooms/room-1/participants orderBy joinedAt
[MixVy][INFO] [2026-05-06T21:48:25.473658] [FIRESTORE SNAPSHOT] Firestore snapshot triggered. roomId=room-1 result=0 key=room_members/room-1 query=rooms/room-1/members
[MixVy][INFO] [2026-05-06T21:48:25.473658] [FIRESTORE SNAPSHOT] Firestore snapshot triggered. roomId=room-1 result=0 key=participants/room-1 query=rooms/room-1/participants orderBy joinedAt
[MixVy][INFO] [2026-05-06T21:48:25.474407] [FIRESTORE SNAPSHOT] Firestore snapshot triggered. roomId=room-1 result=0 key=participants/room-1 query=rooms/room-1/participants orderBy joinedAt
[MixVy][INFO] [2026-05-06T21:48:25.474407] [FIRESTORE SNAPSHOT] Firestore snapshot triggered. roomId=room-1 result=0 key=room_members/room-1 query=rooms/room-1/members
[MixVy][INFO] [2026-05-06T21:48:25.489273] [FIRESTORE LISTENER_STOP] Firestore listener detached. roomId=room-1 result=7 key=room_members/room-1 query=rooms/room-1/members
[MixVy][INFO] [2026-05-06T21:48:25.490030] [FIRESTORE LISTENER_STOP] Firestore listener detached. roomId=room-1 result=7 key=participants/room-1 query=rooms/room-1/participants orderBy joinedAt
[MixVy][INFO] [2026-05-06T21:48:25.490030] [FIRESTORE LISTENER_STOP] Firestore listener detached. roomId=room-1 result=7 key=room_doc/room-1 query=rooms/room-1
[MixVy][INFO] [2026-05-06T21:48:25.490030] [FIRESTORE LISTENER_STOP] Firestore listener detached. roomId=room-1 result=6 key=room_members/room-1 query=rooms/room-1/members
[MixVy][INFO] [2026-05-06T21:48:25.490030] [FIRESTORE LISTENER_STOP] Firestore listener detached. roomId=room-1 result=6 key=participants/room-1 query=rooms/room-1/participants orderBy joinedAt
[MixVy][INFO] [2026-05-06T21:48:25.490030] [FIRESTORE LISTENER_STOP] Firestore listener detached. roomId=room-1 result=6 key=room_doc/room-1 query=rooms/room-1
00:29 +297 -32: C:/MixVy/test/post_comments_screen_test.dart: PostCommentsScreen submits a comment and leaves parent post counter untouched
00:29 +297 -32: C:/MixVy/test/room_service_test.dart: RoomService getLiveRooms returns live rooms ordered by createdAt desc
[MixVy][INFO] ROOM_VISIBILITY_DECISION roomId=room-3 tier=INVALID reasonCode=INVALID_NOT_LIVE stalenessMs=10828105486
[MixVy][INFO] ROOM_VISIBILITY_DECISION roomId=room-2 tier=COLD reasonCode=COLD_DORMANT stalenessMs=10831705486
[MixVy][INFO] ROOM_VISIBILITY_DECISION roomId=room-1 tier=COLD reasonCode=COLD_DORMANT stalenessMs=10838905486
[MixVy][INFO] ROOM_VISIBILITY snapshot_total=3 visible=2 discoverable=0 warm=0 cold=2 invalid_dropped=1 adult_dropped=0 parse_dropped=0 includeAdult=false
00:29 +298 -32: C:/MixVy/test/post_comments_screen_test.dart: PostCommentsScreen submits a comment and leaves parent post counter untouched
00:29 +298 -32: C:/MixVy/test/room_service_test.dart: RoomService getLiveRooms excludes adult rooms by default for discovery safety
[MixVy][INFO] ROOM_VISIBILITY_DECISION roomId=public-room tier=COLD reasonCode=COLD_DORMANT stalenessMs=10842505516
[MixVy][INFO] ROOM_VISIBILITY snapshot_total=2 visible=1 discoverable=0 warm=0 cold=1 invalid_dropped=0 adult_dropped=1 parse_dropped=0 includeAdult=false
00:29 +299 -32: C:/MixVy/test/post_comments_screen_test.dart: PostCommentsScreen submits a comment and leaves parent post counter untouched
00:29 +299 -32: C:/MixVy/test/room_service_test.dart: RoomService getLiveRooms still includes legacy live rooms missing isAdult
[MixVy][INFO] ROOM_VISIBILITY_DECISION roomId=legacy-room tier=COLD reasonCode=COLD_DORMANT stalenessMs=10846105526
[MixVy][INFO] ROOM_VISIBILITY snapshot_total=1 visible=1 discoverable=0 warm=0 cold=1 invalid_dropped=0 adult_dropped=0 parse_dropped=0 includeAdult=false
00:29 +300 -32: C:/MixVy/test/post_comments_screen_test.dart: PostCommentsScreen submits a comment and leaves parent post counter untouched
00:29 +300 -32: C:/MixVy/test/room_service_test.dart: RoomService getLiveRooms keeps real active rooms visible when heartbeat sync lags
[MixVy][INFO] ROOM_VISIBILITY_DECISION roomId=room-realtime tier=DISCOVERABLE reasonCode=DISCOVERABLE_FRESH stalenessMs=0
[MixVy][INFO] ROOM_VISIBILITY snapshot_total=1 visible=1 discoverable=1 warm=0 cold=0 invalid_dropped=0 adult_dropped=0 parse_dropped=0 includeAdult=false
00:29 +301 -32: C:/MixVy/test/post_comments_screen_test.dart: PostCommentsScreen submits a comment and leaves parent post counter untouched
00:29 +301 -32: C:/MixVy/test/room_service_test.dart: RoomService getRecommendedLiveRooms boosts friend-hosted rooms
[MixVy][INFO] ROOM_VISIBILITY_DECISION roomId=room-friend tier=WARM reasonCode=WARM_STALE stalenessMs=1800004
[MixVy][INFO] ROOM_VISIBILITY_DECISION roomId=room-busy tier=DISCOVERABLE reasonCode=DISCOVERABLE_FRESH stalenessMs=300003
[MixVy][INFO] ROOM_VISIBILITY snapshot_total=2 visible=2 discoverable=1 warm=1 cold=0 invalid_dropped=0 adult_dropped=0 parse_dropped=0 includeAdult=false
00:29 +302 -32: C:/MixVy/test/post_comments_screen_test.dart: PostCommentsScreen submits a comment and leaves parent post counter untouched
00:29 +302 -32: C:/MixVy/test/room_service_test.dart: RoomService getRecommendedLiveRooms excludes blocked hosts
[MixVy][INFO] ROOM_VISIBILITY_DECISION roomId=room-a tier=DISCOVERABLE reasonCode=DISCOVERABLE_FRESH stalenessMs=2
[MixVy][INFO] ROOM_VISIBILITY_DECISION roomId=room-b tier=DISCOVERABLE reasonCode=DISCOVERABLE_FRESH stalenessMs=1
[MixVy][INFO] ROOM_VISIBILITY snapshot_total=2 visible=2 discoverable=2 warm=0 cold=0 invalid_dropped=0 adult_dropped=0 parse_dropped=0 includeAdult=false
00:29 +303 -32: C:/MixVy/test/post_comments_screen_test.dart: PostCommentsScreen submits a comment and leaves parent post counter untouched
00:29 +303 -32: C:/MixVy/test/room_service_test.dart: RoomService getLiveRooms can exclude adult rooms for public discovery queries
[MixVy][INFO] ROOM_VISIBILITY_DECISION roomId=public-room tier=COLD reasonCode=COLD_DORMANT stalenessMs=10842505576
[MixVy][INFO] ROOM_VISIBILITY snapshot_total=2 visible=1 discoverable=0 warm=0 cold=1 invalid_dropped=0 adult_dropped=1 parse_dropped=0 includeAdult=false
00:29 +304 -32: C:/MixVy/test/post_comments_screen_test.dart: PostCommentsScreen submits a comment and leaves parent post counter untouched
00:30 +304 -32: C:/MixVy/test/room_host_control_panel_stage_tab_test.dart: RoomHostControlPanel — Stage tab tapping a segment writes micTimerSeconds to Firestore
[MixVy][INFO] [2026-05-06T21:48:25.595202] [FIRESTORE LISTENER_START] Firestore listener attached. roomId=room-1 result=7 key=room_doc/room-1 query=rooms/room-1
[MixVy][INFO] [2026-05-06T21:48:25.597558] [FIRESTORE LISTENER_START] Firestore listener attached. roomId=room-1 result=7 key=participants/room-1 query=rooms/room-1/participants orderBy joinedAt
[MixVy][INFO] [2026-05-06T21:48:25.598315] [FIRESTORE LISTENER_START] Firestore listener attached. roomId=room-1 result=7 key=room_members/room-1 query=rooms/room-1/members
[MixVy][INFO] [2026-05-06T21:48:25.671420] [FIRESTORE SNAPSHOT] Firestore snapshot triggered. roomId=room-1 result=0 key=room_doc/room-1 query=rooms/room-1
[MixVy][INFO] [2026-05-06T21:48:25.671420] [FIRESTORE SNAPSHOT] Firestore snapshot triggered. roomId=room-1 result=0 key=participants/room-1 query=rooms/room-1/participants orderBy joinedAt
[MixVy][INFO] [2026-05-06T21:48:25.672544] [FIRESTORE SNAPSHOT] Firestore snapshot triggered. roomId=room-1 result=0 key=room_members/room-1 query=rooms/room-1/members
[MixVy][INFO] [2026-05-06T21:48:25.682975] [FIRESTORE LISTENER_START] Firestore listener attached. roomId=room-1 result=8 key=room_doc/room-1 query=rooms/room-1
[MixVy][INFO] [2026-05-06T21:48:25.684487] [FIRESTORE LISTENER_START] Firestore listener attached. roomId=room-1 result=8 key=participants/room-1 query=rooms/room-1/participants orderBy joinedAt
[MixVy][INFO] [2026-05-06T21:48:25.685239] [FIRESTORE LISTENER_START] Firestore listener attached. roomId=room-1 result=8 key=room_members/room-1 query=rooms/room-1/members
[MixVy][INFO] [2026-05-06T21:48:25.703107] [FIRESTORE LISTENER_START] Firestore listener attached. roomId=room-1 result=9 key=room_doc/room-1 query=rooms/room-1
[MixVy][INFO] [2026-05-06T21:48:25.704608] [FIRESTORE LISTENER_START] Firestore listener attached. roomId=room-1 result=9 key=participants/room-1 query=rooms/room-1/participants orderBy joinedAt
[MixVy][INFO] [2026-05-06T21:48:25.705358] [FIRESTORE LISTENER_START] Firestore listener attached. roomId=room-1 result=9 key=room_members/room-1 query=rooms/room-1/members
[MixVy][INFO] [2026-05-06T21:48:25.708862] [FIRESTORE LISTENER_START] Firestore listener attached. roomId=room-1 result=10 key=room_doc/room-1 query=rooms/room-1
[MixVy][INFO] [2026-05-06T21:48:25.709723] [FIRESTORE LISTENER_START] Firestore listener attached. roomId=room-1 result=10 key=participants/room-1 query=rooms/room-1/participants orderBy joinedAt
[MixVy][INFO] [2026-05-06T21:48:25.710475] [FIRESTORE LISTENER_START] Firestore listener attached. roomId=room-1 result=10 key=room_members/room-1 query=rooms/room-1/members
[MixVy][INFO] [2026-05-06T21:48:25.747564] [FIRESTORE SNAPSHOT] Firestore snapshot triggered. roomId=room-1 result=0 key=room_doc/room-1 query=rooms/room-1
[MixVy][INFO] [2026-05-06T21:48:25.748325] [FIRESTORE SNAPSHOT] Firestore snapshot triggered. roomId=room-1 result=0 key=room_doc/room-1 query=rooms/room-1
[MixVy][INFO] [2026-05-06T21:48:25.748325] [FIRESTORE SNAPSHOT] Firestore snapshot triggered. roomId=room-1 result=0 key=room_doc/room-1 query=rooms/room-1
[MixVy][INFO] [2026-05-06T21:48:25.749076] [FIRESTORE SNAPSHOT] Firestore snapshot triggered. roomId=room-1 result=0 key=participants/room-1 query=rooms/room-1/participants orderBy joinedAt
[MixVy][INFO] [2026-05-06T21:48:25.749076] [FIRESTORE SNAPSHOT] Firestore snapshot triggered. roomId=room-1 result=0 key=room_members/room-1 query=rooms/room-1/members
[MixVy][INFO] [2026-05-06T21:48:25.749823] [FIRESTORE SNAPSHOT] Firestore snapshot triggered. roomId=room-1 result=0 key=participants/room-1 query=rooms/room-1/participants orderBy joinedAt
[MixVy][INFO] [2026-05-06T21:48:25.749823] [FIRESTORE SNAPSHOT] Firestore snapshot triggered. roomId=room-1 result=0 key=room_members/room-1 query=rooms/room-1/members
[MixVy][INFO] [2026-05-06T21:48:25.749823] [FIRESTORE SNAPSHOT] Firestore snapshot triggered. roomId=room-1 result=0 key=participants/room-1 query=rooms/room-1/participants orderBy joinedAt
[MixVy][INFO] [2026-05-06T21:48:25.749823] [FIRESTORE SNAPSHOT] Firestore snapshot triggered. roomId=room-1 result=0 key=room_members/room-1 query=rooms/room-1/members
[MixVy][INFO] [2026-05-06T21:48:25.836101] [FIRESTORE LISTENER_STOP] Firestore listener detached. roomId=room-1 result=9 key=room_doc/room-1 query=rooms/room-1
[MixVy][INFO] [2026-05-06T21:48:25.836101] [FIRESTORE LISTENER_STOP] Firestore listener detached. roomId=room-1 result=9 key=participants/room-1 query=rooms/room-1/participants orderBy joinedAt
[MixVy][INFO] [2026-05-06T21:48:25.836101] [FIRESTORE LISTENER_STOP] Firestore listener detached. roomId=room-1 result=9 key=room_members/room-1 query=rooms/room-1/members
[MixVy][INFO] [2026-05-06T21:48:25.836101] [FIRESTORE LISTENER_STOP] Firestore listener detached. roomId=room-1 result=8 key=room_members/room-1 query=rooms/room-1/members
[MixVy][INFO] [2026-05-06T21:48:25.836860] [FIRESTORE LISTENER_STOP] Firestore listener detached. roomId=room-1 result=8 key=participants/room-1 query=rooms/room-1/participants orderBy joinedAt
[MixVy][INFO] [2026-05-06T21:48:25.836860] [FIRESTORE LISTENER_STOP] Firestore listener detached. roomId=room-1 result=8 key=room_doc/room-1 query=rooms/room-1
00:30 +305 -32: C:/MixVy/test/post_comments_screen_test.dart: PostCommentsScreen submits a comment and leaves parent post counter untouched
00:30 +305 -32: C:/MixVy/test/room_session_stress_test.dart: joinRoom writes a fresh shared participant record
[MixVy][INFO] [2026-05-06T21:48:26.450956] [ROOM JOIN] Attempting room join. userId=user-1 roomId=room-a result=start
[MixVy][INFO] [2026-05-06T21:48:26.465043] [FIRESTORE GET_ROOM_FOR_JOIN] Firestore read issued. userId=user-1 roomId=room-a result=read path=rooms/room-a
[MixVy][INFO] [2026-05-06T21:48:26.474401] [FIRESTORE GET_CURRENT_PARTICIPANT] Firestore read issued. userId=user-1 roomId=room-a result=read path=rooms/room-a/participants/user-1
[MixVy][INFO] [2026-05-06T21:48:26.482321] [ROOM JOIN] Room join completed. userId=user-1 roomId=room-a result=success
00:30 +306 -32: C:/MixVy/test/post_comments_screen_test.dart: PostCommentsScreen submits a comment and leaves parent post counter untouched
00:30 +306 -33: C:/MixVy/test/post_comments_screen_test.dart: PostCommentsScreen submits a comment and leaves parent post counter untouched
00:30 +306 -33: C:/MixVy/test/room_service_test.dart: RoomService watchLiveRooms keeps recently seen rooms visible through a transient live gap [E]
  Expected: non-empty
    Actual: []
  
  package:matcher                                     expect
  package:flutter_test/src/widget_tester.dart 473:18  expect
  test\room_service_test.dart 361:9                   main.<fn>.<fn>
  
00:31 +306 -33: C:/MixVy/test/room_session_stress_test.dart: stress simulates room churn without duplicates or presence drift
[MixVy][INFO] [2026-05-06T21:48:26.499063] [ROOM JOIN] Attempting room join. userId=user-0 roomId=stress-room result=start
[MixVy][INFO] [2026-05-06T21:48:26.500561] [FIRESTORE GET_ROOM_FOR_JOIN] Firestore read issued. userId=user-0 roomId=stress-room result=read path=rooms/stress-room
[MixVy][INFO] [2026-05-06T21:48:26.501568] [FIRESTORE GET_CURRENT_PARTICIPANT] Firestore read issued. userId=user-0 roomId=stress-room result=read path=rooms/stress-room/participants/user-0
[MixVy][INFO] [2026-05-06T21:48:26.503561] [ROOM JOIN] Room join completed. userId=user-0 roomId=stress-room result=success
[MixVy][INFO] [2026-05-06T21:48:26.510851] [ROOM JOIN] Attempting room join. userId=user-4 roomId=stress-room result=start
[MixVy][INFO] [2026-05-06T21:48:26.511605] [FIRESTORE GET_ROOM_FOR_JOIN] Firestore read issued. userId=user-4 roomId=stress-room result=read path=rooms/stress-room
[MixVy][INFO] [2026-05-06T21:48:26.515354] [FIRESTORE GET_CURRENT_PARTICIPANT] Firestore read issued. userId=user-4 roomId=stress-room result=read path=rooms/stress-room/participants/user-4
[MixVy][INFO] [2026-05-06T21:48:26.520398] [ROOM JOIN] Room join completed. userId=user-4 roomId=stress-room result=success
[MixVy][INFO] [2026-05-06T21:48:26.523411] [ROOM JOIN] Attempting room join. userId=user-15 roomId=stress-room result=start
[MixVy][INFO] [2026-05-06T21:48:26.524666] [FIRESTORE GET_ROOM_FOR_JOIN] Firestore read issued. userId=user-15 roomId=stress-room result=read path=rooms/stress-room
[MixVy][INFO] [2026-05-06T21:48:26.525424] [FIRESTORE GET_CURRENT_PARTICIPANT] Firestore read issued. userId=user-15 roomId=stress-room result=read path=rooms/stress-room/participants/user-15
[MixVy][INFO] [2026-05-06T21:48:26.528021] [ROOM JOIN] Room join completed. userId=user-15 roomId=stress-room result=success
[MixVy][INFO] [2026-05-06T21:48:26.532751] [ROOM JOIN] Attempting room join. userId=user-19 roomId=stress-room result=start
[MixVy][INFO] [2026-05-06T21:48:26.532751] [FIRESTORE GET_ROOM_FOR_JOIN] Firestore read issued. userId=user-19 roomId=stress-room result=read path=rooms/stress-room
[MixVy][INFO] [2026-05-06T21:48:26.534324] [FIRESTORE GET_CURRENT_PARTICIPANT] Firestore read issued. userId=user-19 roomId=stress-room result=read path=rooms/stress-room/participants/user-19
[MixVy][INFO] [2026-05-06T21:48:26.536848] [ROOM JOIN] Room join completed. userId=user-19 roomId=stress-room result=success
[MixVy][INFO] [2026-05-06T21:48:26.544943] [FIRESTORE RELEASE_SLOT_BATCH] Firestore write issued. userId=user-19 roomId=stress-room result=write path=rooms/stress-room/slots releasedSlotCount=0
[MixVy][INFO] [2026-05-06T21:48:26.548043] [ROOM RELEASE_SLOT] Camera slot release finished. userId=user-19 roomId=stress-room result=0
[MixVy][INFO] [2026-05-06T21:48:26.551184] [FIRESTORE BATCH_LEAVE_ROOM] Firestore write issued. userId=user-19 roomId=stress-room result=write path=rooms/stress-room/batch_leave
[MixVy][INFO] [2026-05-06T21:48:26.556759] [ROOM LEAVE] Room leave cleanup completed. userId=user-19 roomId=stress-room result=success
[MixVy][INFO] [2026-05-06T21:48:26.559644] [ROOM JOIN] Attempting room join. userId=user-7 roomId=stress-room result=start
[MixVy][INFO] [2026-05-06T21:48:26.560416] [FIRESTORE GET_ROOM_FOR_JOIN] Firestore read issued. userId=user-7 roomId=stress-room result=read path=rooms/stress-room
[MixVy][INFO] [2026-05-06T21:48:26.561159] [FIRESTORE GET_CURRENT_PARTICIPANT] Firestore read issued. userId=user-7 roomId=stress-room result=read path=rooms/stress-room/participants/user-7
[MixVy][INFO] [2026-05-06T21:48:26.565415] [ROOM JOIN] Room join completed. userId=user-7 roomId=stress-room result=success
[MixVy][INFO] [2026-05-06T21:48:26.597945] [ROOM JOIN] Attempting room join. userId=user-6 roomId=stress-room result=start
[MixVy][INFO] [2026-05-06T21:48:26.598702] [FIRESTORE GET_ROOM_FOR_JOIN] Firestore read issued. userId=user-6 roomId=stress-room result=read path=rooms/stress-room
[MixVy][INFO] [2026-05-06T21:48:26.599453] [FIRESTORE GET_CURRENT_PARTICIPANT] Firestore read issued. userId=user-6 roomId=stress-room result=read path=rooms/stress-room/participants/user-6
[MixVy][INFO] [2026-05-06T21:48:26.602039] [ROOM JOIN] Room join completed. userId=user-6 roomId=stress-room result=success
[MixVy][INFO] [2026-05-06T21:48:26.614775] [FIRESTORE MARK_CAM_ON_AFTER_SLOT_CLAIM] Firestore write issued. userId=user-6 roomId=stress-room result=write path=rooms/stress-room/participants/user-6
[MixVy][INFO] [2026-05-06T21:48:26.617287] [ROOM CLAIM_SLOT] Camera slot claim finished. userId=user-6 roomId=stress-room result=1
[MixVy][INFO] [2026-05-06T21:48:26.624566] [FIRESTORE MARK_CAM_ON_AFTER_SLOT_CLAIM] Firestore write issued. userId=user-15 roomId=stress-room result=write path=rooms/stress-room/participants/user-15
[MixVy][INFO] [2026-05-06T21:48:26.625321] [ROOM CLAIM_SLOT] Camera slot claim finished. userId=user-15 roomId=stress-room result=2
[MixVy][INFO] [2026-05-06T21:48:26.628981] [ROOM JOIN] Attempting room join. userId=user-16 roomId=stress-room result=start
[MixVy][INFO] [2026-05-06T21:48:26.628981] [FIRESTORE GET_ROOM_FOR_JOIN] Firestore read issued. userId=user-16 roomId=stress-room result=read path=rooms/stress-room
[MixVy][INFO] [2026-05-06T21:48:26.630604] [FIRESTORE GET_CURRENT_PARTICIPANT] Firestore read issued. userId=user-16 roomId=stress-room result=read path=rooms/stress-room/participants/user-16
[MixVy][INFO] [2026-05-06T21:48:26.633244] [ROOM JOIN] Room join completed. userId=user-16 roomId=stress-room result=success
[MixVy][INFO] [2026-05-06T21:48:26.647234] [FIRESTORE ROOM_HEARTBEAT] Firestore write issued. userId=user-6 roomId=stress-room result=write path=rooms/stress-room/participants/user-6
[MixVy][INFO] [2026-05-06T21:48:26.654339] [ROOM JOIN] Attempting room join. userId=user-13 roomId=stress-room result=start
[MixVy][INFO] [2026-05-06T21:48:26.655094] [FIRESTORE GET_ROOM_FOR_JOIN] Firestore read issued. userId=user-13 roomId=stress-room result=read path=rooms/stress-room
[MixVy][INFO] [2026-05-06T21:48:26.656101] [FIRESTORE GET_CURRENT_PARTICIPANT] Firestore read issued. userId=user-13 roomId=stress-room result=read path=rooms/stress-room/participants/user-13
[MixVy][INFO] [2026-05-06T21:48:26.657424] [ROOM JOIN] Room join completed. userId=user-13 roomId=stress-room result=success
[MixVy][INFO] [2026-05-06T21:48:26.659826] [ROOM JOIN] Attempting room join. userId=user-10 roomId=stress-room result=start
[MixVy][INFO] [2026-05-06T21:48:26.660387] [FIRESTORE GET_ROOM_FOR_JOIN] Firestore read issued. userId=user-10 roomId=stress-room result=read path=rooms/stress-room
[MixVy][INFO] [2026-05-06T21:48:26.661145] [FIRESTORE GET_CURRENT_PARTICIPANT] Firestore read issued. userId=user-10 roomId=stress-room result=read path=rooms/stress-room/participants/user-10
[MixVy][INFO] [2026-05-06T21:48:26.662828] [ROOM JOIN] Room join completed. userId=user-10 roomId=stress-room result=success
[MixVy][INFO] [2026-05-06T21:48:26.670829] [FIRESTORE ROOM_HEARTBEAT] Firestore write issued. userId=user-13 roomId=stress-room result=write path=rooms/stress-room/participants/user-13
[MixVy][INFO] [2026-05-06T21:48:26.675329] [FIRESTORE ROOM_HEARTBEAT] Firestore write issued. userId=user-7 roomId=stress-room result=write path=rooms/stress-room/participants/user-7
[MixVy][INFO] [2026-05-06T21:48:26.677100] [FIRESTORE MARK_CAM_ON_AFTER_SLOT_CLAIM] Firestore write issued. userId=user-13 roomId=stress-room result=write path=rooms/stress-room/participants/user-13
[MixVy][INFO] [2026-05-06T21:48:26.677891] [ROOM CLAIM_SLOT] Camera slot claim finished. userId=user-13 roomId=stress-room result=3
[MixVy][INFO] [2026-05-06T21:48:26.685350] [FIRESTORE RELEASE_SLOT_BATCH] Firestore write issued. userId=user-4 roomId=stress-room result=write path=rooms/stress-room/slots releasedSlotCount=0
[MixVy][INFO] [2026-05-06T21:48:26.687125] [ROOM RELEASE_SLOT] Camera slot release finished. userId=user-4 roomId=stress-room result=0
[MixVy][INFO] [2026-05-06T21:48:26.687125] [FIRESTORE BATCH_LEAVE_ROOM] Firestore write issued. userId=user-4 roomId=stress-room result=write path=rooms/stress-room/batch_leave
[MixVy][INFO] [2026-05-06T21:48:26.687876] [ROOM LEAVE] Room leave cleanup completed. userId=user-4 roomId=stress-room result=success
[MixVy][INFO] [2026-05-06T21:48:26.699796] [FIRESTORE MARK_CAM_ON_AFTER_SLOT_CLAIM] Firestore write issued. userId=user-0 roomId=stress-room result=write path=rooms/stress-room/participants/user-0
[MixVy][INFO] [2026-05-06T21:48:26.700555] [ROOM CLAIM_SLOT] Camera slot claim finished. userId=user-0 roomId=stress-room result=4
[MixVy][INFO] [2026-05-06T21:48:26.705041] [FIRESTORE ROOM_HEARTBEAT] Firestore write issued. userId=user-6 roomId=stress-room result=write path=rooms/stress-room/participants/user-6
[MixVy][INFO] [2026-05-06T21:48:26.707803] [FIRESTORE RELEASE_SLOT_BATCH] Firestore write issued. userId=user-13 roomId=stress-room result=write path=rooms/stress-room/slots releasedSlotCount=1
[MixVy][INFO] [2026-05-06T21:48:26.708644] [ROOM RELEASE_SLOT] Camera slot release finished. userId=user-13 roomId=stress-room result=1
[MixVy][INFO] [2026-05-06T21:48:26.710403] [FIRESTORE ROOM_HEARTBEAT] Firestore write issued. userId=user-15 roomId=stress-room result=write path=rooms/stress-room/participants/user-15
[MixVy][INFO] [2026-05-06T21:48:26.712664] [FIRESTORE MARK_CAM_ON_AFTER_SLOT_CLAIM] Firestore write issued. userId=user-16 roomId=stress-room result=write path=rooms/stress-room/participants/user-16
[MixVy][INFO] [2026-05-06T21:48:26.714161] [ROOM CLAIM_SLOT] Camera slot claim finished. userId=user-16 roomId=stress-room result=3
[MixVy][INFO] [2026-05-06T21:48:26.720246] [FIRESTORE RELEASE_SLOT_BATCH] Firestore write issued. userId=user-16 roomId=stress-room result=write path=rooms/stress-room/slots releasedSlotCount=1
[MixVy][INFO] [2026-05-06T21:48:26.721027] [ROOM RELEASE_SLOT] Camera slot release finished. userId=user-16 roomId=stress-room result=1
[MixVy][INFO] [2026-05-06T21:48:26.731503] [FIRESTORE RELEASE_SLOT_BATCH] Firestore write issued. userId=user-10 roomId=stress-room result=write path=rooms/stress-room/slots releasedSlotCount=0
[MixVy][INFO] [2026-05-06T21:48:26.731503] [ROOM RELEASE_SLOT] Camera slot release finished. userId=user-10 roomId=stress-room result=0
[MixVy][INFO] [2026-05-06T21:48:26.733177] [FIRESTORE BATCH_LEAVE_ROOM] Firestore write issued. userId=user-10 roomId=stress-room result=write path=rooms/stress-room/batch_leave
[MixVy][INFO] [2026-05-06T21:48:26.734678] [ROOM LEAVE] Room leave cleanup completed. userId=user-10 roomId=stress-room result=success
[MixVy][INFO] [2026-05-06T21:48:26.739983] [FIRESTORE ROOM_HEARTBEAT] Firestore write issued. userId=user-15 roomId=stress-room result=write path=rooms/stress-room/participants/user-15
[MixVy][INFO] [2026-05-06T21:48:26.741563] [FIRESTORE ROOM_HEARTBEAT] Firestore write issued. userId=user-15 roomId=stress-room result=write path=rooms/stress-room/participants/user-15
[MixVy][INFO] [2026-05-06T21:48:26.753547] [FIRESTORE ROOM_HEARTBEAT] Firestore write issued. userId=user-13 roomId=stress-room result=write path=rooms/stress-room/participants/user-13
[MixVy][INFO] [2026-05-06T21:48:26.759479] [ROOM JOIN] Attempting room join. userId=user-5 roomId=stress-room result=start
[MixVy][INFO] [2026-05-06T21:48:26.760230] [FIRESTORE GET_ROOM_FOR_JOIN] Firestore read issued. userId=user-5 roomId=stress-room result=read path=rooms/stress-room
[MixVy][INFO] [2026-05-06T21:48:26.760982] [FIRESTORE GET_CURRENT_PARTICIPANT] Firestore read issued. userId=user-5 roomId=stress-room result=read path=rooms/stress-room/participants/user-5
[MixVy][INFO] [2026-05-06T21:48:26.761730] [ROOM JOIN] Room join completed. userId=user-5 roomId=stress-room result=success
[MixVy][INFO] [2026-05-06T21:48:26.772910] [FIRESTORE MARK_CAM_ON_AFTER_SLOT_CLAIM] Firestore write issued. userId=user-7 roomId=stress-room result=write path=rooms/stress-room/participants/user-7
00:31 +307 -33: C:/MixVy/test/post_comments_screen_test.dart: PostCommentsScreen submits a comment and leaves parent post counter untouched
00:31 +308 -33: C:/MixVy/test/post_comments_screen_test.dart: PostCommentsScreen submits a comment and leaves parent post counter untouched
00:31 +308 -33: C:/MixVy/test/room_slot_service_test.dart: RoomSlotService claimSlot returns a slot id and writes userId to Firestore
[MixVy][INFO] [2026-05-06T21:48:26.811886] [FIRESTORE MARK_CAM_ON_AFTER_SLOT_CLAIM] Firestore write issued. userId=user-a roomId=room-1 result=write path=rooms/room-1/participants/user-a
[MixVy][INFO] [2026-05-06T21:48:26.838661] [ROOM CLAIM_SLOT] Camera slot claim finished. userId=user-a roomId=room-1 result=1
00:31 +309 -33: C:/MixVy/test/post_comments_screen_test.dart: PostCommentsScreen submits a comment and leaves parent post counter untouched
00:31 +310 -33: C:/MixVy/test/post_comments_screen_test.dart: PostCommentsScreen submits a comment and leaves parent post counter untouched
00:31 +310 -33: C:/MixVy/test/room_slot_service_test.dart: RoomSlotService claimSlot returns null when all slots are occupied
[MixVy][INFO] [2026-05-06T21:48:26.862712] [ROOM CLAIM_SLOT] Camera slot claim finished. userId=user-a roomId=room-1 result=full
00:31 +311 -33: C:/MixVy/test/post_comments_screen_test.dart: PostCommentsScreen submits a comment and leaves parent post counter untouched
00:31 +312 -33: C:/MixVy/test/post_comments_screen_test.dart: PostCommentsScreen submits a comment and leaves parent post counter untouched
00:31 +313 -33: C:/MixVy/test/post_comments_screen_test.dart: PostCommentsScreen submits a comment and leaves parent post counter untouched
00:31 +314 -33: C:/MixVy/test/post_comments_screen_test.dart: PostCommentsScreen submits a comment and leaves parent post counter untouched
00:31 +314 -33: C:/MixVy/test/room_slot_service_test.dart: RoomSlotService claimSlot is idempotent — re-claiming own slot returns same id
[MixVy][INFO] [2026-05-06T21:48:26.873646] [FIRESTORE MARK_CAM_ON_AFTER_SLOT_CLAIM] Firestore write issued. userId=user-a roomId=room-1 result=write path=rooms/room-1/participants/user-a
[MixVy][INFO] [2026-05-06T21:48:26.875144] [ROOM CLAIM_SLOT] Camera slot claim finished. userId=user-a roomId=room-1 result=1
[MixVy][INFO] [2026-05-06T21:48:26.876148] [FIRESTORE MARK_CAM_ON_AFTER_SLOT_CLAIM] Firestore write issued. userId=user-a roomId=room-1 result=write path=rooms/room-1/participants/user-a
[MixVy][INFO] [2026-05-06T21:48:26.876906] [ROOM CLAIM_SLOT] Camera slot claim finished. userId=user-a roomId=room-1 result=1
00:31 +315 -33: C:/MixVy/test/post_comments_screen_test.dart: PostCommentsScreen submits a comment and leaves parent post counter untouched
00:31 +315 -33: C:/MixVy/test/room_slot_service_test.dart: RoomSlotService releaseSlot deletes the slot doc and sets camOn=false
[MixVy][INFO] [2026-05-06T21:48:26.884816] [FIRESTORE MARK_CAM_ON_AFTER_SLOT_CLAIM] Firestore write issued. userId=user-a roomId=room-1 result=write path=rooms/room-1/participants/user-a
[MixVy][INFO] [2026-05-06T21:48:26.887081] [ROOM CLAIM_SLOT] Camera slot claim finished. userId=user-a roomId=room-1 result=1
[MixVy][INFO] [2026-05-06T21:48:26.896416] [FIRESTORE RELEASE_SLOT_BATCH] Firestore write issued. userId=user-a roomId=room-1 result=write path=rooms/room-1/slots releasedSlotCount=1
[MixVy][INFO] [2026-05-06T21:48:26.899461] [ROOM RELEASE_SLOT] Camera slot release finished. userId=user-a roomId=room-1 result=1
00:31 +316 -33: C:/MixVy/test/post_comments_screen_test.dart: PostCommentsScreen submits a comment and leaves parent post counter untouched
00:31 +316 -33: C:/MixVy/test/room_slot_service_test.dart: RoomSlotService releaseSlot allows another user to claim the freed slot
[MixVy][INFO] [2026-05-06T21:48:26.923545] [FIRESTORE MARK_CAM_ON_AFTER_SLOT_CLAIM] Firestore write issued. userId=user-a roomId=room-1 result=write path=rooms/room-1/participants/user-a
[MixVy][INFO] [2026-05-06T21:48:26.925103] [ROOM CLAIM_SLOT] Camera slot claim finished. userId=user-a roomId=room-1 result=1
[MixVy][INFO] [2026-05-06T21:48:26.925103] [FIRESTORE RELEASE_SLOT_BATCH] Firestore write issued. userId=user-a roomId=room-1 result=write path=rooms/room-1/slots releasedSlotCount=1
[MixVy][INFO] [2026-05-06T21:48:26.926692] [ROOM RELEASE_SLOT] Camera slot release finished. userId=user-a roomId=room-1 result=1
[MixVy][INFO] [2026-05-06T21:48:26.926692] [FIRESTORE MARK_CAM_ON_AFTER_SLOT_CLAIM] Firestore write issued. userId=user-b roomId=room-1 result=write path=rooms/room-1/participants/user-b
[MixVy][INFO] [2026-05-06T21:48:26.928317] [ROOM CLAIM_SLOT] Camera slot claim finished. userId=user-b roomId=room-1 result=1
00:31 +317 -33: C:/MixVy/test/post_comments_screen_test.dart: PostCommentsScreen submits a comment and leaves parent post counter untouched
00:31 +318 -33: C:/MixVy/test/post_comments_screen_test.dart: PostCommentsScreen submits a comment and leaves parent post counter untouched
00:31 +319 -33: C:/MixVy/test/post_comments_screen_test.dart: PostCommentsScreen submits a comment and leaves parent post counter untouched
00:31 +319 -33: C:/MixVy/test/room_slot_service_test.dart: RoomSlotService releaseSlot for a user who never held a slot sets camOn=false and does not throw
[MixVy][INFO] [2026-05-06T21:48:26.949956] [FIRESTORE RELEASE_SLOT_BATCH] Firestore write issued. userId=user-nocam roomId=room-1 result=write path=rooms/room-1/slots releasedSlotCount=0
[MixVy][INFO] [2026-05-06T21:48:26.950707] [ROOM RELEASE_SLOT] Camera slot release finished. userId=user-nocam roomId=room-1 result=0
00:31 +320 -33: C:/MixVy/test/post_comments_screen_test.dart: PostCommentsScreen submits a comment and leaves parent post counter untouched
00:31 +320 -33: C:/MixVy/test/room_slot_service_test.dart: RoomSlotService releaseSlot is idempotent when slot was already deleted externally
[MixVy][INFO] [2026-05-06T21:48:26.958482] [FIRESTORE MARK_CAM_ON_AFTER_SLOT_CLAIM] Firestore write issued. userId=user-a roomId=room-1 result=write path=rooms/room-1/participants/user-a
[MixVy][INFO] [2026-05-06T21:48:26.959395] [ROOM CLAIM_SLOT] Camera slot claim finished. userId=user-a roomId=room-1 result=1
[MixVy][INFO] [2026-05-06T21:48:26.960254] [FIRESTORE RELEASE_SLOT_BATCH] Firestore write issued. userId=user-a roomId=room-1 result=write path=rooms/room-1/slots releasedSlotCount=0
[MixVy][INFO] [2026-05-06T21:48:26.962593] [ROOM RELEASE_SLOT] Camera slot release finished. userId=user-a roomId=room-1 result=0
00:31 +321 -33: C:/MixVy/test/post_comments_screen_test.dart: PostCommentsScreen submits a comment and leaves parent post counter untouched
00:31 +321 -33: C:/MixVy/test/room_slot_service_test.dart: RoomSlotService concurrent claims respect maxBroadcasters limit
[MixVy][INFO] [2026-05-06T21:48:26.969893] [FIRESTORE MARK_CAM_ON_AFTER_SLOT_CLAIM] Firestore write issued. userId=user-a roomId=room-1 result=write path=rooms/room-1/participants/user-a
[MixVy][INFO] [2026-05-06T21:48:26.970638] [ROOM CLAIM_SLOT] Camera slot claim finished. userId=user-a roomId=room-1 result=1
[MixVy][INFO] [2026-05-06T21:48:26.971583] [ROOM CLAIM_SLOT] Camera slot claim finished. userId=user-b roomId=room-1 result=full
00:31 +322 -33: C:/MixVy/test/post_comments_screen_test.dart: PostCommentsScreen submits a comment and leaves parent post counter untouched
00:31 +323 -33: C:/MixVy/test/post_comments_screen_test.dart: PostCommentsScreen submits a comment and leaves parent post counter untouched
00:31 +324 -33: C:/MixVy/test/post_comments_screen_test.dart: PostCommentsScreen submits a comment and leaves parent post counter untouched
00:31 +325 -33: C:/MixVy/test/post_comments_screen_test.dart: PostCommentsScreen submits a comment and leaves parent post counter untouched
00:31 +326 -33: C:/MixVy/test/post_comments_screen_test.dart: PostCommentsScreen submits a comment and leaves parent post counter untouched
00:31 +327 -33: C:/MixVy/test/post_comments_screen_test.dart: PostCommentsScreen submits a comment and leaves parent post counter untouched
00:31 +328 -33: C:/MixVy/test/post_comments_screen_test.dart: PostCommentsScreen submits a comment and leaves parent post counter untouched
00:31 +329 -33: C:/MixVy/test/post_comments_screen_test.dart: PostCommentsScreen submits a comment and leaves parent post counter untouched
00:31 +330 -33: C:/MixVy/test/post_comments_screen_test.dart: PostCommentsScreen submits a comment and leaves parent post counter untouched
00:31 +330 -34: C:/MixVy/test/post_comments_screen_test.dart: PostCommentsScreen submits a comment and leaves parent post counter untouched
00:31 +330 -34: C:/MixVy/test/room_service_test.dart: RoomService watchLiveRooms keeps the last known audience count during partial room updates [E]
  Expected: non-empty
    Actual: []
  
  package:matcher                                     expect
  package:flutter_test/src/widget_tester.dart 473:18  expect
  test\room_service_test.dart 401:9                   main.<fn>.<fn>
  
00:31 +331 -34: C:/MixVy/test/post_comments_screen_test.dart: PostCommentsScreen submits a comment and leaves parent post counter untouched
00:31 +332 -34: C:/MixVy/test/post_comments_screen_test.dart: PostCommentsScreen submits a comment and leaves parent post counter untouched
00:31 +333 -34: C:/MixVy/test/post_comments_screen_test.dart: PostCommentsScreen submits a comment and leaves parent post counter untouched
00:31 +334 -34: C:/MixVy/test/post_comments_screen_test.dart: PostCommentsScreen submits a comment and leaves parent post counter untouched
00:31 +335 -34: C:/MixVy/test/post_comments_screen_test.dart: PostCommentsScreen submits a comment and leaves parent post counter untouched
00:31 +336 -34: C:/MixVy/test/post_comments_screen_test.dart: PostCommentsScreen submits a comment and leaves parent post counter untouched
00:32 +337 -34: C:/MixVy/test/post_comments_screen_test.dart: PostCommentsScreen submits a comment and leaves parent post counter untouched
00:32 +338 -34: C:/MixVy/test/post_comments_screen_test.dart: PostCommentsScreen submits a comment and leaves parent post counter untouched
00:33 +339 -34: C:/MixVy/test/post_comments_screen_test.dart: PostCommentsScreen submits a comment and leaves parent post counter untouched
00:33 +340 -34: C:/MixVy/test/post_comments_screen_test.dart: PostCommentsScreen submits a comment and leaves parent post counter untouched
00:33 +341 -34: C:/MixVy/test/post_comments_screen_test.dart: PostCommentsScreen submits a comment and leaves parent post counter untouched
00:33 +342 -34: C:/MixVy/test/post_comments_screen_test.dart: PostCommentsScreen submits a comment and leaves parent post counter untouched
00:33 +343 -34: C:/MixVy/test/post_comments_screen_test.dart: PostCommentsScreen submits a comment and leaves parent post counter untouched
00:33 +344 -34: C:/MixVy/test/post_comments_screen_test.dart: PostCommentsScreen submits a comment and leaves parent post counter untouched
00:33 +345 -34: C:/MixVy/test/post_comments_screen_test.dart: PostCommentsScreen submits a comment and leaves parent post counter untouched
00:33 +346 -34: C:/MixVy/test/post_comments_screen_test.dart: PostCommentsScreen submits a comment and leaves parent post counter untouched
00:33 +347 -34: C:/MixVy/test/post_comments_screen_test.dart: PostCommentsScreen submits a comment and leaves parent post counter untouched
00:34 +348 -34: C:/MixVy/test/post_comments_screen_test.dart: PostCommentsScreen submits a comment and leaves parent post counter untouched
══╡ EXCEPTION CAUGHT BY FLUTTER TEST FRAMEWORK ╞════════════════════════════════════════════════════
The following assertion was thrown running a test:
pumpAndSettle timed out

When the exception was thrown, this was the stack:
#0      WidgetTester.pumpAndSettle.<anonymous closure> (package:flutter_test/src/widget_tester.dart:717:11)
<asynchronous suspension>
#1      TestAsyncUtils.guard.<anonymous closure> (package:flutter_test/src/test_async_utils.dart:130:27)
<asynchronous suspension>
#2      main.<anonymous closure>.<anonymous closure> (file:///C:/MixVy/test/post_comments_screen_test.dart:56:7)
<asynchronous suspension>
#3      testWidgets.<anonymous closure>.<anonymous closure> (package:flutter_test/src/widget_tester.dart:192:15)
<asynchronous suspension>
#4      TestWidgetsFlutterBinding._runTestBody (package:flutter_test/src/binding.dart:1682:5)
<asynchronous suspension>
<asynchronous suspension>
(elided one frame from package:stack_trace)

The test description was:
  submits a comment and leaves parent post counter untouched
════════════════════════════════════════════════════════════════════════════════════════════════════
00:35 +348 -35: C:/MixVy/test/settings_screen_test.dart: SettingsScreen renders persisted preferences
00:35 +348 -35: C:/MixVy/test/post_comments_screen_test.dart: PostCommentsScreen submits a comment and leaves parent post counter untouched [E]
  Test failed. See exception logs above.
  The test description was: submits a comment and leaves parent post counter untouched
  
00:35 +349 -35: C:/MixVy/test/shared/operational_debug_overlay_test.dart: operational overlay opens via hidden tap sequence
══╡ EXCEPTION CAUGHT BY FLUTTER TEST FRAMEWORK ╞════════════════════════════════════════════════════
The following assertion was thrown running a test:
A StreamLifecycleManager was used after being disposed.
Once you have called dispose() on a StreamLifecycleManager, it can no longer be used.

When the exception was thrown, this was the stack:
#0      ChangeNotifier.debugAssertNotDisposed.<anonymous closure> (package:flutter/src/foundation/change_notifier.dart:182:9)
#1      ChangeNotifier.debugAssertNotDisposed (package:flutter/src/foundation/change_notifier.dart:189:6)
#2      ChangeNotifier.dispose (package:flutter/src/foundation/change_notifier.dart:374:27)
#3      runGuarded (package:riverpod/src/run_guarded.dart:9:7)
#4      ChangeNotifierProviderElement.runOnDispose (package:flutter_riverpod/src/change_notifier_provider/base.dart:223:7)
#5      ProviderElementBase.dispose (package:riverpod/src/framework/element.dart:868:5)
#6      ProviderContainer.dispose (package:riverpod/src/framework/container.dart:624:15)
#7      ProviderScopeState.dispose (package:flutter_riverpod/src/framework.dart:258:15)
#8      StatefulElement.unmount (package:flutter/src/widgets/framework.dart:6030:11)
#9      _InactiveElements._unmount (package:flutter/src/widgets/framework.dart:2117:13)
#10     ListIterable.forEach (dart:_internal/iterable.dart:49:13)
#11     _InactiveElements._unmountAll (package:flutter/src/widgets/framework.dart:2126:25)
#12     BuildOwner.lockState (package:flutter/src/widgets/framework.dart:3020:15)
#13     BuildOwner.finalizeTree (package:flutter/src/widgets/framework.dart:3344:7)
#14     AutomatedTestWidgetsFlutterBinding.drawFrame (package:flutter_test/src/binding.dart:2153:19)
#15     RendererBinding._handlePersistentFrameCallback (package:flutter/src/rendering/binding.dart:495:5)
#16     SchedulerBinding._invokeFrameCallback (package:flutter/src/scheduler/binding.dart:1430:15)
#17     SchedulerBinding.handleDrawFrame (package:flutter/src/scheduler/binding.dart:1345:9)
#18     AutomatedTestWidgetsFlutterBinding.scheduleWarmUpFrame (package:flutter_test/src/binding.dart:2057:5)
#19     _runWidget (package:flutter/src/widgets/binding.dart:1683:7)
#20     runApp (package:flutter/src/widgets/binding.dart:1616:3)
#21     TestWidgetsFlutterBinding._runTestBody (package:flutter_test/src/binding.dart:1689:7)
<asynchronous suspension>
<asynchronous suspension>
(elided one frame from package:stack_trace)

The test description was:
  operational overlay opens via hidden tap sequence
════════════════════════════════════════════════════════════════════════════════════════════════════
00:35 +349 -36: C:/MixVy/test/social_pulse_section_test.dart: SocialPulseSection renders activity items and CTA labels
00:35 +349 -36: C:/MixVy/test/shared/operational_debug_overlay_test.dart: operational overlay opens via hidden tap sequence [E]
  Test failed. See exception logs above.
  The test description was: operational overlay opens via hidden tap sequence
  
00:35 +350 -36: C:/MixVy/test/social_room_card_widget_test.dart: featured social room card shows entry focus cue
00:35 +351 -36: C:/MixVy/test/social_room_card_widget_test.dart: featured social room card shows entry focus cue
00:36 +352 -36: C:/MixVy/test/social_room_card_widget_test.dart: featured social room card shows entry focus cue
00:36 +353 -36: C:/MixVy/test/social_room_card_widget_test.dart: featured social room card shows entry focus cue
00:36 +354 -36: C:/MixVy/test/social_room_card_widget_test.dart: featured social room card shows entry focus cue
00:36 +355 -36: C:/MixVy/test/social_room_card_widget_test.dart: featured social room card shows entry focus cue
00:36 +356 -36: C:/MixVy/test/social_room_card_widget_test.dart: featured social room card shows entry focus cue
00:36 +356 -36: C:/MixVy/test/speed_dating_screen_test.dart: SpeedDatingService submitDecision returns match when both users like each other
[MixVy][INFO] [2026-05-06T21:48:31.964441] [SPEED_DATING MATCH_SUCCESS] A new match was created. userId=user-1 result=success matchId=user-1_user-2 targetUserId=user-2
00:36 +357 -36: C:/MixVy/test/social_room_card_widget_test.dart: featured social room card shows entry focus cue
00:36 +358 -36: C:/MixVy/test/social_room_card_widget_test.dart: featured social room card shows entry focus cue
00:36 +359 -36: C:/MixVy/test/social_room_card_widget_test.dart: featured social room card shows entry focus cue
00:36 +360 -36: C:/MixVy/test/social_room_card_widget_test.dart: non featured social room card keeps the focus cue hidden
00:36 +361 -36: C:/MixVy/test/social_room_card_widget_test.dart: compact social room card tells the room story
00:36 +362 -36: C:/MixVy/test/startup_redirect_stability_test.dart: startup redirect stability holds current route while legal state is unknown for signed-in users
00:37 +363 -36: C:/MixVy/test/stripe_web_payment_widget_test.dart: StripeWebPaymentWidget renders and shows button
00:37 +364 -36: C:/MixVy/test/stripe_web_payment_widget_test.dart: StripeWebPaymentWidget renders and shows button
00:37 +364 -36: C:/MixVy/test/startup_redirect_stability_test.dart: startup redirect stability redirects to auth when auth state flips signed-out after first stable route
══╡ EXCEPTION CAUGHT BY FLUTTER TEST FRAMEWORK ╞════════════════════════════════════════════════════
The following TestFailure was thrown running a test:
Expected: exactly one matching candidate
  Actual: _TextWidgetFinder:<Found 0 widgets with text "Auth Screen": []>
   Which: means none were found but one was expected

When the exception was thrown, this was the stack:
#4      main.<anonymous closure>.<anonymous closure> (file:///C:/MixVy/test/startup_redirect_stability_test.dart:227:9)
<asynchronous suspension>
#5      testWidgets.<anonymous closure>.<anonymous closure> (package:flutter_test/src/widget_tester.dart:192:15)
<asynchronous suspension>
#6      TestWidgetsFlutterBinding._runTestBody (package:flutter_test/src/binding.dart:1682:5)
<asynchronous suspension>
<asynchronous suspension>
(elided one frame from package:stack_trace)

This was caught by the test expectation on the following line:
  file:///C:/MixVy/test/startup_redirect_stability_test.dart line 227
The test description was:
  redirects to auth when auth state flips signed-out after first stable route
════════════════════════════════════════════════════════════════════════════════════════════════════
00:37 +364 -37: C:/MixVy/test/stripe_web_payment_widget_test.dart: StripeWebPaymentWidget renders and shows button
00:37 +364 -37: C:/MixVy/test/startup_redirect_stability_test.dart: startup redirect stability redirects to auth when auth state flips signed-out after first stable route [E]
  Test failed. See exception logs above.
  The test description was: redirects to auth when auth state flips signed-out after first stable route
  
00:37 +364 -37: C:/MixVy/test/stripe_web_payment_widget_test.dart: StripeWebPaymentWidget renders and shows button
00:37 +365 -37: C:/MixVy/test/stripe_web_payment_widget_test.dart: StripeWebPaymentWidget renders and shows button
00:37 +366 -37: C:/MixVy/test/stripe_web_payment_widget_test.dart: StripeWebPaymentWidget renders and shows button
00:37 +367 -37: C:/MixVy/test/stripe_web_payment_widget_test.dart: StripeWebPaymentWidget renders and shows button
00:37 +367 -38: C:/MixVy/test/stripe_web_payment_widget_test.dart: StripeWebPaymentWidget renders and shows button
00:37 +368 -38: C:/MixVy/test/stripe_web_payment_widget_test.dart: StripeWebPaymentWidget renders and shows button
00:37 +368 -38: C:/MixVy/test/trending_provider_test.dart: trendingPostsProvider returns empty list when no posts exist [E]
  Bad state: The provider AutoDisposeStreamProvider<List<PostModel>>#786e7 was disposed during loading state, yet no value could be emitted.
  package:riverpod/src/async_notifier/base.dart 451:22                  FutureHandlerProviderElementMixin.dispose
  package:riverpod/src/stream_provider/base.dart 170:11                 StreamProviderElement.dispose
  package:riverpod/src/framework/container.dart 321:13                  ProviderContainer._disposeProvider
  package:riverpod/src/framework/scheduler.dart 96:26                   _ProviderScheduler._performDispose
  package:riverpod/src/framework/scheduler.dart 51:5                    _ProviderScheduler._task
  ===== asynchronous gap ===========================
  dart:async                                                            _Completer.completeError
  package:riverpod/src/async_notifier/base.dart 449:19                  FutureHandlerProviderElementMixin.dispose
  package:riverpod/src/stream_provider/base.dart 170:11                 StreamProviderElement.dispose
  package:riverpod/src/framework/container.dart 321:13                  ProviderContainer._disposeProvider
  package:riverpod/src/framework/scheduler.dart 96:26                   _ProviderScheduler._performDispose
  package:riverpod/src/framework/scheduler.dart 51:5                    _ProviderScheduler._task
  ===== asynchronous gap ===========================
  dart:async                                                            new Future
  package:riverpod/src/framework/scheduler.dart 9:3                     _defaultVsync
  package:riverpod/src/framework/scheduler.dart 42:10                   _ProviderScheduler._scheduleTask
  package:riverpod/src/framework/scheduler.dart 75:5                    _ProviderScheduler.scheduleProviderDispose
  package:riverpod/src/framework/auto_dispose.dart 40:29                AutoDisposeProviderElementMixin.mayNeedDispose
  package:riverpod/src/framework/proxy_provider_listenable.dart 116:13  ProviderElementProxy.read
  package:riverpod/src/framework/container.dart 229:21                  ProviderContainer.read
  test\trending_provider_test.dart 30:23                                main.<fn>.<fn>
  
  A StreamLifecycleManager was used after being disposed.
  Once you have called dispose() on a StreamLifecycleManager, it can no longer be used.
  package:flutter/src/foundation/change_notifier.dart 182:9              ChangeNotifier.debugAssertNotDisposed.<fn>
  package:flutter/src/foundation/change_notifier.dart 189:6              ChangeNotifier.debugAssertNotDisposed
  package:flutter/src/foundation/change_notifier.dart 374:27             ChangeNotifier.dispose
  package:riverpod/src/run_guarded.dart 9:7                              runGuarded
  package:flutter_riverpod/src/change_notifier_provider/base.dart 223:7  ChangeNotifierProviderElement.runOnDispose
  package:riverpod/src/framework/element.dart 868:5                      ProviderElementBase.dispose
  package:riverpod/src/framework/container.dart 624:15                   ProviderContainer.dispose
  test\trending_provider_test.dart 27:30                                 main.<fn>.<fn>
  
00:38 +368 -39: C:/MixVy/test/stripe_web_payment_widget_test.dart: StripeWebPaymentWidget renders and shows button
00:38 +368 -39: C:/MixVy/test/trending_provider_test.dart: trendingPostsProvider returns posts created within last 7 days [E]
  A StreamLifecycleManager was used after being disposed.
  Once you have called dispose() on a StreamLifecycleManager, it can no longer be used.
  package:riverpod/src/framework/element.dart 739:20                      ProviderElementBase.watch
  package:mixvy/features/feed/providers/feed_providers.dart 28:25         postsFeedProvider.<fn>
  package:riverpod/src/framework/container.dart 229:21                    ProviderContainer.read
  test\trending_provider_test.dart 47:23                                  main.<fn>.<fn>
  package:test_api                                                        Invoker._waitForOutstandingCallbacks.<fn>
  package:flutter/src/foundation/change_notifier.dart 182:9               ChangeNotifier.debugAssertNotDisposed.<fn>
  package:flutter/src/foundation/change_notifier.dart 189:6               ChangeNotifier.debugAssertNotDisposed
  package:flutter/src/foundation/change_notifier.dart 271:27              ChangeNotifier.addListener
  package:flutter_riverpod/src/change_notifier_provider/base.dart 205:16  ChangeNotifierProviderElement.create
  package:riverpod/src/framework/element.dart 711:12                      ProviderElementBase.watch
  package:mixvy/features/feed/providers/feed_providers.dart 28:25         postsFeedProvider.<fn>
  package:riverpod/src/framework/container.dart 229:21                    ProviderContainer.read
  test\trending_provider_test.dart 47:23                                  main.<fn>.<fn>
  dart:async                                                              _CustomZone.registerUnaryCallback
  test\trending_provider_test.dart 37:7                                   main.<fn>.<fn>
  ===== asynchronous gap ===========================
  dart:async                                                              _BroadcastStreamController.addError
  package:riverpod/src/stream_provider/base.dart 203:25                   StreamProviderElement.onError
  package:riverpod/src/async_notifier/base.dart 400:7                     FutureHandlerProviderElementMixin._handleAsync
  package:riverpod/src/async_notifier/base.dart 287:5                     FutureHandlerProviderElementMixin.handleStream
  package:riverpod/src/stream_provider/base.dart 159:5                    StreamProviderElement.create
  package:riverpod/src/framework/element.dart 423:7                       ProviderElementBase.buildState
  package:riverpod/src/framework/element.dart 246:5                       ProviderElementBase.mount
  package:riverpod/src/framework/container.dart 47:11                     _StateReader._create
  package:riverpod/src/framework/container.dart 35:61                     _StateReader.getElement
  package:riverpod/src/framework/container.dart 442:40                    ProviderContainer.readProviderElement.<fn>
  package:riverpod/src/framework/container.dart 477:8                     ProviderContainer.readProviderElement
  package:riverpod/src/framework/proxy_provider_listenable.dart 114:26    ProviderElementProxy.read
  package:riverpod/src/framework/container.dart 229:21                    ProviderContainer.read
  test\trending_provider_test.dart 47:23                                  main.<fn>.<fn>
  ===== asynchronous gap ===========================
  dart:async                                                              _CustomZone.registerUnaryCallback
  test\trending_provider_test.dart 37:7                                   main.<fn>.<fn>
  
  A StreamLifecycleManager was used after being disposed.
  Once you have called dispose() on a StreamLifecycleManager, it can no longer be used.
  package:flutter/src/foundation/change_notifier.dart 182:9               ChangeNotifier.debugAssertNotDisposed.<fn>
  package:flutter/src/foundation/change_notifier.dart 189:6               ChangeNotifier.debugAssertNotDisposed
  package:flutter/src/foundation/change_notifier.dart 374:27              ChangeNotifier.dispose
  package:riverpod/src/run_guarded.dart 9:7                               runGuarded
  dart:core                                                               List.forEach
  package:riverpod/src/framework/element.dart 932:26                      ProviderElementBase.runOnDispose
  package:flutter_riverpod/src/change_notifier_provider/base.dart 215:11  ChangeNotifierProviderElement.runOnDispose
  package:riverpod/src/framework/element.dart 868:5                       ProviderElementBase.dispose
  package:riverpod/src/framework/container.dart 624:15                    ProviderContainer.dispose
  test\trending_provider_test.dart 27:30                                  main.<fn>.<fn>
  
  A StreamLifecycleManager was used after being disposed.
  Once you have called dispose() on a StreamLifecycleManager, it can no longer be used.
  package:flutter/src/foundation/change_notifier.dart 182:9              ChangeNotifier.debugAssertNotDisposed.<fn>
  package:flutter/src/foundation/change_notifier.dart 189:6              ChangeNotifier.debugAssertNotDisposed
  package:flutter/src/foundation/change_notifier.dart 374:27             ChangeNotifier.dispose
  package:riverpod/src/run_guarded.dart 9:7                              runGuarded
  package:flutter_riverpod/src/change_notifier_provider/base.dart 223:7  ChangeNotifierProviderElement.runOnDispose
  package:riverpod/src/framework/element.dart 868:5                      ProviderElementBase.dispose
  package:riverpod/src/framework/container.dart 624:15                   ProviderContainer.dispose
  test\trending_provider_test.dart 27:30                                 main.<fn>.<fn>
  
00:38 +368 -40: C:/MixVy/test/stripe_web_payment_widget_test.dart: StripeWebPaymentWidget renders and shows button
00:38 +368 -40: C:/MixVy/test/trending_provider_test.dart: trendingPostsProvider sorts by engagement score (likeCount + commentCount) [E]
  A StreamLifecycleManager was used after being disposed.
  Once you have called dispose() on a StreamLifecycleManager, it can no longer be used.
  package:riverpod/src/framework/element.dart 739:20                      ProviderElementBase.watch
  package:mixvy/features/feed/providers/feed_providers.dart 28:25         postsFeedProvider.<fn>
  package:riverpod/src/framework/container.dart 229:21                    ProviderContainer.read
  test\trending_provider_test.dart 75:23                                  main.<fn>.<fn>
  package:test_api                                                        Invoker._waitForOutstandingCallbacks.<fn>
  package:flutter/src/foundation/change_notifier.dart 182:9               ChangeNotifier.debugAssertNotDisposed.<fn>
  package:flutter/src/foundation/change_notifier.dart 189:6               ChangeNotifier.debugAssertNotDisposed
  package:flutter/src/foundation/change_notifier.dart 271:27              ChangeNotifier.addListener
  package:flutter_riverpod/src/change_notifier_provider/base.dart 205:16  ChangeNotifierProviderElement.create
  package:riverpod/src/framework/element.dart 711:12                      ProviderElementBase.watch
  package:mixvy/features/feed/providers/feed_providers.dart 28:25         postsFeedProvider.<fn>
  package:riverpod/src/framework/container.dart 229:21                    ProviderContainer.read
  test\trending_provider_test.dart 75:23                                  main.<fn>.<fn>
  dart:async                                                              _CustomZone.registerUnaryCallback
  test\trending_provider_test.dart 56:7                                   main.<fn>.<fn>
  ===== asynchronous gap ===========================
  dart:async                                                              _BroadcastStreamController.addError
  package:riverpod/src/stream_provider/base.dart 203:25                   StreamProviderElement.onError
  package:riverpod/src/async_notifier/base.dart 400:7                     FutureHandlerProviderElementMixin._handleAsync
  package:riverpod/src/async_notifier/base.dart 287:5                     FutureHandlerProviderElementMixin.handleStream
  package:riverpod/src/stream_provider/base.dart 159:5                    StreamProviderElement.create
  package:riverpod/src/framework/element.dart 423:7                       ProviderElementBase.buildState
  package:riverpod/src/framework/element.dart 246:5                       ProviderElementBase.mount
  package:riverpod/src/framework/container.dart 47:11                     _StateReader._create
  package:riverpod/src/framework/container.dart 35:61                     _StateReader.getElement
  package:riverpod/src/framework/container.dart 442:40                    ProviderContainer.readProviderElement.<fn>
  package:riverpod/src/framework/container.dart 477:8                     ProviderContainer.readProviderElement
  package:riverpod/src/framework/proxy_provider_listenable.dart 114:26    ProviderElementProxy.read
  package:riverpod/src/framework/container.dart 229:21                    ProviderContainer.read
  test\trending_provider_test.dart 75:23                                  main.<fn>.<fn>
  ===== asynchronous gap ===========================
  dart:async                                                              _CustomZone.registerUnaryCallback
  test\trending_provider_test.dart 56:7                                   main.<fn>.<fn>
  
  A StreamLifecycleManager was used after being disposed.
  Once you have called dispose() on a StreamLifecycleManager, it can no longer be used.
  package:flutter/src/foundation/change_notifier.dart 182:9               ChangeNotifier.debugAssertNotDisposed.<fn>
  package:flutter/src/foundation/change_notifier.dart 189:6               ChangeNotifier.debugAssertNotDisposed
  package:flutter/src/foundation/change_notifier.dart 374:27              ChangeNotifier.dispose
  package:riverpod/src/run_guarded.dart 9:7                               runGuarded
  dart:core                                                               List.forEach
  package:riverpod/src/framework/element.dart 932:26                      ProviderElementBase.runOnDispose
  package:flutter_riverpod/src/change_notifier_provider/base.dart 215:11  ChangeNotifierProviderElement.runOnDispose
  package:riverpod/src/framework/element.dart 868:5                       ProviderElementBase.dispose
  package:riverpod/src/framework/container.dart 624:15                    ProviderContainer.dispose
  test\trending_provider_test.dart 27:30                                  main.<fn>.<fn>
  
  A StreamLifecycleManager was used after being disposed.
  Once you have called dispose() on a StreamLifecycleManager, it can no longer be used.
  package:flutter/src/foundation/change_notifier.dart 182:9              ChangeNotifier.debugAssertNotDisposed.<fn>
  package:flutter/src/foundation/change_notifier.dart 189:6              ChangeNotifier.debugAssertNotDisposed
  package:flutter/src/foundation/change_notifier.dart 374:27             ChangeNotifier.dispose
  package:riverpod/src/run_guarded.dart 9:7                              runGuarded
  package:flutter_riverpod/src/change_notifier_provider/base.dart 223:7  ChangeNotifierProviderElement.runOnDispose
  package:riverpod/src/framework/element.dart 868:5                      ProviderElementBase.dispose
  package:riverpod/src/framework/container.dart 624:15                   ProviderContainer.dispose
  test\trending_provider_test.dart 27:30                                 main.<fn>.<fn>
  
00:38 +369 -40: C:/MixVy/test/stripe_web_payment_widget_test.dart: StripeWebPaymentWidget renders and shows button
00:38 +370 -40: C:/MixVy/test/stripe_web_payment_widget_test.dart: StripeWebPaymentWidget renders and shows button
00:38 +371 -40: C:/MixVy/test/stripe_web_payment_widget_test.dart: StripeWebPaymentWidget renders and shows button
00:38 +372 -40: C:/MixVy/test/stripe_web_payment_widget_test.dart: StripeWebPaymentWidget renders and shows button
00:38 +373 -40: C:/MixVy/test/validation_test.dart: Validation Test: ROOM_LOAD_VALIDATION
🧪 TEST SESSION STARTED: ROOM_LOAD_VALIDATION
[ROOM_LOAD_VALIDATION] Running typing storm for room: room_1
[ROOM_LOAD_VALIDATION] Running message burst for room: room_1
[ROOM_LOAD_VALIDATION] Running presence flap for user: user_1
[ROOM_LOAD_VALIDATION] Event recorded: type=SIM_EVENT, source=typing:room_1
[ROOM_LOAD_VALIDATION] Event recorded: type=SIM_EVENT, source=message:room_1
[ROOM_LOAD_VALIDATION] Event recorded: type=SIM_EVENT, source=presence:user_1
[ROOM_LOAD_VALIDATION] Event recorded: type=SIM_EVENT, source=message:room_1
[ROOM_LOAD_VALIDATION] Event recorded: type=SIM_EVENT, source=typing:room_1
[ROOM_LOAD_VALIDATION] Event recorded: type=SIM_EVENT, source=message:room_1
[ROOM_LOAD_VALIDATION] Event recorded: type=SIM_EVENT, source=typing:room_1
[ROOM_LOAD_VALIDATION] Event recorded: type=SIM_EVENT, source=message:room_1
00:38 +374 -40: C:/MixVy/test/validation_test.dart: Validation Test: ROOM_LOAD_VALIDATION
00:38 +375 -40: C:/MixVy/test/validation_test.dart: Validation Test: ROOM_LOAD_VALIDATION
[ROOM_LOAD_VALIDATION] Event recorded: type=SIM_EVENT, source=presence:user_1
00:38 +376 -40: C:/MixVy/test/validation_test.dart: Validation Test: ROOM_LOAD_VALIDATION
00:38 +377 -40: C:/MixVy/test/validation_test.dart: Validation Test: ROOM_LOAD_VALIDATION
00:38 +378 -40: C:/MixVy/test/validation_test.dart: Validation Test: ROOM_LOAD_VALIDATION
00:38 +379 -40: C:/MixVy/test/validation_test.dart: Validation Test: ROOM_LOAD_VALIDATION
00:38 +380 -40: C:/MixVy/test/validation_test.dart: Validation Test: ROOM_LOAD_VALIDATION
00:38 +381 -40: C:/MixVy/test/validation_test.dart: Validation Test: ROOM_LOAD_VALIDATION
[ROOM_LOAD_VALIDATION] Event recorded: type=SIM_EVENT, source=typing:room_1
[ROOM_LOAD_VALIDATION] Event recorded: type=SIM_EVENT, source=message:room_1
[ROOM_LOAD_VALIDATION] Event recorded: type=SIM_EVENT, source=message:room_1
[ROOM_LOAD_VALIDATION] Event recorded: type=SIM_EVENT, source=typing:room_1
[ROOM_LOAD_VALIDATION] Event recorded: type=SIM_EVENT, source=message:room_1
[ROOM_LOAD_VALIDATION] Event recorded: type=SIM_EVENT, source=typing:room_1
[ROOM_LOAD_VALIDATION] Event recorded: type=SIM_EVENT, source=presence:user_1
[ROOM_LOAD_VALIDATION] Event recorded: type=SIM_EVENT, source=message:room_1
[ROOM_LOAD_VALIDATION] Event recorded: type=SIM_EVENT, source=typing:room_1
[ROOM_LOAD_VALIDATION] Event recorded: type=SIM_EVENT, source=message:room_1
[ROOM_LOAD_VALIDATION] Event recorded: type=SIM_EVENT, source=message:room_1
[ROOM_LOAD_VALIDATION] Event recorded: type=SIM_EVENT, source=typing:room_1
[ROOM_LOAD_VALIDATION] Event recorded: type=SIM_EVENT, source=message:room_1
[ROOM_LOAD_VALIDATION] Event recorded: type=SIM_EVENT, source=presence:user_1
[ROOM_LOAD_VALIDATION] Event recorded: type=SIM_EVENT, source=typing:room_1
[ROOM_LOAD_VALIDATION] Event recorded: type=SIM_EVENT, source=message:room_1
[ROOM_LOAD_VALIDATION] Event recorded: type=SIM_EVENT, source=typing:room_1
[ROOM_LOAD_VALIDATION] Event recorded: type=SIM_EVENT, source=message:room_1
[ROOM_LOAD_VALIDATION] Event recorded: type=SIM_EVENT, source=message:room_1
[ROOM_LOAD_VALIDATION] Event recorded: type=SIM_EVENT, source=typing:room_1
[ROOM_LOAD_VALIDATION] Event recorded: type=SIM_EVENT, source=presence:user_1
[ROOM_LOAD_VALIDATION] Event recorded: type=SIM_EVENT, source=message:room_1
[ROOM_LOAD_VALIDATION] Event recorded: type=SIM_EVENT, source=typing:room_1
[ROOM_LOAD_VALIDATION] Event recorded: type=SIM_EVENT, source=message:room_1
[ROOM_LOAD_VALIDATION] Event recorded: type=SIM_EVENT, source=typing:room_1
[ROOM_LOAD_VALIDATION] Event recorded: type=SIM_EVENT, source=message:room_1
[ROOM_LOAD_VALIDATION] Event recorded: type=SIM_EVENT, source=presence:user_1
[ROOM_LOAD_VALIDATION] Event recorded: type=SIM_EVENT, source=message:room_1
[ROOM_LOAD_VALIDATION] Event recorded: type=SIM_EVENT, source=typing:room_1
[ROOM_LOAD_VALIDATION] Event recorded: type=SIM_EVENT, source=message:room_1
[ROOM_LOAD_VALIDATION] Event recorded: type=SIM_EVENT, source=typing:room_1
[ROOM_LOAD_VALIDATION] Event recorded: type=SIM_EVENT, source=message:room_1
[ROOM_LOAD_VALIDATION] Event recorded: type=SIM_EVENT, source=typing:room_1
[ROOM_LOAD_VALIDATION] Event recorded: type=SIM_EVENT, source=message:room_1
[ROOM_LOAD_VALIDATION] Event recorded: type=SIM_EVENT, source=presence:user_1
[ROOM_LOAD_VALIDATION] Event recorded: type=SIM_EVENT, source=message:room_1
[ROOM_LOAD_VALIDATION] Event recorded: type=SIM_EVENT, source=typing:room_1
[ROOM_LOAD_VALIDATION] Event recorded: type=SIM_EVENT, source=message:room_1
[ROOM_LOAD_VALIDATION] Event recorded: type=SIM_EVENT, source=typing:room_1
[ROOM_LOAD_VALIDATION] Event recorded: type=SIM_EVENT, source=message:room_1
[ROOM_LOAD_VALIDATION] Event recorded: type=SIM_EVENT, source=presence:user_1
[ROOM_LOAD_VALIDATION] Event recorded: type=SIM_EVENT, source=typing:room_1
[ROOM_LOAD_VALIDATION] Event recorded: type=SIM_EVENT, source=message:room_1
[ROOM_LOAD_VALIDATION] Event recorded: type=SIM_EVENT, source=message:room_1
[ROOM_LOAD_VALIDATION] Event recorded: type=SIM_EVENT, source=typing:room_1
[ROOM_LOAD_VALIDATION] Event recorded: type=SIM_EVENT, source=message:room_1
[ROOM_LOAD_VALIDATION] Event recorded: type=SIM_EVENT, source=presence:user_1
[ROOM_LOAD_VALIDATION] Event recorded: type=SIM_EVENT, source=message:room_1
[ROOM_LOAD_VALIDATION] Event recorded: type=SIM_EVENT, source=message:room_1
[ROOM_LOAD_VALIDATION] Event recorded: type=SIM_EVENT, source=message:room_1
[ROOM_LOAD_VALIDATION] Event recorded: type=SIM_EVENT, source=presence:user_1
🧪 TEST SESSION COMPLETE
📊 FINAL METRICS:
Listeners: {}
Rebuilds: {SIM:typing:room_1: 20, SIM:message:room_1: 30, SIM:presence:user_1: 10}
Alerts: 0
📊 EVENT TIMELINE:
1778122114069 | SIM_EVENT | typing:room_1 | Phase: ROOM_LOAD_VALIDATION
1778122114071 | SIM_EVENT | message:room_1 | Phase: ROOM_LOAD_VALIDATION
1778122114071 | SIM_EVENT | presence:user_1 | Phase: ROOM_LOAD_VALIDATION
1778122114218 | SIM_EVENT | message:room_1 | Phase: ROOM_LOAD_VALIDATION
1778122114266 | SIM_EVENT | typing:room_1 | Phase: ROOM_LOAD_VALIDATION
1778122114367 | SIM_EVENT | message:room_1 | Phase: ROOM_LOAD_VALIDATION
1778122114466 | SIM_EVENT | typing:room_1 | Phase: ROOM_LOAD_VALIDATION
1778122114518 | SIM_EVENT | message:room_1 | Phase: ROOM_LOAD_VALIDATION
1778122114570 | SIM_EVENT | presence:user_1 | Phase: ROOM_LOAD_VALIDATION
1778122114666 | SIM_EVENT | typing:room_1 | Phase: ROOM_LOAD_VALIDATION
1778122114668 | SIM_EVENT | message:room_1 | Phase: ROOM_LOAD_VALIDATION
1778122114817 | SIM_EVENT | message:room_1 | Phase: ROOM_LOAD_VALIDATION
1778122114866 | SIM_EVENT | typing:room_1 | Phase: ROOM_LOAD_VALIDATION
1778122114969 | SIM_EVENT | message:room_1 | Phase: ROOM_LOAD_VALIDATION
1778122115066 | SIM_EVENT | typing:room_1 | Phase: ROOM_LOAD_VALIDATION
1778122115069 | SIM_EVENT | presence:user_1 | Phase: ROOM_LOAD_VALIDATION
1778122115118 | SIM_EVENT | message:room_1 | Phase: ROOM_LOAD_VALIDATION
1778122115266 | SIM_EVENT | typing:room_1 | Phase: ROOM_LOAD_VALIDATION
1778122115268 | SIM_EVENT | message:room_1 | Phase: ROOM_LOAD_VALIDATION
1778122115418 | SIM_EVENT | message:room_1 | Phase: ROOM_LOAD_VALIDATION
1778122115466 | SIM_EVENT | typing:room_1 | Phase: ROOM_LOAD_VALIDATION
1778122115568 | SIM_EVENT | message:room_1 | Phase: ROOM_LOAD_VALIDATION
1778122115569 | SIM_EVENT | presence:user_1 | Phase: ROOM_LOAD_VALIDATION
1778122115666 | SIM_EVENT | typing:room_1 | Phase: ROOM_LOAD_VALIDATION
1778122115718 | SIM_EVENT | message:room_1 | Phase: ROOM_LOAD_VALIDATION
1778122115866 | SIM_EVENT | typing:room_1 | Phase: ROOM_LOAD_VALIDATION
1778122115868 | SIM_EVENT | message:room_1 | Phase: ROOM_LOAD_VALIDATION
1778122116017 | SIM_EVENT | message:room_1 | Phase: ROOM_LOAD_VALIDATION
1778122116066 | SIM_EVENT | typing:room_1 | Phase: ROOM_LOAD_VALIDATION
1778122116069 | SIM_EVENT | presence:user_1 | Phase: ROOM_LOAD_VALIDATION
1778122116167 | SIM_EVENT | message:room_1 | Phase: ROOM_LOAD_VALIDATION
1778122116266 | SIM_EVENT | typing:room_1 | Phase: ROOM_LOAD_VALIDATION
1778122116320 | SIM_EVENT | message:room_1 | Phase: ROOM_LOAD_VALIDATION
1778122116466 | SIM_EVENT | typing:room_1 | Phase: ROOM_LOAD_VALIDATION
1778122116469 | SIM_EVENT | message:room_1 | Phase: ROOM_LOAD_VALIDATION
1778122116570 | SIM_EVENT | presence:user_1 | Phase: ROOM_LOAD_VALIDATION
1778122116619 | SIM_EVENT | message:room_1 | Phase: ROOM_LOAD_VALIDATION
1778122116666 | SIM_EVENT | typing:room_1 | Phase: ROOM_LOAD_VALIDATION
1778122116769 | SIM_EVENT | message:room_1 | Phase: ROOM_LOAD_VALIDATION
1778122116867 | SIM_EVENT | typing:room_1 | Phase: ROOM_LOAD_VALIDATION
1778122116919 | SIM_EVENT | message:room_1 | Phase: ROOM_LOAD_VALIDATION
1778122117066 | SIM_EVENT | typing:room_1 | Phase: ROOM_LOAD_VALIDATION
1778122117069 | SIM_EVENT | message:room_1 | Phase: ROOM_LOAD_VALIDATION
1778122117069 | SIM_EVENT | presence:user_1 | Phase: ROOM_LOAD_VALIDATION
1778122117219 | SIM_EVENT | message:room_1 | Phase: ROOM_LOAD_VALIDATION
1778122117267 | SIM_EVENT | typing:room_1 | Phase: ROOM_LOAD_VALIDATION
1778122117369 | SIM_EVENT | message:room_1 | Phase: ROOM_LOAD_VALIDATION
1778122117469 | SIM_EVENT | typing:room_1 | Phase: ROOM_LOAD_VALIDATION
1778122117519 | SIM_EVENT | message:room_1 | Phase: ROOM_LOAD_VALIDATION
1778122117569 | SIM_EVENT | presence:user_1 | Phase: ROOM_LOAD_VALIDATION
1778122117668 | SIM_EVENT | typing:room_1 | Phase: ROOM_LOAD_VALIDATION
1778122117668 | SIM_EVENT | message:room_1 | Phase: ROOM_LOAD_VALIDATION
1778122117818 | SIM_EVENT | message:room_1 | Phase: ROOM_LOAD_VALIDATION
1778122117869 | SIM_EVENT | typing:room_1 | Phase: ROOM_LOAD_VALIDATION
1778122117969 | SIM_EVENT | message:room_1 | Phase: ROOM_LOAD_VALIDATION
1778122118069 | SIM_EVENT | presence:user_1 | Phase: ROOM_LOAD_VALIDATION
1778122118119 | SIM_EVENT | message:room_1 | Phase: ROOM_LOAD_VALIDATION
1778122118268 | SIM_EVENT | message:room_1 | Phase: ROOM_LOAD_VALIDATION
1778122118418 | SIM_EVENT | message:room_1 | Phase: ROOM_LOAD_VALIDATION
1778122118568 | SIM_EVENT | presence:user_1 | Phase: ROOM_LOAD_VALIDATION
00:43 +382 -40: Some tests failed.
